Archive member included to satisfy reference by file (symbol)

D:/STM32CubeIDE_1.18.0/STM32CubeIDE/plugins/com.st.stm32cube.ide.mcu.externaltools.gnu-tools-for-stm32.13.3.rel1.win32_1.0.0.202411081344/tools/bin/../lib/gcc/arm-none-eabi/13.3.1/../../../../arm-none-eabi/lib/thumb/v7e-m+fp/hard\libc_nano.a(libc_a-exit.o)
                              D:/STM32CubeIDE_1.18.0/STM32CubeIDE/plugins/com.st.stm32cube.ide.mcu.externaltools.gnu-tools-for-stm32.13.3.rel1.win32_1.0.0.202411081344/tools/bin/../lib/gcc/arm-none-eabi/13.3.1/../../../../arm-none-eabi/lib/thumb/v7e-m+fp/hard/crt0.o (exit)
D:/STM32CubeIDE_1.18.0/STM32CubeIDE/plugins/com.st.stm32cube.ide.mcu.externaltools.gnu-tools-for-stm32.13.3.rel1.win32_1.0.0.202411081344/tools/bin/../lib/gcc/arm-none-eabi/13.3.1/../../../../arm-none-eabi/lib/thumb/v7e-m+fp/hard\libc_nano.a(libc_a-malloc.o)
                              ./Core/ThreadSafe/newlib_lock_glue.o (malloc)
D:/STM32CubeIDE_1.18.0/STM32CubeIDE/plugins/com.st.stm32cube.ide.mcu.externaltools.gnu-tools-for-stm32.13.3.rel1.win32_1.0.0.202411081344/tools/bin/../lib/gcc/arm-none-eabi/13.3.1/../../../../arm-none-eabi/lib/thumb/v7e-m+fp/hard\libc_nano.a(libc_a-mallocr.o)
                              D:/STM32CubeIDE_1.18.0/STM32CubeIDE/plugins/com.st.stm32cube.ide.mcu.externaltools.gnu-tools-for-stm32.13.3.rel1.win32_1.0.0.202411081344/tools/bin/../lib/gcc/arm-none-eabi/13.3.1/../../../../arm-none-eabi/lib/thumb/v7e-m+fp/hard\libc_nano.a(libc_a-malloc.o) (_malloc_r)
D:/STM32CubeIDE_1.18.0/STM32CubeIDE/plugins/com.st.stm32cube.ide.mcu.externaltools.gnu-tools-for-stm32.13.3.rel1.win32_1.0.0.202411081344/tools/bin/../lib/gcc/arm-none-eabi/13.3.1/../../../../arm-none-eabi/lib/thumb/v7e-m+fp/hard\libc_nano.a(libc_a-mlock.o)
                              D:/STM32CubeIDE_1.18.0/STM32CubeIDE/plugins/com.st.stm32cube.ide.mcu.externaltools.gnu-tools-for-stm32.13.3.rel1.win32_1.0.0.202411081344/tools/bin/../lib/gcc/arm-none-eabi/13.3.1/../../../../arm-none-eabi/lib/thumb/v7e-m+fp/hard\libc_nano.a(libc_a-mallocr.o) (__malloc_lock)
D:/STM32CubeIDE_1.18.0/STM32CubeIDE/plugins/com.st.stm32cube.ide.mcu.externaltools.gnu-tools-for-stm32.13.3.rel1.win32_1.0.0.202411081344/tools/bin/../lib/gcc/arm-none-eabi/13.3.1/../../../../arm-none-eabi/lib/thumb/v7e-m+fp/hard\libc_nano.a(libc_a-findfp.o)
                              ./Middlewares/Third_Party/FreeRTOS/Source/tasks.o (__sf)
D:/STM32CubeIDE_1.18.0/STM32CubeIDE/plugins/com.st.stm32cube.ide.mcu.externaltools.gnu-tools-for-stm32.13.3.rel1.win32_1.0.0.202411081344/tools/bin/../lib/gcc/arm-none-eabi/13.3.1/../../../../arm-none-eabi/lib/thumb/v7e-m+fp/hard\libc_nano.a(libc_a-fwalk.o)
                              D:/STM32CubeIDE_1.18.0/STM32CubeIDE/plugins/com.st.stm32cube.ide.mcu.externaltools.gnu-tools-for-stm32.13.3.rel1.win32_1.0.0.202411081344/tools/bin/../lib/gcc/arm-none-eabi/13.3.1/../../../../arm-none-eabi/lib/thumb/v7e-m+fp/hard\libc_nano.a(libc_a-findfp.o) (_fwalk_sglue)
D:/STM32CubeIDE_1.18.0/STM32CubeIDE/plugins/com.st.stm32cube.ide.mcu.externaltools.gnu-tools-for-stm32.13.3.rel1.win32_1.0.0.202411081344/tools/bin/../lib/gcc/arm-none-eabi/13.3.1/../../../../arm-none-eabi/lib/thumb/v7e-m+fp/hard\libc_nano.a(libc_a-snprintf.o)
                              ./Middlewares/Third_Party/AL94_USB_Composite/COMPOSITE/Class/COMPOSITE/Src/usbd_composite.o (snprintf)
D:/STM32CubeIDE_1.18.0/STM32CubeIDE/plugins/com.st.stm32cube.ide.mcu.externaltools.gnu-tools-for-stm32.13.3.rel1.win32_1.0.0.202411081344/tools/bin/../lib/gcc/arm-none-eabi/13.3.1/../../../../arm-none-eabi/lib/thumb/v7e-m+fp/hard\libc_nano.a(libc_a-stdio.o)
                              D:/STM32CubeIDE_1.18.0/STM32CubeIDE/plugins/com.st.stm32cube.ide.mcu.externaltools.gnu-tools-for-stm32.13.3.rel1.win32_1.0.0.202411081344/tools/bin/../lib/gcc/arm-none-eabi/13.3.1/../../../../arm-none-eabi/lib/thumb/v7e-m+fp/hard\libc_nano.a(libc_a-findfp.o) (__sread)
D:/STM32CubeIDE_1.18.0/STM32CubeIDE/plugins/com.st.stm32cube.ide.mcu.externaltools.gnu-tools-for-stm32.13.3.rel1.win32_1.0.0.202411081344/tools/bin/../lib/gcc/arm-none-eabi/13.3.1/../../../../arm-none-eabi/lib/thumb/v7e-m+fp/hard\libc_nano.a(libc_a-memset.o)
                              D:/STM32CubeIDE_1.18.0/STM32CubeIDE/plugins/com.st.stm32cube.ide.mcu.externaltools.gnu-tools-for-stm32.13.3.rel1.win32_1.0.0.202411081344/tools/bin/../lib/gcc/arm-none-eabi/13.3.1/../../../../arm-none-eabi/lib/thumb/v7e-m+fp/hard/crt0.o (memset)
D:/STM32CubeIDE_1.18.0/STM32CubeIDE/plugins/com.st.stm32cube.ide.mcu.externaltools.gnu-tools-for-stm32.13.3.rel1.win32_1.0.0.202411081344/tools/bin/../lib/gcc/arm-none-eabi/13.3.1/../../../../arm-none-eabi/lib/thumb/v7e-m+fp/hard\libc_nano.a(libc_a-closer.o)
[...]
Memory Configuration

Name             Origin             Length             Attributes
RAM              0x20000000         0x00008000         xrw
FLASH            0x08000000         0x0001c000         xr
*default*        0x00000000         0xffffffff

Linker script and memory map

LOAD D:/STM32CubeIDE_1.18.0/STM32CubeIDE/plugins/com.st.stm32cube.ide.mcu.externaltools.gnu-tools-for-stm32.13.3.rel1.win32_1.0.0.202411081344/tools/bin/../lib/gcc/arm-none-eabi/13.3.1/thumb/v7e-m+fp/hard/crti.o
LOAD D:/STM32CubeIDE_1.18.0/STM32CubeIDE/plugins/com.st.stm32cube.ide.mcu.externaltools.gnu-tools-for-stm32.13.3.rel1.win32_1.0.0.202411081344/tools/bin/../lib/gcc/arm-none-eabi/13.3.1/thumb/v7e-m+fp/hard/crtbegin.o
LOAD D:/STM32CubeIDE_1.18.0/STM32CubeIDE/plugins/com.st.stm32cube.ide.mcu.externaltools.gnu-tools-for-stm32.13.3.rel1.win32_1.0.0.202411081344/tools/bin/../lib/gcc/arm-none-eabi/13.3.1/../../../../arm-none-eabi/lib/thumb/v7e-m+fp/hard/crt0.o
LOAD ./Core/Src/LED.o
LOAD ./Core/Src/app_freertos.o
LOAD ./Core/Src/button.o
LOAD ./Core/Src/capsense.o
LOAD ./Core/Src/dma.o
LOAD ./Core/Src/flash.o
LOAD ./Core/Src/gpio.o
LOAD ./Core/Src/main.o
LOAD ./Core/Src/slider.o
LOAD ./Core/Src/stack.o
LOAD ./Core/Src/stm32g4xx_hal_msp.o
LOAD ./Core/Src/stm32g4xx_hal_timebase_tim.o
LOAD ./Core/Src/stm32g4xx_it.o
LOAD ./Core/Src/syscalls.o
LOAD ./Core/Src/sysmem.o
LOAD ./Core/Src/system_stm32g4xx.o
LOAD ./Core/Src/tim.o
LOAD ./Core/Src/usart.o
LOAD ./Core/Src/usb.o
LOAD ./Core/Startup/startup_stm32g431cbux.o
LOAD ./Core/ThreadSafe/newlib_lock_glue.o
LOAD ./Drivers/STM32G4xx_HAL_Driver/Src/stm32g4xx_hal.o
LOAD ./Drivers/STM32G4xx_HAL_Driver/Src/stm32g4xx_hal_cortex.o
LOAD ./Drivers/STM32G4xx_HAL_Driver/Src/stm32g4xx_hal_dma.o
LOAD ./Drivers/STM32G4xx_HAL_Driver/Src/stm32g4xx_hal_dma_ex.o
LOAD ./Drivers/STM32G4xx_HAL_Driver/Src/stm32g4xx_hal_exti.o
LOAD ./Drivers/STM32G4xx_HAL_Driver/Src/stm32g4xx_hal_flash.o
LOAD ./Drivers/STM32G4xx_HAL_Driver/Src/stm32g4xx_hal_flash_ex.o
LOAD ./Drivers/STM32G4xx_HAL_Driver/Src/stm32g4xx_hal_flash_ramfunc.o
LOAD ./Drivers/STM32G4xx_HAL_Driver/Src/stm32g4xx_hal_gpio.o
LOAD ./Drivers/STM32G4xx_HAL_Driver/Src/stm32g4xx_hal_pcd.o
LOAD ./Drivers/STM32G4xx_HAL_Driver/Src/stm32g4xx_hal_pcd_ex.o
LOAD ./Drivers/STM32G4xx_HAL_Driver/Src/stm32g4xx_hal_pwr.o
LOAD ./Drivers/STM32G4xx_HAL_Driver/Src/stm32g4xx_hal_pwr_ex.o
LOAD ./Drivers/STM32G4xx_HAL_Driver/Src/stm32g4xx_hal_rcc.o
LOAD ./Drivers/STM32G4xx_HAL_Driver/Src/stm32g4xx_hal_rcc_ex.o
LOAD ./Drivers/STM32G4xx_HAL_Driver/Src/stm32g4xx_hal_tim.o
LOAD ./Drivers/STM32G4xx_HAL_Driver/Src/stm32g4xx_hal_tim_ex.o
LOAD ./Drivers/STM32G4xx_HAL_Driver/Src/stm32g4xx_hal_uart.o
LOAD ./Drivers/STM32G4xx_HAL_Driver/Src/stm32g4xx_hal_uart_ex.o
LOAD ./Drivers/STM32G4xx_HAL_Driver/Src/stm32g4xx_ll_usb.o
LOAD ./Middlewares/Third_Party/AL94_USB_Composite/COMPOSITE/App/usb_device.o
LOAD ./Middlewares/Third_Party/AL94_USB_Composite/COMPOSITE/App/usbd_cdc_acm_if.o
LOAD ./Middlewares/Third_Party/AL94_USB_Composite/COMPOSITE/App/usbd_desc.o
LOAD ./Middlewares/Third_Party/AL94_USB_Composite/COMPOSITE/Class/CDC_ACM/Src/usbd_cdc_acm.o
LOAD ./Middlewares/Third_Party/AL94_USB_Composite/COMPOSITE/Class/COMPOSITE/Src/usbd_composite.o
LOAD ./Middlewares/Third_Party/AL94_USB_Composite/COMPOSITE/Class/HID_KEYBOARD/Src/usbd_hid_keyboard.o
LOAD ./Middlewares/Third_Party/AL94_USB_Composite/COMPOSITE/Core/Src/usbd_core.o
LOAD ./Middlewares/Third_Party/AL94_USB_Composite/COMPOSITE/Core/Src/usbd_ctlreq.o
LOAD ./Middlewares/Third_Party/AL94_USB_Composite/COMPOSITE/Core/Src/usbd_ioreq.o
LOAD ./Middlewares/Third_Party/AL94_USB_Composite/COMPOSITE/Target/usbd_conf.o
LOAD ./Middlewares/Third_Party/FreeRTOS/Source/CMSIS_RTOS/cmsis_os.o
LOAD ./Middlewares/Third_Party/FreeRTOS/Source/croutine.o
LOAD ./Middlewares/Third_Party/FreeRTOS/Source/event_groups.o
LOAD ./Middlewares/Third_Party/FreeRTOS/Source/list.o
LOAD ./Middlewares/Third_Party/FreeRTOS/Source/queue.o
LOAD ./Middlewares/Third_Party/FreeRTOS/Source/stream_buffer.o
LOAD ./Middlewares/Third_Party/FreeRTOS/Source/tasks.o
LOAD ./Middlewares/Third_Party/FreeRTOS/Source/timers.o
LOAD ./Middlewares/Third_Party/FreeRTOS/Source/portable/GCC/ARM_CM4F/port.o
LOAD ./Middlewares/Third_Party/FreeRTOS/Source/portable/MemMang/heap_4.o
START GROUP
LOAD D:/STM32CubeIDE_1.18.0/STM32CubeIDE/plugins/com.st.stm32cube.ide.mcu.externaltools.gnu-tools-for-stm32.13.3.rel1.win32_1.0.0.202411081344/tools/bin/../lib/gcc/arm-none-eabi/13.3.1/../../../../arm-none-eabi/lib/thumb/v7e-m+fp/hard\libc_nano.a
LOAD D:/STM32CubeIDE_1.18.0/STM32CubeIDE/plugins/com.st.stm32cube.ide.mcu.externaltools.gnu-tools-for-stm32.13.3.rel1.win32_1.0.0.202411081344/tools/bin/../lib/gcc/arm-none-eabi/13.3.1/../../../../arm-none-eabi/lib/thumb/v7e-m+fp/hard\libm.a
END GROUP
START GROUP
LOAD D:/STM32CubeIDE_1.18.0/STM32CubeIDE/plugins/com.st.stm32cube.ide.mcu.externaltools.gnu-tools-for-stm32.13.3.rel1.win32_1.0.0.202411081344/tools/bin/../lib/gcc/arm-none-eabi/13.3.1/thumb/v7e-m+fp/hard\libgcc.a
LOAD D:/STM32CubeIDE_1.18.0/STM32CubeIDE/plugins/com.st.stm32cube.ide.mcu.externaltools.gnu-tools-for-stm32.13.3.rel1.win32_1.0.0.202411081344/tools/bin/../lib/gcc/arm-none-eabi/13.3.1/../../../../arm-none-eabi/lib/thumb/v7e-m+fp/hard\libc_nano.a
END GROUP
START GROUP
LOAD D:/STM32CubeIDE_1.18.0/STM32CubeIDE/plugins/com.st.stm32cube.ide.mcu.externaltools.gnu-tools-for-stm32.13.3.rel1.win32_1.0.0.202411081344/tools/bin/../lib/gcc/arm-none-eabi/13.3.1/thumb/v7e-m+fp/hard\libgcc.a
LOAD D:/STM32CubeIDE_1.18.0/STM32CubeIDE/plugins/com.st.stm32cube.ide.mcu.externaltools.gnu-tools-for-stm32.13.3.rel1.win32_1.0.0.202411081344/tools/bin/../lib/gcc/arm-none-eabi/13.3.1/../../../../arm-none-eabi/lib/thumb/v7e-m+fp/hard\libc_nano.a
LOAD D:/STM32CubeIDE_1.18.0/STM32CubeIDE/plugins/com.st.stm32cube.ide.mcu.externaltools.gnu-tools-for-stm32.13.3.rel1.win32_1.0.0.202411081344/tools/bin/../lib/gcc/arm-none-eabi/13.3.1/../../../../arm-none-eabi/lib/thumb/v7e-m+fp/hard\libnosys.a
END GROUP
START GROUP
LOAD D:/STM32CubeIDE_1.18.0/STM32CubeIDE/plugins/com.st.stm32cube.ide.mcu.externaltools.gnu-tools-for-stm32.13.3.rel1.win32_1.0.0.202411081344/tools/bin/../lib/gcc/arm-none-eabi/13.3.1/thumb/v7e-m+fp/hard\libgcc.a
LOAD D:/STM32CubeIDE_1.18.0/STM32CubeIDE/plugins/com.st.stm32cube.ide.mcu.externaltools.gnu-tools-for-stm32.13.3.rel1.win32_1.0.0.202411081344/tools/bin/../lib/gcc/arm-none-eabi/13.3.1/../../../../arm-none-eabi/lib/thumb/v7e-m+fp/hard\libc_nano.a
LOAD D:/STM32CubeIDE_1.18.0/STM32CubeIDE/plugins/com.st.stm32cube.ide.mcu.externaltools.gnu-tools-for-stm32.13.3.rel1.win32_1.0.0.202411081344/tools/bin/../lib/gcc/arm-none-eabi/13.3.1/../../../../arm-none-eabi/lib/thumb/v7e-m+fp/hard\libnosys.a
END GROUP
LOAD D:/STM32CubeIDE_1.18.0/STM32CubeIDE/plugins/com.st.stm32cube.ide.mcu.externaltools.gnu-tools-for-stm32.13.3.rel1.win32_1.0.0.202411081344/tools/bin/../lib/gcc/arm-none-eabi/13.3.1/thumb/v7e-m+fp/hard/crtend.o
LOAD D:/STM32CubeIDE_1.18.0/STM32CubeIDE/plugins/com.st.stm32cube.ide.mcu.externaltools.gnu-tools-for-stm32.13.3.rel1.win32_1.0.0.202411081344/tools/bin/../lib/gcc/arm-none-eabi/13.3.1/thumb/v7e-m+fp/hard/crtn.o
                0x20008000                        _estack = (ORIGIN (RAM) + LENGTH (RAM))
                0x00000600                        _Min_Heap_Size = 0x600
                0x00000800                        _Min_Stack_Size = 0x800

.isr_vector     0x08000000      0x1d8
                0x08000000                        . = ALIGN (0x4)
 *(.isr_vector)
 .isr_vector    0x08000000      0x1d8 ./Core/Startup/startup_stm32g431cbux.o
                0x08000000                g_pfnVectors
                0x080001d8                        . = ALIGN (0x4)

.text           0x080001e0     0xfa9c
                0x080001e0                        . = ALIGN (0x4)
 *(.text)
 .text          0x080001e0       0x40 D:/STM32CubeIDE_1.18.0/STM32CubeIDE/plugins/com.st.stm32cube.ide.mcu.externaltools.gnu-tools-for-stm32.13.3.rel1.win32_1.0.0.202411081344/tools/bin/../lib/gcc/arm-none-eabi/13.3.1/thumb/v7e-m+fp/hard/crtbegin.o
 .text          0x08000220       0xa0 D:/STM32CubeIDE_1.18.0/STM32CubeIDE/plugins/com.st.stm32cube.ide.mcu.externaltools.gnu-tools-for-stm32.13.3.rel1.win32_1.0.0.202411081344/tools/bin/../lib/gcc/arm-none-eabi/13.3.1/../../../../arm-none-eabi/lib/thumb/v7e-m+fp/hard\libc_nano.a(libc_a-memchr.o)
                0x08000220                memchr
 .text          0x080002c0       0x30 D:/STM32CubeIDE_1.18.0/STM32CubeIDE/plugins/com.st.stm32cube.ide.mcu.externaltools.gnu-tools-for-stm32.13.3.rel1.win32_1.0.0.202411081344/tools/bin/../lib/gcc/arm-none-eabi/13.3.1/thumb/v7e-m+fp/hard\libgcc.a(_aeabi_uldivmod.o)
                0x080002c0                __aeabi_uldivmod
 .text          0x080002f0      0x2f8 D:/STM32CubeIDE_1.18.0/STM32CubeIDE/plugins/com.st.stm32cube.ide.mcu.externaltools.gnu-tools-for-stm32.13.3.rel1.win32_1.0.0.202411081344/tools/bin/../lib/gcc/arm-none-eabi/13.3.1/thumb/v7e-m+fp/hard\libgcc.a(_udivmoddi4.o)
                0x080002f0                __udivmoddi4
 .text          0x080005e8        0x4 D:/STM32CubeIDE_1.18.0/STM32CubeIDE/plugins/com.st.stm32cube.ide.mcu.externaltools.gnu-tools-for-stm32.13.3.rel1.win32_1.0.0.202411081344/tools/bin/../lib/gcc/arm-none-eabi/13.3.1/thumb/v7e-m+fp/hard\libgcc.a(_dvmd_tls.o)
                0x080005e8                __aeabi_idiv0
                0x080005e8                __aeabi_ldiv0
 *(.text*)
 .text.LED_set  0x080005ec       0x64 ./Core/Src/LED.o
                0x080005ec                LED_set
 .text.LED_refresh
                0x08000650      0x13c ./Core/Src/LED.o
                0x08000650                LED_refresh
 .text.MX_FREERTOS_Init
                0x0800078c       0xb4 ./Core/Src/app_freertos.o
                0x0800078c                MX_FREERTOS_Init
 .text.Touch_Task
                0x08000840      0x218 ./Core/Src/app_freertos.o
                0x08000840                Touch_Task
 .text.Button_Task
                0x08000a58      0x168 ./Core/Src/app_freertos.o
                0x08000a58                Button_Task
 .text.Command_Task
                0x08000bc0      0x4d8 ./Core/Src/app_freertos.o
                0x08000bc0                Command_Task
 .text.LED_Task
                0x08001098       0xcc ./Core/Src/app_freertos.o
                0x08001098                LED_Task
 .text.button_init
                0x08001164       0x9c ./Core/Src/button.o
                0x08001164                button_init
 .text.button_scan
                0x08001200      0x13c ./Core/Src/button.o
                0x08001200                button_scan
 .text.HAL_UARTEx_RxEventCallback
                0x0800133c       0x78 ./Core/Src/capsense.o
                0x0800133c                HAL_UARTEx_RxEventCallback
 .text.capsense_init
                0x080013b4       0x80 ./Core/Src/capsense.o
                0x080013b4                capsense_init
 .text.capsense_check
                0x08001434       0x7c ./Core/Src/capsense.o
                0x08001434                capsense_check
 .text.MX_DMA_Init
                0x080014b0       0x7c ./Core/Src/dma.o
                0x080014b0                MX_DMA_Init
 .text.flash_write
                0x0800152c       0x74 ./Core/Src/flash.o
                0x0800152c                flash_write
 .text.flash_read
                0x080015a0       0x20 ./Core/Src/flash.o
                0x080015a0                flash_read
 .text.MX_GPIO_Init
                0x080015c0       0xe4 ./Core/Src/gpio.o
                0x080015c0                MX_GPIO_Init
 .text.main     0x080016a4       0x3c ./Core/Src/main.o
                0x080016a4                main
 .text.SystemClock_Config
                0x080016e0       0x9a ./Core/Src/main.o
                0x080016e0                SystemClock_Config
 .text.MX_NVIC_Init
                0x0800177a       0x28 ./Core/Src/main.o
 .text.HAL_TIM_PeriodElapsedCallback
                0x080017a2       0x1e ./Core/Src/main.o
                0x080017a2                HAL_TIM_PeriodElapsedCallback
 .text.Error_Handler
                0x080017c0        0xc ./Core/Src/main.o
                0x080017c0                Error_Handler
 .text.stack_flow_touch
                0x080017cc       0xa4 ./Core/Src/stack.o
                0x080017cc                stack_flow_touch
 .text.stack_flow_button
                0x08001870       0x74 ./Core/Src/stack.o
                0x08001870                stack_flow_button
 .text.HAL_MspInit
                0x080018e4       0x54 ./Core/Src/stm32g4xx_hal_msp.o
                0x080018e4                HAL_MspInit
 .text.HAL_InitTick
                0x08001938       0xd8 ./Core/Src/stm32g4xx_hal_timebase_tim.o
                0x08001938                HAL_InitTick
 .text.NMI_Handler
                0x08001a10        0x8 ./Core/Src/stm32g4xx_it.o
                0x08001a10                NMI_Handler
 .text.HardFault_Handler
                0x08001a18        0x8 ./Core/Src/stm32g4xx_it.o
                0x08001a18                HardFault_Handler
 .text.MemManage_Handler
                0x08001a20        0x8 ./Core/Src/stm32g4xx_it.o
                0x08001a20                MemManage_Handler
 .text.BusFault_Handler
                0x08001a28        0x8 ./Core/Src/stm32g4xx_it.o
                0x08001a28                BusFault_Handler
 .text.UsageFault_Handler
                0x08001a30        0x8 ./Core/Src/stm32g4xx_it.o
                0x08001a30                UsageFault_Handler
 .text.DebugMon_Handler
                0x08001a38        0xe ./Core/Src/stm32g4xx_it.o
                0x08001a38                DebugMon_Handler
 *fill*         0x08001a46        0x2 
 .text.DMA1_Channel1_IRQHandler
                0x08001a48       0x14 ./Core/Src/stm32g4xx_it.o
                0x08001a48                DMA1_Channel1_IRQHandler
 .text.USB_HP_IRQHandler
                0x08001a5c       0x14 ./Core/Src/stm32g4xx_it.o
                0x08001a5c                USB_HP_IRQHandler
 .text.USB_LP_IRQHandler
                0x08001a70       0x14 ./Core/Src/stm32g4xx_it.o
                0x08001a70                USB_LP_IRQHandler
 .text.TIM2_IRQHandler
                0x08001a84       0x14 ./Core/Src/stm32g4xx_it.o
                0x08001a84                TIM2_IRQHandler
 .text.USART1_IRQHandler
                0x08001a98       0x14 ./Core/Src/stm32g4xx_it.o
                0x08001a98                USART1_IRQHandler
 .text.UART4_IRQHandler
                0x08001aac       0x5c ./Core/Src/stm32g4xx_it.o
                0x08001aac                UART4_IRQHandler
 .text.DMA2_Channel1_IRQHandler
                0x08001b08       0x14 ./Core/Src/stm32g4xx_it.o
                0x08001b08                DMA2_Channel1_IRQHandler
 .text._sbrk    0x08001b1c       0x6c ./Core/Src/sysmem.o
                0x08001b1c                _sbrk
 .text.SystemInit
                0x08001b88       0x24 ./Core/Src/system_stm32g4xx.o
                0x08001b88                SystemInit
 .text.MX_TIM3_Init
                0x08001bac       0xb4 ./Core/Src/tim.o
                0x08001bac                MX_TIM3_Init
 .text.MX_TIM4_Init
                0x08001c60       0xe0 ./Core/Src/tim.o
                0x08001c60                MX_TIM4_Init
 .text.HAL_TIM_PWM_MspInit
                0x08001d40       0xc0 ./Core/Src/tim.o
                0x08001d40                HAL_TIM_PWM_MspInit
 .text.HAL_TIM_MspPostInit
                0x08001e00       0xb8 ./Core/Src/tim.o
                0x08001e00                HAL_TIM_MspPostInit
 .text.MX_UART4_Init
                0x08001eb8       0x98 ./Core/Src/usart.o
                0x08001eb8                MX_UART4_Init
 .text.MX_USART1_UART_Init
                0x08001f50       0x98 ./Core/Src/usart.o
                0x08001f50                MX_USART1_UART_Init
 .text.HAL_UART_MspInit
                0x08001fe8      0x1b0 ./Core/Src/usart.o
                0x08001fe8                HAL_UART_MspInit
 .text.MX_USB_PCD_Init
                0x08002198       0x50 ./Core/Src/usb.o
                0x08002198                MX_USB_PCD_Init
 .text.HAL_PCD_MspInit
                0x080021e8       0x68 ./Core/Src/usb.o
                0x080021e8                HAL_PCD_MspInit
 .text.Reset_Handler
                0x08002250       0x50 ./Core/Startup/startup_stm32g431cbux.o
                0x08002250                Reset_Handler
 .text.Default_Handler
                0x080022a0        0x2 ./Core/Startup/startup_stm32g431cbux.o
                0x080022a0                RTC_Alarm_IRQHandler
                0x080022a0                EXTI2_IRQHandler
                0x080022a0                TIM8_TRG_COM_IRQHandler
                0x080022a0                TIM8_CC_IRQHandler
                0x080022a0                TIM1_CC_IRQHandler
                0x080022a0                CORDIC_IRQHandler
                0x080022a0                EXTI3_IRQHandler
                0x080022a0                I2C3_ER_IRQHandler
                0x080022a0                EXTI0_IRQHandler
                0x080022a0                I2C2_EV_IRQHandler
                0x080022a0                FPU_IRQHandler
                0x080022a0                FDCAN1_IT1_IRQHandler
                0x080022a0                TIM1_UP_TIM16_IRQHandler
                0x080022a0                ADC1_2_IRQHandler
                0x080022a0                SPI1_IRQHandler
                0x080022a0                TIM6_DAC_IRQHandler
                0x080022a0                TIM8_UP_IRQHandler
                0x080022a0                DMA2_Channel2_IRQHandler
                0x080022a0                DMA1_Channel4_IRQHandler
                0x080022a0                USART3_IRQHandler
                0x080022a0                TIM4_IRQHandler
                0x080022a0                I2C1_EV_IRQHandler
                0x080022a0                DMA1_Channel6_IRQHandler
                0x080022a0                DMA2_Channel4_IRQHandler
                0x080022a0                TIM3_IRQHandler
                0x080022a0                RCC_IRQHandler
                0x080022a0                Default_Handler
                0x080022a0                RTC_TAMP_LSECSS_IRQHandler
                0x080022a0                FMAC_IRQHandler
                0x080022a0                EXTI15_10_IRQHandler
                0x080022a0                TIM7_IRQHandler
                0x080022a0                UCPD1_IRQHandler
                0x080022a0                I2C3_EV_IRQHandler
                0x080022a0                EXTI9_5_IRQHandler
                0x080022a0                RTC_WKUP_IRQHandler
                0x080022a0                PVD_PVM_IRQHandler
                0x080022a0                SPI2_IRQHandler
                0x080022a0                DMA2_Channel5_IRQHandler
                0x080022a0                CRS_IRQHandler
                0x080022a0                DMA1_Channel5_IRQHandler
                0x080022a0                EXTI4_IRQHandler
                0x080022a0                RNG_IRQHandler
                0x080022a0                TIM1_TRG_COM_TIM17_IRQHandler
                0x080022a0                DMA1_Channel3_IRQHandler
                0x080022a0                WWDG_IRQHandler
                0x080022a0                LPUART1_IRQHandler
                0x080022a0                DMA2_Channel6_IRQHandler
                0x080022a0                FDCAN1_IT0_IRQHandler
                0x080022a0                COMP1_2_3_IRQHandler
                0x080022a0                EXTI1_IRQHandler
                0x080022a0                USART2_IRQHandler
                0x080022a0                I2C2_ER_IRQHandler
                0x080022a0                DMA1_Channel2_IRQHandler
                0x080022a0                TIM8_BRK_IRQHandler
                0x080022a0                FLASH_IRQHandler
                0x080022a0                SPI3_IRQHandler
                0x080022a0                I2C1_ER_IRQHandler
                0x080022a0                LPTIM1_IRQHandler
                0x080022a0                DMAMUX_OVR_IRQHandler
                0x080022a0                USBWakeUp_IRQHandler
                0x080022a0                SAI1_IRQHandler
                0x080022a0                DMA2_Channel3_IRQHandler
                0x080022a0                COMP4_IRQHandler
                0x080022a0                TIM1_BRK_TIM15_IRQHandler
 .text.stm32_lock_acquire
                0x080022a2       0x64 ./Core/ThreadSafe/newlib_lock_glue.o
 .text.stm32_lock_release
                0x08002306       0x58 ./Core/ThreadSafe/newlib_lock_glue.o
 .text.__retarget_lock_acquire_recursive
                0x0800235e       0x2a ./Core/ThreadSafe/newlib_lock_glue.o
                0x0800235e                __retarget_lock_acquire_recursive
 .text.__retarget_lock_release_recursive
                0x08002388       0x2a ./Core/ThreadSafe/newlib_lock_glue.o
                0x08002388                __retarget_lock_release_recursive
 .text.HAL_Init
                0x080023b2       0x30 ./Drivers/STM32G4xx_HAL_Driver/Src/stm32g4xx_hal.o
                0x080023b2                HAL_Init
 *fill*         0x080023e2        0x2 
 .text.HAL_IncTick
                0x080023e4       0x24 ./Drivers/STM32G4xx_HAL_Driver/Src/stm32g4xx_hal.o
                0x080023e4                HAL_IncTick
 .text.HAL_GetTick
                0x08002408       0x18 ./Drivers/STM32G4xx_HAL_Driver/Src/stm32g4xx_hal.o
                0x08002408                HAL_GetTick
 .text.__NVIC_SetPriorityGrouping
                0x08002420       0x48 ./Drivers/STM32G4xx_HAL_Driver/Src/stm32g4xx_hal_cortex.o
 .text.__NVIC_GetPriorityGrouping
                0x08002468       0x1c ./Drivers/STM32G4xx_HAL_Driver/Src/stm32g4xx_hal_cortex.o
 .text.__NVIC_EnableIRQ
                0x08002484       0x3c ./Drivers/STM32G4xx_HAL_Driver/Src/stm32g4xx_hal_cortex.o
 .text.__NVIC_SetPriority
                0x080024c0       0x54 ./Drivers/STM32G4xx_HAL_Driver/Src/stm32g4xx_hal_cortex.o
 .text.NVIC_EncodePriority
                0x08002514       0x66 ./Drivers/STM32G4xx_HAL_Driver/Src/stm32g4xx_hal_cortex.o
 .text.HAL_NVIC_SetPriorityGrouping
                0x0800257a       0x16 ./Drivers/STM32G4xx_HAL_Driver/Src/stm32g4xx_hal_cortex.o
                0x0800257a                HAL_NVIC_SetPriorityGrouping
 .text.HAL_NVIC_SetPriority
                0x08002590       0x34 ./Drivers/STM32G4xx_HAL_Driver/Src/stm32g4xx_hal_cortex.o
                0x08002590                HAL_NVIC_SetPriority
 .text.HAL_NVIC_EnableIRQ
                0x080025c4       0x1c ./Drivers/STM32G4xx_HAL_Driver/Src/stm32g4xx_hal_cortex.o
                0x080025c4                HAL_NVIC_EnableIRQ
 .text.HAL_DMA_Init
                0x080025e0      0x150 ./Drivers/STM32G4xx_HAL_Driver/Src/stm32g4xx_hal_dma.o
                0x080025e0                HAL_DMA_Init
 .text.HAL_DMA_Start_IT
                0x08002730       0xf6 ./Drivers/STM32G4xx_HAL_Driver/Src/stm32g4xx_hal_dma.o
                0x08002730                HAL_DMA_Start_IT
 .text.HAL_DMA_Abort
                0x08002826       0xb2 ./Drivers/STM32G4xx_HAL_Driver/Src/stm32g4xx_hal_dma.o
                0x08002826                HAL_DMA_Abort
 .text.HAL_DMA_Abort_IT
                0x080028d8       0xce ./Drivers/STM32G4xx_HAL_Driver/Src/stm32g4xx_hal_dma.o
                0x080028d8                HAL_DMA_Abort_IT
 .text.HAL_DMA_IRQHandler
                0x080029a6      0x15e ./Drivers/STM32G4xx_HAL_Driver/Src/stm32g4xx_hal_dma.o
                0x080029a6                HAL_DMA_IRQHandler
 .text.HAL_DMA_GetError
                0x08002b04       0x18 ./Drivers/STM32G4xx_HAL_Driver/Src/stm32g4xx_hal_dma.o
                0x08002b04                HAL_DMA_GetError
 .text.DMA_SetConfig
                0x08002b1c       0x7c ./Drivers/STM32G4xx_HAL_Driver/Src/stm32g4xx_hal_dma.o
 .text.DMA_CalcDMAMUXChannelBaseAndMask
                0x08002b98       0x7c ./Drivers/STM32G4xx_HAL_Driver/Src/stm32g4xx_hal_dma.o
 .text.DMA_CalcDMAMUXRequestGenBaseAndMask
                0x08002c14       0x48 ./Drivers/STM32G4xx_HAL_Driver/Src/stm32g4xx_hal_dma.o
 .text.HAL_FLASH_Program
                0x08002c5c       0xd8 ./Drivers/STM32G4xx_HAL_Driver/Src/stm32g4xx_hal_flash.o
                0x08002c5c                HAL_FLASH_Program
 .text.HAL_FLASH_Unlock
                0x08002d34       0x44 ./Drivers/STM32G4xx_HAL_Driver/Src/stm32g4xx_hal_flash.o
                0x08002d34                HAL_FLASH_Unlock
 .text.HAL_FLASH_Lock
                0x08002d78       0x34 ./Drivers/STM32G4xx_HAL_Driver/Src/stm32g4xx_hal_flash.o
                0x08002d78                HAL_FLASH_Lock
 .text.FLASH_WaitForLastOperation
                0x08002dac       0xa4 ./Drivers/STM32G4xx_HAL_Driver/Src/stm32g4xx_hal_flash.o
                0x08002dac                FLASH_WaitForLastOperation
 .text.FLASH_Program_DoubleWord
                0x08002e50       0x4c ./Drivers/STM32G4xx_HAL_Driver/Src/stm32g4xx_hal_flash.o
 .text.FLASH_Program_Fast
                0x08002e9c       0x6c ./Drivers/STM32G4xx_HAL_Driver/Src/stm32g4xx_hal_flash.o
 .text.HAL_FLASHEx_Erase
                0x08002f08      0x130 ./Drivers/STM32G4xx_HAL_Driver/Src/stm32g4xx_hal_flash_ex.o
                0x08002f08                HAL_FLASHEx_Erase
 .text.FLASH_MassErase
                0x08003038       0x3c ./Drivers/STM32G4xx_HAL_Driver/Src/stm32g4xx_hal_flash_ex.o
 .text.FLASH_PageErase
                0x08003074       0x48 ./Drivers/STM32G4xx_HAL_Driver/Src/stm32g4xx_hal_flash_ex.o
                0x08003074                FLASH_PageErase
 .text.FLASH_FlushCaches
                0x080030bc       0x94 ./Drivers/STM32G4xx_HAL_Driver/Src/stm32g4xx_hal_flash_ex.o
                0x080030bc                FLASH_FlushCaches
 .text.HAL_GPIO_Init
                0x08003150      0x304 ./Drivers/STM32G4xx_HAL_Driver/Src/stm32g4xx_hal_gpio.o
                0x08003150                HAL_GPIO_Init
 .text.HAL_GPIO_ReadPin
                0x08003454       0x30 ./Drivers/STM32G4xx_HAL_Driver/Src/stm32g4xx_hal_gpio.o
                0x08003454                HAL_GPIO_ReadPin
 .text.HAL_GPIO_WritePin
                0x08003484       0x30 ./Drivers/STM32G4xx_HAL_Driver/Src/stm32g4xx_hal_gpio.o
                0x08003484                HAL_GPIO_WritePin
 .text.HAL_PCD_Init
                0x080034b4      0x19c ./Drivers/STM32G4xx_HAL_Driver/Src/stm32g4xx_hal_pcd.o
                0x080034b4                HAL_PCD_Init
 .text.HAL_PCD_Start
                0x08003650       0x44 ./Drivers/STM32G4xx_HAL_Driver/Src/stm32g4xx_hal_pcd.o
                0x08003650                HAL_PCD_Start
 .text.HAL_PCD_IRQHandler
                0x08003694      0x24e ./Drivers/STM32G4xx_HAL_Driver/Src/stm32g4xx_hal_pcd.o
                0x08003694                HAL_PCD_IRQHandler
 .text.HAL_PCD_SetAddress
                0x080038e2       0x48 ./Drivers/STM32G4xx_HAL_Driver/Src/stm32g4xx_hal_pcd.o
                0x080038e2                HAL_PCD_SetAddress
 .text.HAL_PCD_EP_Open
                0x0800392a       0xbe ./Drivers/STM32G4xx_HAL_Driver/Src/stm32g4xx_hal_pcd.o
                0x0800392a                HAL_PCD_EP_Open
 .text.HAL_PCD_EP_Close
                0x080039e8       0x90 ./Drivers/STM32G4xx_HAL_Driver/Src/stm32g4xx_hal_pcd.o
                0x080039e8                HAL_PCD_EP_Close
 .text.HAL_PCD_EP_Receive
                0x08003a78       0x62 ./Drivers/STM32G4xx_HAL_Driver/Src/stm32g4xx_hal_pcd.o
                0x08003a78                HAL_PCD_EP_Receive
 .text.HAL_PCD_EP_GetRxCount
                0x08003ada       0x30 ./Drivers/STM32G4xx_HAL_Driver/Src/stm32g4xx_hal_pcd.o
                0x08003ada                HAL_PCD_EP_GetRxCount
 .text.HAL_PCD_EP_Transmit
                0x08003b0a       0x6e ./Drivers/STM32G4xx_HAL_Driver/Src/stm32g4xx_hal_pcd.o
                0x08003b0a                HAL_PCD_EP_Transmit
 .text.HAL_PCD_EP_SetStall
                0x08003b78       0xa4 ./Drivers/STM32G4xx_HAL_Driver/Src/stm32g4xx_hal_pcd.o
                0x08003b78                HAL_PCD_EP_SetStall
 .text.HAL_PCD_EP_ClrStall
                0x08003c1c       0xa8 ./Drivers/STM32G4xx_HAL_Driver/Src/stm32g4xx_hal_pcd.o
                0x08003c1c                HAL_PCD_EP_ClrStall
 .text.PCD_EP_ISR_Handler
                0x08003cc4      0x68e ./Drivers/STM32G4xx_HAL_Driver/Src/stm32g4xx_hal_pcd.o
 .text.HAL_PCD_EP_DB_Receive
                0x08004352      0x212 ./Drivers/STM32G4xx_HAL_Driver/Src/stm32g4xx_hal_pcd.o
 .text.HAL_PCD_EP_DB_Transmit
                0x08004564      0x878 ./Drivers/STM32G4xx_HAL_Driver/Src/stm32g4xx_hal_pcd.o
 .text.HAL_PCDEx_PMAConfig
                0x08004ddc       0x86 ./Drivers/STM32G4xx_HAL_Driver/Src/stm32g4xx_hal_pcd_ex.o
                0x08004ddc                HAL_PCDEx_PMAConfig
 .text.HAL_PCDEx_ActivateLPM
                0x08004e62       0x54 ./Drivers/STM32G4xx_HAL_Driver/Src/stm32g4xx_hal_pcd_ex.o
                0x08004e62                HAL_PCDEx_ActivateLPM
 .text.HAL_PCDEx_LPM_Callback
                0x08004eb6       0x18 ./Drivers/STM32G4xx_HAL_Driver/Src/stm32g4xx_hal_pcd_ex.o
                0x08004eb6                HAL_PCDEx_LPM_Callback
 *fill*         0x08004ece        0x2 
 .text.HAL_PWREx_ControlVoltageScaling
                0x08004ed0      0x148 ./Drivers/STM32G4xx_HAL_Driver/Src/stm32g4xx_hal_pwr_ex.o
                0x08004ed0                HAL_PWREx_ControlVoltageScaling
 .text.HAL_PWREx_DisableUCPDDeadBattery
                0x08005018       0x20 ./Drivers/STM32G4xx_HAL_Driver/Src/stm32g4xx_hal_pwr_ex.o
                0x08005018                HAL_PWREx_DisableUCPDDeadBattery
 .text.HAL_RCC_OscConfig
                0x08005038      0x624 ./Drivers/STM32G4xx_HAL_Driver/Src/stm32g4xx_hal_rcc.o
                0x08005038                HAL_RCC_OscConfig
 .text.HAL_RCC_ClockConfig
                0x0800565c      0x278 ./Drivers/STM32G4xx_HAL_Driver/Src/stm32g4xx_hal_rcc.o
                0x0800565c                HAL_RCC_ClockConfig
 .text.HAL_RCC_GetSysClockFreq
                0x080058d4       0xc4 ./Drivers/STM32G4xx_HAL_Driver/Src/stm32g4xx_hal_rcc.o
                0x080058d4                HAL_RCC_GetSysClockFreq
 .text.HAL_RCC_GetHCLKFreq
                0x08005998       0x18 ./Drivers/STM32G4xx_HAL_Driver/Src/stm32g4xx_hal_rcc.o
                0x08005998                HAL_RCC_GetHCLKFreq
 .text.HAL_RCC_GetPCLK1Freq
                0x080059b0       0x2c ./Drivers/STM32G4xx_HAL_Driver/Src/stm32g4xx_hal_rcc.o
                0x080059b0                HAL_RCC_GetPCLK1Freq
 .text.HAL_RCC_GetPCLK2Freq
                0x080059dc       0x2c ./Drivers/STM32G4xx_HAL_Driver/Src/stm32g4xx_hal_rcc.o
                0x080059dc                HAL_RCC_GetPCLK2Freq
 .text.HAL_RCC_GetClockConfig
                0x08005a08       0x64 ./Drivers/STM32G4xx_HAL_Driver/Src/stm32g4xx_hal_rcc.o
                0x08005a08                HAL_RCC_GetClockConfig
 .text.RCC_GetSysClockFreqFromPLLSource
                0x08005a6c       0x8c ./Drivers/STM32G4xx_HAL_Driver/Src/stm32g4xx_hal_rcc.o
 .text.HAL_RCCEx_PeriphCLKConfig
                0x08005af8      0x3e0 ./Drivers/STM32G4xx_HAL_Driver/Src/stm32g4xx_hal_rcc_ex.o
                0x08005af8                HAL_RCCEx_PeriphCLKConfig
 .text.HAL_TIM_Base_Init
                0x08005ed8       0xae ./Drivers/STM32G4xx_HAL_Driver/Src/stm32g4xx_hal_tim.o
                0x08005ed8                HAL_TIM_Base_Init
 .text.HAL_TIM_Base_MspInit
                0x08005f86       0x14 ./Drivers/STM32G4xx_HAL_Driver/Src/stm32g4xx_hal_tim.o
                0x08005f86                HAL_TIM_Base_MspInit
 *fill*         0x08005f9a        0x2 
 .text.HAL_TIM_Base_Start_IT
                0x08005f9c       0xd4 ./Drivers/STM32G4xx_HAL_Driver/Src/stm32g4xx_hal_tim.o
                0x08005f9c                HAL_TIM_Base_Start_IT
 .text.HAL_TIM_PWM_Init
                0x08006070       0xae ./Drivers/STM32G4xx_HAL_Driver/Src/stm32g4xx_hal_tim.o
                0x08006070                HAL_TIM_PWM_Init
 *fill*         0x0800611e        0x2 
 .text.HAL_TIM_PWM_Start
                0x08006120      0x200 ./Drivers/STM32G4xx_HAL_Driver/Src/stm32g4xx_hal_tim.o
                0x08006120                HAL_TIM_PWM_Start
 .text.HAL_TIM_PWM_Start_DMA
                0x08006320      0x430 ./Drivers/STM32G4xx_HAL_Driver/Src/stm32g4xx_hal_tim.o
                0x08006320                HAL_TIM_PWM_Start_DMA
 .text.HAL_TIM_IRQHandler
                0x08006750      0x29e ./Drivers/STM32G4xx_HAL_Driver/Src/stm32g4xx_hal_tim.o
                0x08006750                HAL_TIM_IRQHandler
 *fill*         0x080069ee        0x2 
 .text.HAL_TIM_PWM_ConfigChannel
                0x080069f0      0x228 ./Drivers/STM32G4xx_HAL_Driver/Src/stm32g4xx_hal_tim.o
                0x080069f0                HAL_TIM_PWM_ConfigChannel
 .text.HAL_TIM_OC_DelayElapsedCallback
                0x08006c18       0x14 ./Drivers/STM32G4xx_HAL_Driver/Src/stm32g4xx_hal_tim.o
                0x08006c18                HAL_TIM_OC_DelayElapsedCallback
 .text.HAL_TIM_IC_CaptureCallback
                0x08006c2c       0x14 ./Drivers/STM32G4xx_HAL_Driver/Src/stm32g4xx_hal_tim.o
                0x08006c2c                HAL_TIM_IC_CaptureCallback
 .text.HAL_TIM_PWM_PulseFinishedCallback
                0x08006c40       0x14 ./Drivers/STM32G4xx_HAL_Driver/Src/stm32g4xx_hal_tim.o
                0x08006c40                HAL_TIM_PWM_PulseFinishedCallback
 .text.HAL_TIM_PWM_PulseFinishedHalfCpltCallback
                0x08006c54       0x14 ./Drivers/STM32G4xx_HAL_Driver/Src/stm32g4xx_hal_tim.o
                0x08006c54                HAL_TIM_PWM_PulseFinishedHalfCpltCallback
 .text.HAL_TIM_TriggerCallback
                0x08006c68       0x14 ./Drivers/STM32G4xx_HAL_Driver/Src/stm32g4xx_hal_tim.o
                0x08006c68                HAL_TIM_TriggerCallback
 .text.HAL_TIM_ErrorCallback
                0x08006c7c       0x14 ./Drivers/STM32G4xx_HAL_Driver/Src/stm32g4xx_hal_tim.o
                0x08006c7c                HAL_TIM_ErrorCallback
 .text.TIM_DMAError
                0x08006c90       0x92 ./Drivers/STM32G4xx_HAL_Driver/Src/stm32g4xx_hal_tim.o
                0x08006c90                TIM_DMAError
 .text.TIM_DMADelayPulseCplt
                0x08006d22       0xa8 ./Drivers/STM32G4xx_HAL_Driver/Src/stm32g4xx_hal_tim.o
 .text.TIM_DMADelayPulseHalfCplt
                0x08006dca       0x68 ./Drivers/STM32G4xx_HAL_Driver/Src/stm32g4xx_hal_tim.o
                0x08006dca                TIM_DMADelayPulseHalfCplt
 *fill*         0x08006e32        0x2 
 .text.TIM_Base_SetConfig
                0x08006e34      0x138 ./Drivers/STM32G4xx_HAL_Driver/Src/stm32g4xx_hal_tim.o
                0x08006e34                TIM_Base_SetConfig
 .text.TIM_OC1_SetConfig
                0x08006f6c      0x120 ./Drivers/STM32G4xx_HAL_Driver/Src/stm32g4xx_hal_tim.o
 .text.TIM_OC2_SetConfig
                0x0800708c      0x114 ./Drivers/STM32G4xx_HAL_Driver/Src/stm32g4xx_hal_tim.o
                0x0800708c                TIM_OC2_SetConfig
 .text.TIM_OC3_SetConfig
                0x080071a0      0x110 ./Drivers/STM32G4xx_HAL_Driver/Src/stm32g4xx_hal_tim.o
 .text.TIM_OC4_SetConfig
                0x080072b0      0x114 ./Drivers/STM32G4xx_HAL_Driver/Src/stm32g4xx_hal_tim.o
 .text.TIM_OC5_SetConfig
                0x080073c4       0xc8 ./Drivers/STM32G4xx_HAL_Driver/Src/stm32g4xx_hal_tim.o
 .text.TIM_OC6_SetConfig
                0x0800748c       0xcc ./Drivers/STM32G4xx_HAL_Driver/Src/stm32g4xx_hal_tim.o
 .text.TIM_CCxChannelCmd
                0x08007558       0x4a ./Drivers/STM32G4xx_HAL_Driver/Src/stm32g4xx_hal_tim.o
                0x08007558                TIM_CCxChannelCmd
 *fill*         0x080075a2        0x2 
 .text.HAL_TIMEx_MasterConfigSynchronization
                0x080075a4      0x104 ./Drivers/STM32G4xx_HAL_Driver/Src/stm32g4xx_hal_tim_ex.o
                0x080075a4                HAL_TIMEx_MasterConfigSynchronization
 .text.HAL_TIMEx_CommutCallback
                0x080076a8       0x14 ./Drivers/STM32G4xx_HAL_Driver/Src/stm32g4xx_hal_tim_ex.o
                0x080076a8                HAL_TIMEx_CommutCallback
 .text.HAL_TIMEx_BreakCallback
                0x080076bc       0x14 ./Drivers/STM32G4xx_HAL_Driver/Src/stm32g4xx_hal_tim_ex.o
                0x080076bc                HAL_TIMEx_BreakCallback
 .text.HAL_TIMEx_Break2Callback
                0x080076d0       0x14 ./Drivers/STM32G4xx_HAL_Driver/Src/stm32g4xx_hal_tim_ex.o
                0x080076d0                HAL_TIMEx_Break2Callback
 .text.HAL_TIMEx_EncoderIndexCallback
                0x080076e4       0x14 ./Drivers/STM32G4xx_HAL_Driver/Src/stm32g4xx_hal_tim_ex.o
                0x080076e4                HAL_TIMEx_EncoderIndexCallback
 .text.HAL_TIMEx_DirectionChangeCallback
                0x080076f8       0x14 ./Drivers/STM32G4xx_HAL_Driver/Src/stm32g4xx_hal_tim_ex.o
                0x080076f8                HAL_TIMEx_DirectionChangeCallback
 .text.HAL_TIMEx_IndexErrorCallback
                0x0800770c       0x14 ./Drivers/STM32G4xx_HAL_Driver/Src/stm32g4xx_hal_tim_ex.o
                0x0800770c                HAL_TIMEx_IndexErrorCallback
 .text.HAL_TIMEx_TransitionErrorCallback
                0x08007720       0x14 ./Drivers/STM32G4xx_HAL_Driver/Src/stm32g4xx_hal_tim_ex.o
                0x08007720                HAL_TIMEx_TransitionErrorCallback
 .text.HAL_UART_Init
                0x08007734       0xa0 ./Drivers/STM32G4xx_HAL_Driver/Src/stm32g4xx_hal_uart.o
                0x08007734                HAL_UART_Init
 .text.HAL_UART_Receive_DMA
                0x080077d4       0x98 ./Drivers/STM32G4xx_HAL_Driver/Src/stm32g4xx_hal_uart.o
                0x080077d4                HAL_UART_Receive_DMA
 .text.HAL_UART_DMAStop
                0x0800786c      0x12c ./Drivers/STM32G4xx_HAL_Driver/Src/stm32g4xx_hal_uart.o
                0x0800786c                HAL_UART_DMAStop
 .text.HAL_UART_IRQHandler
                0x08007998      0x684 ./Drivers/STM32G4xx_HAL_Driver/Src/stm32g4xx_hal_uart.o
                0x08007998                HAL_UART_IRQHandler
 .text.HAL_UART_TxCpltCallback
                0x0800801c       0x14 ./Drivers/STM32G4xx_HAL_Driver/Src/stm32g4xx_hal_uart.o
                0x0800801c                HAL_UART_TxCpltCallback
 .text.HAL_UART_RxCpltCallback
                0x08008030       0x14 ./Drivers/STM32G4xx_HAL_Driver/Src/stm32g4xx_hal_uart.o
                0x08008030                HAL_UART_RxCpltCallback
 .text.HAL_UART_RxHalfCpltCallback
                0x08008044       0x14 ./Drivers/STM32G4xx_HAL_Driver/Src/stm32g4xx_hal_uart.o
                0x08008044                HAL_UART_RxHalfCpltCallback
 .text.HAL_UART_ErrorCallback
                0x08008058       0x14 ./Drivers/STM32G4xx_HAL_Driver/Src/stm32g4xx_hal_uart.o
                0x08008058                HAL_UART_ErrorCallback
 .text.UART_SetConfig
                0x0800806c      0x598 ./Drivers/STM32G4xx_HAL_Driver/Src/stm32g4xx_hal_uart.o
                0x0800806c                UART_SetConfig
 .text.UART_AdvFeatureConfig
                0x08008604      0x144 ./Drivers/STM32G4xx_HAL_Driver/Src/stm32g4xx_hal_uart.o
                0x08008604                UART_AdvFeatureConfig
 .text.UART_CheckIdleState
                0x08008748      0x154 ./Drivers/STM32G4xx_HAL_Driver/Src/stm32g4xx_hal_uart.o
                0x08008748                UART_CheckIdleState
 .text.UART_WaitOnFlagUntilTimeout
                0x0800889c       0xda ./Drivers/STM32G4xx_HAL_Driver/Src/stm32g4xx_hal_uart.o
                0x0800889c                UART_WaitOnFlagUntilTimeout
 *fill*         0x08008976        0x2 
 .text.UART_Start_Receive_DMA
                0x08008978      0x14c ./Drivers/STM32G4xx_HAL_Driver/Src/stm32g4xx_hal_uart.o
                0x08008978                UART_Start_Receive_DMA
 .text.UART_EndTxTransfer
                0x08008ac4       0x82 ./Drivers/STM32G4xx_HAL_Driver/Src/stm32g4xx_hal_uart.o
 .text.UART_EndRxTransfer
                0x08008b46       0xcc ./Drivers/STM32G4xx_HAL_Driver/Src/stm32g4xx_hal_uart.o
 .text.UART_DMAReceiveCplt
                0x08008c12      0x12c ./Drivers/STM32G4xx_HAL_Driver/Src/stm32g4xx_hal_uart.o
 .text.UART_DMARxHalfCplt
                0x08008d3e       0x3e ./Drivers/STM32G4xx_HAL_Driver/Src/stm32g4xx_hal_uart.o
 .text.UART_DMAError
                0x08008d7c       0x80 ./Drivers/STM32G4xx_HAL_Driver/Src/stm32g4xx_hal_uart.o
 .text.UART_DMAAbortOnError
                0x08008dfc       0x24 ./Drivers/STM32G4xx_HAL_Driver/Src/stm32g4xx_hal_uart.o
 .text.UART_EndTransmit_IT
                0x08008e20       0x56 ./Drivers/STM32G4xx_HAL_Driver/Src/stm32g4xx_hal_uart.o
 .text.HAL_UARTEx_WakeupCallback
                0x08008e76       0x14 ./Drivers/STM32G4xx_HAL_Driver/Src/stm32g4xx_hal_uart_ex.o
                0x08008e76                HAL_UARTEx_WakeupCallback
 .text.HAL_UARTEx_RxFifoFullCallback
                0x08008e8a       0x14 ./Drivers/STM32G4xx_HAL_Driver/Src/stm32g4xx_hal_uart_ex.o
                0x08008e8a                HAL_UARTEx_RxFifoFullCallback
 .text.HAL_UARTEx_TxFifoEmptyCallback
                0x08008e9e       0x14 ./Drivers/STM32G4xx_HAL_Driver/Src/stm32g4xx_hal_uart_ex.o
                0x08008e9e                HAL_UARTEx_TxFifoEmptyCallback
 .text.HAL_UARTEx_DisableFifoMode
                0x08008eb2       0x72 ./Drivers/STM32G4xx_HAL_Driver/Src/stm32g4xx_hal_uart_ex.o
                0x08008eb2                HAL_UARTEx_DisableFifoMode
 .text.HAL_UARTEx_SetTxFifoThreshold
                0x08008f24       0x7c ./Drivers/STM32G4xx_HAL_Driver/Src/stm32g4xx_hal_uart_ex.o
                0x08008f24                HAL_UARTEx_SetTxFifoThreshold
 .text.HAL_UARTEx_SetRxFifoThreshold
                0x08008fa0       0x7c ./Drivers/STM32G4xx_HAL_Driver/Src/stm32g4xx_hal_uart_ex.o
                0x08008fa0                HAL_UARTEx_SetRxFifoThreshold
 .text.HAL_UARTEx_ReceiveToIdle_DMA
                0x0800901c       0xa8 ./Drivers/STM32G4xx_HAL_Driver/Src/stm32g4xx_hal_uart_ex.o
                0x0800901c                HAL_UARTEx_ReceiveToIdle_DMA
 .text.UARTEx_SetNbDataToProcess
                0x080090c4       0x9c ./Drivers/STM32G4xx_HAL_Driver/Src/stm32g4xx_hal_uart_ex.o
 .text.USB_EnableGlobalInt
                0x08009160       0x2e ./Drivers/STM32G4xx_HAL_Driver/Src/stm32g4xx_ll_usb.o
                0x08009160                USB_EnableGlobalInt
 .text.USB_DisableGlobalInt
                0x0800918e       0x36 ./Drivers/STM32G4xx_HAL_Driver/Src/stm32g4xx_ll_usb.o
                0x0800918e                USB_DisableGlobalInt
 .text.USB_DevInit
                0x080091c4       0x3c ./Drivers/STM32G4xx_HAL_Driver/Src/stm32g4xx_ll_usb.o
                0x080091c4                USB_DevInit
 .text.USB_ActivateEndpoint
                0x08009200      0x9d0 ./Drivers/STM32G4xx_HAL_Driver/Src/stm32g4xx_ll_usb.o
                0x08009200                USB_ActivateEndpoint
 .text.USB_DeactivateEndpoint
                0x08009bd0      0x3da ./Drivers/STM32G4xx_HAL_Driver/Src/stm32g4xx_ll_usb.o
                0x08009bd0                USB_DeactivateEndpoint
 .text.USB_EPStartXfer
                0x08009faa      0xb5e ./Drivers/STM32G4xx_HAL_Driver/Src/stm32g4xx_ll_usb.o
                0x08009faa                USB_EPStartXfer
 .text.USB_EPSetStall
                0x0800ab08       0xa2 ./Drivers/STM32G4xx_HAL_Driver/Src/stm32g4xx_ll_usb.o
                0x0800ab08                USB_EPSetStall
 .text.USB_EPClearStall
                0x0800abaa      0x152 ./Drivers/STM32G4xx_HAL_Driver/Src/stm32g4xx_ll_usb.o
                0x0800abaa                USB_EPClearStall
 .text.USB_SetDevAddress
                0x0800acfc       0x28 ./Drivers/STM32G4xx_HAL_Driver/Src/stm32g4xx_ll_usb.o
                0x0800acfc                USB_SetDevAddress
 .text.USB_DevConnect
                0x0800ad24       0x2e ./Drivers/STM32G4xx_HAL_Driver/Src/stm32g4xx_ll_usb.o
                0x0800ad24                USB_DevConnect
 .text.USB_ReadInterrupts
                0x0800ad52       0x20 ./Drivers/STM32G4xx_HAL_Driver/Src/stm32g4xx_ll_usb.o
                0x0800ad52                USB_ReadInterrupts
 .text.USB_WritePMA
                0x0800ad72       0x86 ./Drivers/STM32G4xx_HAL_Driver/Src/stm32g4xx_ll_usb.o
                0x0800ad72                USB_WritePMA
 .text.USB_ReadPMA
                0x0800adf8       0x98 ./Drivers/STM32G4xx_HAL_Driver/Src/stm32g4xx_ll_usb.o
                0x0800adf8                USB_ReadPMA
 .text.MX_USB_DEVICE_Init
                0x0800ae90       0x64 ./Middlewares/Third_Party/AL94_USB_Composite/COMPOSITE/App/usb_device.o
                0x0800ae90                MX_USB_DEVICE_Init
 .text.CDC_Init
                0x0800aef4       0x30 ./Middlewares/Third_Party/AL94_USB_Composite/COMPOSITE/App/usbd_cdc_acm_if.o
 .text.CDC_DeInit
                0x0800af24       0x18 ./Middlewares/Third_Party/AL94_USB_Composite/COMPOSITE/App/usbd_cdc_acm_if.o
 .text.CDC_Control
                0x0800af3c      0x1a0 ./Middlewares/Third_Party/AL94_USB_Composite/COMPOSITE/App/usbd_cdc_acm_if.o
 .text.CDC_Receive
                0x0800b0dc       0x54 ./Middlewares/Third_Party/AL94_USB_Composite/COMPOSITE/App/usbd_cdc_acm_if.o
 .text.CDC_TransmitCplt
                0x0800b130       0x22 ./Middlewares/Third_Party/AL94_USB_Composite/COMPOSITE/App/usbd_cdc_acm_if.o
 *fill*         0x0800b152        0x2 
 .text.CDC_Transmit
                0x0800b154       0x64 ./Middlewares/Third_Party/AL94_USB_Composite/COMPOSITE/App/usbd_cdc_acm_if.o
                0x0800b154                CDC_Transmit
 .text.USBD_DeviceDescriptor
                0x0800b1b8       0x24 ./Middlewares/Third_Party/AL94_USB_Composite/COMPOSITE/App/usbd_desc.o
                0x0800b1b8                USBD_DeviceDescriptor
 .text.USBD_LangIDStrDescriptor
                0x0800b1dc       0x24 ./Middlewares/Third_Party/AL94_USB_Composite/COMPOSITE/App/usbd_desc.o
                0x0800b1dc                USBD_LangIDStrDescriptor
 .text.USBD_ProductStrDescriptor
                0x0800b200       0x3c ./Middlewares/Third_Party/AL94_USB_Composite/COMPOSITE/App/usbd_desc.o
                0x0800b200                USBD_ProductStrDescriptor
 .text.USBD_ManufacturerStrDescriptor
                0x0800b23c       0x28 ./Middlewares/Third_Party/AL94_USB_Composite/COMPOSITE/App/usbd_desc.o
                0x0800b23c                USBD_ManufacturerStrDescriptor
 .text.USBD_SerialStrDescriptor
                0x0800b264       0x24 ./Middlewares/Third_Party/AL94_USB_Composite/COMPOSITE/App/usbd_desc.o
                0x0800b264                USBD_SerialStrDescriptor
 .text.USBD_ConfigStrDescriptor
                0x0800b288       0x3c ./Middlewares/Third_Party/AL94_USB_Composite/COMPOSITE/App/usbd_desc.o
                0x0800b288                USBD_ConfigStrDescriptor
 .text.USBD_InterfaceStrDescriptor
                0x0800b2c4       0x3c ./Middlewares/Third_Party/AL94_USB_Composite/COMPOSITE/App/usbd_desc.o
                0x0800b2c4                USBD_InterfaceStrDescriptor
 .text.Get_SerialNum
                0x0800b300       0x58 ./Middlewares/Third_Party/AL94_USB_Composite/COMPOSITE/App/usbd_desc.o
 .text.IntToUnicode
                0x0800b358       0x7e ./Middlewares/Third_Party/AL94_USB_Composite/COMPOSITE/App/usbd_desc.o
 *fill*         0x0800b3d6        0x2 
 .text.USBD_CDC_Init
                0x0800b3d8      0x1c8 ./Middlewares/Third_Party/AL94_USB_Composite/COMPOSITE/Class/CDC_ACM/Src/usbd_cdc_acm.o
 .text.USBD_CDC_DeInit
                0x0800b5a0       0xe0 ./Middlewares/Third_Party/AL94_USB_Composite/COMPOSITE/Class/CDC_ACM/Src/usbd_cdc_acm.o
 .text.USBD_CDC_Setup
                0x0800b680      0x1f0 ./Middlewares/Third_Party/AL94_USB_Composite/COMPOSITE/Class/CDC_ACM/Src/usbd_cdc_acm.o
 .text.USBD_CDC_DataIn
                0x0800b870      0x100 ./Middlewares/Third_Party/AL94_USB_Composite/COMPOSITE/Class/CDC_ACM/Src/usbd_cdc_acm.o
 .text.USBD_CDC_DataOut
                0x0800b970       0x84 ./Middlewares/Third_Party/AL94_USB_Composite/COMPOSITE/Class/CDC_ACM/Src/usbd_cdc_acm.o
 .text.USBD_CDC_EP0_RxReady
                0x0800b9f4       0x84 ./Middlewares/Third_Party/AL94_USB_Composite/COMPOSITE/Class/CDC_ACM/Src/usbd_cdc_acm.o
 .text.USBD_CDC_GetFSCfgDesc
                0x0800ba78       0x20 ./Middlewares/Third_Party/AL94_USB_Composite/COMPOSITE/Class/CDC_ACM/Src/usbd_cdc_acm.o
 .text.USBD_CDC_GetHSCfgDesc
                0x0800ba98       0x20 ./Middlewares/Third_Party/AL94_USB_Composite/COMPOSITE/Class/CDC_ACM/Src/usbd_cdc_acm.o
 .text.USBD_CDC_GetOtherSpeedCfgDesc
                0x0800bab8       0x20 ./Middlewares/Third_Party/AL94_USB_Composite/COMPOSITE/Class/CDC_ACM/Src/usbd_cdc_acm.o
 .text.USBD_CDC_GetDeviceQualifierDescriptor
                0x0800bad8       0x20 ./Middlewares/Third_Party/AL94_USB_Composite/COMPOSITE/Class/CDC_ACM/Src/usbd_cdc_acm.o
 .text.USBD_CDC_ACM_RegisterInterface
                0x0800baf8       0x2a ./Middlewares/Third_Party/AL94_USB_Composite/COMPOSITE/Class/CDC_ACM/Src/usbd_cdc_acm.o
                0x0800baf8                USBD_CDC_ACM_RegisterInterface
 *fill*         0x0800bb22        0x2 
 .text.USBD_CDC_SetTxBuffer
                0x0800bb24       0x48 ./Middlewares/Third_Party/AL94_USB_Composite/COMPOSITE/Class/CDC_ACM/Src/usbd_cdc_acm.o
                0x0800bb24                USBD_CDC_SetTxBuffer
 .text.USBD_CDC_SetRxBuffer
                0x0800bb6c       0x3c ./Middlewares/Third_Party/AL94_USB_Composite/COMPOSITE/Class/CDC_ACM/Src/usbd_cdc_acm.o
                0x0800bb6c                USBD_CDC_SetRxBuffer
 .text.USBD_CDC_TransmitPacket
                0x0800bba8       0x84 ./Middlewares/Third_Party/AL94_USB_Composite/COMPOSITE/Class/CDC_ACM/Src/usbd_cdc_acm.o
                0x0800bba8                USBD_CDC_TransmitPacket
 .text.USBD_CDC_ReceivePacket
                0x0800bc2c       0x68 ./Middlewares/Third_Party/AL94_USB_Composite/COMPOSITE/Class/CDC_ACM/Src/usbd_cdc_acm.o
                0x0800bc2c                USBD_CDC_ReceivePacket
 .text.USBD_Update_CDC_ACM_DESC
                0x0800bc94      0x10c ./Middlewares/Third_Party/AL94_USB_Composite/COMPOSITE/Class/CDC_ACM/Src/usbd_cdc_acm.o
                0x0800bc94                USBD_Update_CDC_ACM_DESC
 .text.USBD_COMPOSITE_Init
                0x0800bda0       0x38 ./Middlewares/Third_Party/AL94_USB_Composite/COMPOSITE/Class/COMPOSITE/Src/usbd_composite.o
 .text.USBD_COMPOSITE_DeInit
                0x0800bdd8       0x38 ./Middlewares/Third_Party/AL94_USB_Composite/COMPOSITE/Class/COMPOSITE/Src/usbd_composite.o
 .text.USBD_COMPOSITE_Setup
                0x0800be10       0x84 ./Middlewares/Third_Party/AL94_USB_Composite/COMPOSITE/Class/COMPOSITE/Src/usbd_composite.o
 .text.USBD_COMPOSITE_DataIn
                0x0800be94       0x8c ./Middlewares/Third_Party/AL94_USB_Composite/COMPOSITE/Class/COMPOSITE/Src/usbd_composite.o
 .text.USBD_COMPOSITE_EP0_RxReady
                0x0800bf20       0x20 ./Middlewares/Third_Party/AL94_USB_Composite/COMPOSITE/Class/COMPOSITE/Src/usbd_composite.o
 .text.USBD_COMPOSITE_EP0_TxReady
                0x0800bf40       0x16 ./Middlewares/Third_Party/AL94_USB_Composite/COMPOSITE/Class/COMPOSITE/Src/usbd_composite.o
 .text.USBD_COMPOSITE_SOF
                0x0800bf56       0x16 ./Middlewares/Third_Party/AL94_USB_Composite/COMPOSITE/Class/COMPOSITE/Src/usbd_composite.o
 .text.USBD_COMPOSITE_IsoINIncomplete
                0x0800bf6c       0x1a ./Middlewares/Third_Party/AL94_USB_Composite/COMPOSITE/Class/COMPOSITE/Src/usbd_composite.o
 .text.USBD_COMPOSITE_IsoOutIncomplete
                0x0800bf86       0x1a ./Middlewares/Third_Party/AL94_USB_Composite/COMPOSITE/Class/COMPOSITE/Src/usbd_composite.o
 .text.USBD_COMPOSITE_DataOut
                0x0800bfa0       0x4c ./Middlewares/Third_Party/AL94_USB_Composite/COMPOSITE/Class/COMPOSITE/Src/usbd_composite.o
 .text.USBD_COMPOSITE_GetHSCfgDesc
                0x0800bfec       0x20 ./Middlewares/Third_Party/AL94_USB_Composite/COMPOSITE/Class/COMPOSITE/Src/usbd_composite.o
 .text.USBD_COMPOSITE_GetFSCfgDesc
                0x0800c00c       0x20 ./Middlewares/Third_Party/AL94_USB_Composite/COMPOSITE/Class/COMPOSITE/Src/usbd_composite.o
 .text.USBD_COMPOSITE_GetOtherSpeedCfgDesc
                0x0800c02c       0x20 ./Middlewares/Third_Party/AL94_USB_Composite/COMPOSITE/Class/COMPOSITE/Src/usbd_composite.o
 .text.USBD_COMPOSITE_GetDeviceQualifierDesc
                0x0800c04c       0x20 ./Middlewares/Third_Party/AL94_USB_Composite/COMPOSITE/Class/COMPOSITE/Src/usbd_composite.o
 .text.USBD_COMPOSITE_GetUsrStringDesc
                0x0800c06c       0xa8 ./Middlewares/Third_Party/AL94_USB_Composite/COMPOSITE/Class/COMPOSITE/Src/usbd_composite.o
 .text.USBD_COMPOSITE_Mount_Class
                0x0800c114      0x1fc ./Middlewares/Third_Party/AL94_USB_Composite/COMPOSITE/Class/COMPOSITE/Src/usbd_composite.o
                0x0800c114                USBD_COMPOSITE_Mount_Class
 .text.USBD_HID_Init
                0x0800c310       0xa8 ./Middlewares/Third_Party/AL94_USB_Composite/COMPOSITE/Class/HID_KEYBOARD/Src/usbd_hid_keyboard.o
 .text.USBD_HID_DeInit
                0x0800c3b8       0x6c ./Middlewares/Third_Party/AL94_USB_Composite/COMPOSITE/Class/HID_KEYBOARD/Src/usbd_hid_keyboard.o
 .text.USBD_HID_Setup
                0x0800c424      0x208 ./Middlewares/Third_Party/AL94_USB_Composite/COMPOSITE/Class/HID_KEYBOARD/Src/usbd_hid_keyboard.o
 .text.USBD_HID_GetFSCfgDesc
                0x0800c62c       0x20 ./Middlewares/Third_Party/AL94_USB_Composite/COMPOSITE/Class/HID_KEYBOARD/Src/usbd_hid_keyboard.o
 .text.USBD_HID_GetHSCfgDesc
                0x0800c64c       0x20 ./Middlewares/Third_Party/AL94_USB_Composite/COMPOSITE/Class/HID_KEYBOARD/Src/usbd_hid_keyboard.o
 .text.USBD_HID_GetOtherSpeedCfgDesc
                0x0800c66c       0x20 ./Middlewares/Third_Party/AL94_USB_Composite/COMPOSITE/Class/HID_KEYBOARD/Src/usbd_hid_keyboard.o
 .text.USBD_HID_DataIn
                0x0800c68c       0x24 ./Middlewares/Third_Party/AL94_USB_Composite/COMPOSITE/Class/HID_KEYBOARD/Src/usbd_hid_keyboard.o
 .text.USBD_HID_GetDeviceQualifierDesc
                0x0800c6b0       0x20 ./Middlewares/Third_Party/AL94_USB_Composite/COMPOSITE/Class/HID_KEYBOARD/Src/usbd_hid_keyboard.o
 .text.USBD_HID_Keybaord_SendReport
                0x0800c6d0       0x58 ./Middlewares/Third_Party/AL94_USB_Composite/COMPOSITE/Class/HID_KEYBOARD/Src/usbd_hid_keyboard.o
                0x0800c6d0                USBD_HID_Keybaord_SendReport
 .text.USBD_Update_HID_KBD_DESC
                0x0800c728       0x5c ./Middlewares/Third_Party/AL94_USB_Composite/COMPOSITE/Class/HID_KEYBOARD/Src/usbd_hid_keyboard.o
                0x0800c728                USBD_Update_HID_KBD_DESC
 .text.USBD_Init
                0x0800c784       0x58 ./Middlewares/Third_Party/AL94_USB_Composite/COMPOSITE/Core/Src/usbd_core.o
                0x0800c784                USBD_Init
 .text.USBD_RegisterClass
                0x0800c7dc       0x7c ./Middlewares/Third_Party/AL94_USB_Composite/COMPOSITE/Core/Src/usbd_core.o
                0x0800c7dc                USBD_RegisterClass
 .text.USBD_Start
                0x0800c858       0x18 ./Middlewares/Third_Party/AL94_USB_Composite/COMPOSITE/Core/Src/usbd_core.o
                0x0800c858                USBD_Start
 .text.USBD_RunTestMode
                0x0800c870       0x16 ./Middlewares/Third_Party/AL94_USB_Composite/COMPOSITE/Core/Src/usbd_core.o
                0x0800c870                USBD_RunTestMode
 .text.USBD_SetClassConfig
                0x0800c886       0x38 ./Middlewares/Third_Party/AL94_USB_Composite/COMPOSITE/Core/Src/usbd_core.o
                0x0800c886                USBD_SetClassConfig
 .text.USBD_ClrClassConfig
                0x0800c8be       0x30 ./Middlewares/Third_Party/AL94_USB_Composite/COMPOSITE/Core/Src/usbd_core.o
                0x0800c8be                USBD_ClrClassConfig
 .text.USBD_LL_SetupStage
                0x0800c8ee       0xaa ./Middlewares/Third_Party/AL94_USB_Composite/COMPOSITE/Core/Src/usbd_core.o
                0x0800c8ee                USBD_LL_SetupStage
 .text.USBD_LL_DataOutStage
                0x0800c998       0xc6 ./Middlewares/Third_Party/AL94_USB_Composite/COMPOSITE/Core/Src/usbd_core.o
                0x0800c998                USBD_LL_DataOutStage
 .text.USBD_LL_DataInStage
                0x0800ca5e      0x12c ./Middlewares/Third_Party/AL94_USB_Composite/COMPOSITE/Core/Src/usbd_core.o
                0x0800ca5e                USBD_LL_DataInStage
 .text.USBD_LL_Reset
                0x0800cb8a       0x92 ./Middlewares/Third_Party/AL94_USB_Composite/COMPOSITE/Core/Src/usbd_core.o
                0x0800cb8a                USBD_LL_Reset
 .text.USBD_LL_SetSpeed
                0x0800cc1c       0x20 ./Middlewares/Third_Party/AL94_USB_Composite/COMPOSITE/Core/Src/usbd_core.o
                0x0800cc1c                USBD_LL_SetSpeed
 .text.USBD_LL_Suspend
                0x0800cc3c       0x2c ./Middlewares/Third_Party/AL94_USB_Composite/COMPOSITE/Core/Src/usbd_core.o
                0x0800cc3c                USBD_LL_Suspend
 .text.USBD_LL_Resume
                0x0800cc68       0x30 ./Middlewares/Third_Party/AL94_USB_Composite/COMPOSITE/Core/Src/usbd_core.o
                0x0800cc68                USBD_LL_Resume
 .text.USBD_LL_SOF
                0x0800cc98       0x44 ./Middlewares/Third_Party/AL94_USB_Composite/COMPOSITE/Core/Src/usbd_core.o
                0x0800cc98                USBD_LL_SOF
 .text.SWAPBYTE
                0x0800ccdc       0x3e ./Middlewares/Third_Party/AL94_USB_Composite/COMPOSITE/Core/Src/usbd_ctlreq.o
 *fill*         0x0800cd1a        0x2 
 .text.USBD_StdDevReq
                0x0800cd1c       0xdc ./Middlewares/Third_Party/AL94_USB_Composite/COMPOSITE/Core/Src/usbd_ctlreq.o
                0x0800cd1c                USBD_StdDevReq
 .text.USBD_StdItfReq
                0x0800cdf8       0x92 ./Middlewares/Third_Party/AL94_USB_Composite/COMPOSITE/Core/Src/usbd_ctlreq.o
                0x0800cdf8                USBD_StdItfReq
 .text.USBD_StdEPReq
                0x0800ce8a      0x2c4 ./Middlewares/Third_Party/AL94_USB_Composite/COMPOSITE/Core/Src/usbd_ctlreq.o
                0x0800ce8a                USBD_StdEPReq
 *fill*         0x0800d14e        0x2 
 .text.USBD_GetDescriptor
                0x0800d150      0x2f8 ./Middlewares/Third_Party/AL94_USB_Composite/COMPOSITE/Core/Src/usbd_ctlreq.o
 .text.USBD_SetAddress
                0x0800d448       0x88 ./Middlewares/Third_Party/AL94_USB_Composite/COMPOSITE/Core/Src/usbd_ctlreq.o
 .text.USBD_SetConfig
                0x0800d4d0      0x14c ./Middlewares/Third_Party/AL94_USB_Composite/COMPOSITE/Core/Src/usbd_ctlreq.o
 .text.USBD_GetConfig
                0x0800d61c       0x6c ./Middlewares/Third_Party/AL94_USB_Composite/COMPOSITE/Core/Src/usbd_ctlreq.o
 .text.USBD_GetStatus
                0x0800d688       0x68 ./Middlewares/Third_Party/AL94_USB_Composite/COMPOSITE/Core/Src/usbd_ctlreq.o
 .text.USBD_SetFeature
                0x0800d6f0       0x28 ./Middlewares/Third_Party/AL94_USB_Composite/COMPOSITE/Core/Src/usbd_ctlreq.o
 .text.USBD_ClrFeature
                0x0800d718       0x44 ./Middlewares/Third_Party/AL94_USB_Composite/COMPOSITE/Core/Src/usbd_ctlreq.o
 .text.USBD_ParseSetupRequest
                0x0800d75c       0x74 ./Middlewares/Third_Party/AL94_USB_Composite/COMPOSITE/Core/Src/usbd_ctlreq.o
                0x0800d75c                USBD_ParseSetupRequest
 .text.USBD_CtlError
                0x0800d7d0       0x22 ./Middlewares/Third_Party/AL94_USB_Composite/COMPOSITE/Core/Src/usbd_ctlreq.o
                0x0800d7d0                USBD_CtlError
 .text.USBD_GetString
                0x0800d7f2       0x8c ./Middlewares/Third_Party/AL94_USB_Composite/COMPOSITE/Core/Src/usbd_ctlreq.o
                0x0800d7f2                USBD_GetString
 .text.USBD_GetLen
                0x0800d87e       0x34 ./Middlewares/Third_Party/AL94_USB_Composite/COMPOSITE/Core/Src/usbd_ctlreq.o
 .text.USBD_CtlSendData
                0x0800d8b2       0x36 ./Middlewares/Third_Party/AL94_USB_Composite/COMPOSITE/Core/Src/usbd_ioreq.o
                0x0800d8b2                USBD_CtlSendData
 .text.USBD_CtlContinueSendData
                0x0800d8e8       0x22 ./Middlewares/Third_Party/AL94_USB_Composite/COMPOSITE/Core/Src/usbd_ioreq.o
                0x0800d8e8                USBD_CtlContinueSendData
 .text.USBD_CtlPrepareRx
                0x0800d90a       0x3a ./Middlewares/Third_Party/AL94_USB_Composite/COMPOSITE/Core/Src/usbd_ioreq.o
                0x0800d90a                USBD_CtlPrepareRx
 .text.USBD_CtlContinueRx
                0x0800d944       0x22 ./Middlewares/Third_Party/AL94_USB_Composite/COMPOSITE/Core/Src/usbd_ioreq.o
                0x0800d944                USBD_CtlContinueRx
 .text.USBD_CtlSendStatus
                0x0800d966       0x26 ./Middlewares/Third_Party/AL94_USB_Composite/COMPOSITE/Core/Src/usbd_ioreq.o
                0x0800d966                USBD_CtlSendStatus
 .text.USBD_CtlReceiveStatus
                0x0800d98c       0x26 ./Middlewares/Third_Party/AL94_USB_Composite/COMPOSITE/Core/Src/usbd_ioreq.o
                0x0800d98c                USBD_CtlReceiveStatus
 .text.HAL_PCD_SetupStageCallback
                0x0800d9b2       0x24 ./Middlewares/Third_Party/AL94_USB_Composite/COMPOSITE/Target/usbd_conf.o
                0x0800d9b2                HAL_PCD_SetupStageCallback
 .text.HAL_PCD_DataOutStageCallback
                0x0800d9d6       0x36 ./Middlewares/Third_Party/AL94_USB_Composite/COMPOSITE/Target/usbd_conf.o
                0x0800d9d6                HAL_PCD_DataOutStageCallback
 .text.HAL_PCD_DataInStageCallback
                0x0800da0c       0x34 ./Middlewares/Third_Party/AL94_USB_Composite/COMPOSITE/Target/usbd_conf.o
                0x0800da0c                HAL_PCD_DataInStageCallback
 .text.HAL_PCD_SOFCallback
                0x0800da40       0x1c ./Middlewares/Third_Party/AL94_USB_Composite/COMPOSITE/Target/usbd_conf.o
                0x0800da40                HAL_PCD_SOFCallback
 .text.HAL_PCD_ResetCallback
                0x0800da5c       0x42 ./Middlewares/Third_Party/AL94_USB_Composite/COMPOSITE/Target/usbd_conf.o
                0x0800da5c                HAL_PCD_ResetCallback
 .text.HAL_PCD_SuspendCallback
                0x0800da9e       0x1c ./Middlewares/Third_Party/AL94_USB_Composite/COMPOSITE/Target/usbd_conf.o
                0x0800da9e                HAL_PCD_SuspendCallback
 .text.HAL_PCD_ResumeCallback
                0x0800daba       0x1c ./Middlewares/Third_Party/AL94_USB_Composite/COMPOSITE/Target/usbd_conf.o
                0x0800daba                HAL_PCD_ResumeCallback
 *fill*         0x0800dad6        0x2 
 .text.USBD_LL_Init
                0x0800dad8       0xfc ./Middlewares/Third_Party/AL94_USB_Composite/COMPOSITE/Target/usbd_conf.o
                0x0800dad8                USBD_LL_Init
 .text.USBD_LL_Start
                0x0800dbd4       0x36 ./Middlewares/Third_Party/AL94_USB_Composite/COMPOSITE/Target/usbd_conf.o
                0x0800dbd4                USBD_LL_Start
 .text.USBD_LL_OpenEP
                0x0800dc0a       0x4c ./Middlewares/Third_Party/AL94_USB_Composite/COMPOSITE/Target/usbd_conf.o
                0x0800dc0a                USBD_LL_OpenEP
 .text.USBD_LL_CloseEP
                0x0800dc56       0x3e ./Middlewares/Third_Party/AL94_USB_Composite/COMPOSITE/Target/usbd_conf.o
                0x0800dc56                USBD_LL_CloseEP
 .text.USBD_LL_StallEP
                0x0800dc94       0x3e ./Middlewares/Third_Party/AL94_USB_Composite/COMPOSITE/Target/usbd_conf.o
                0x0800dc94                USBD_LL_StallEP
 .text.USBD_LL_ClearStallEP
                0x0800dcd2       0x3e ./Middlewares/Third_Party/AL94_USB_Composite/COMPOSITE/Target/usbd_conf.o
                0x0800dcd2                USBD_LL_ClearStallEP
 .text.USBD_LL_IsStallEP
                0x0800dd10       0x58 ./Middlewares/Third_Party/AL94_USB_Composite/COMPOSITE/Target/usbd_conf.o
                0x0800dd10                USBD_LL_IsStallEP
 .text.USBD_LL_SetUSBAddress
                0x0800dd68       0x3e ./Middlewares/Third_Party/AL94_USB_Composite/COMPOSITE/Target/usbd_conf.o
                0x0800dd68                USBD_LL_SetUSBAddress
 .text.USBD_LL_Transmit
                0x0800dda6       0x42 ./Middlewares/Third_Party/AL94_USB_Composite/COMPOSITE/Target/usbd_conf.o
                0x0800dda6                USBD_LL_Transmit
 .text.USBD_LL_PrepareReceive
                0x0800dde8       0x42 ./Middlewares/Third_Party/AL94_USB_Composite/COMPOSITE/Target/usbd_conf.o
                0x0800dde8                USBD_LL_PrepareReceive
 .text.USBD_LL_GetRxDataSize
                0x0800de2a       0x26 ./Middlewares/Third_Party/AL94_USB_Composite/COMPOSITE/Target/usbd_conf.o
                0x0800de2a                USBD_LL_GetRxDataSize
 .text.USBD_Get_USB_Status
                0x0800de50       0x58 ./Middlewares/Third_Party/AL94_USB_Composite/COMPOSITE/Target/usbd_conf.o
                0x0800de50                USBD_Get_USB_Status
 .text.makeFreeRtosPriority
                0x0800dea8       0x30 ./Middlewares/Third_Party/FreeRTOS/Source/CMSIS_RTOS/cmsis_os.o
 .text.osKernelStart
                0x0800ded8        0xe ./Middlewares/Third_Party/FreeRTOS/Source/CMSIS_RTOS/cmsis_os.o
                0x0800ded8                osKernelStart
 .text.osThreadCreate
                0x0800dee6       0x4e ./Middlewares/Third_Party/FreeRTOS/Source/CMSIS_RTOS/cmsis_os.o
                0x0800dee6                osThreadCreate
 .text.osDelay  0x0800df34       0x28 ./Middlewares/Third_Party/FreeRTOS/Source/CMSIS_RTOS/cmsis_os.o
                0x0800df34                osDelay
 .text.vListInitialise
                0x0800df5c       0x40 ./Middlewares/Third_Party/FreeRTOS/Source/list.o
                0x0800df5c                vListInitialise
 .text.vListInitialiseItem
                0x0800df9c       0x1a ./Middlewares/Third_Party/FreeRTOS/Source/list.o
                0x0800df9c                vListInitialiseItem
 .text.vListInsertEnd
                0x0800dfb6       0x48 ./Middlewares/Third_Party/FreeRTOS/Source/list.o
                0x0800dfb6                vListInsertEnd
 .text.vListInsert
                0x0800dffe       0x72 ./Middlewares/Third_Party/FreeRTOS/Source/list.o
                0x0800dffe                vListInsert
 .text.uxListRemove
                0x0800e070       0x54 ./Middlewares/Third_Party/FreeRTOS/Source/list.o
                0x0800e070                uxListRemove
 .text.xTaskCreate
                0x0800e0c4       0x82 ./Middlewares/Third_Party/FreeRTOS/Source/tasks.o
                0x0800e0c4                xTaskCreate
 *fill*         0x0800e146        0x2 
 .text.prvInitialiseNewTask
                0x0800e148      0x140 ./Middlewares/Third_Party/FreeRTOS/Source/tasks.o
 .text.prvAddNewTaskToReadyList
                0x0800e288       0xd4 ./Middlewares/Third_Party/FreeRTOS/Source/tasks.o
 .text.vTaskDelay
                0x0800e35c       0x6c ./Middlewares/Third_Party/FreeRTOS/Source/tasks.o
                0x0800e35c                vTaskDelay
 .text.vTaskStartScheduler
                0x0800e3c8       0xa4 ./Middlewares/Third_Party/FreeRTOS/Source/tasks.o
                0x0800e3c8                vTaskStartScheduler
 .text.vTaskSuspendAll
                0x0800e46c       0x1c ./Middlewares/Third_Party/FreeRTOS/Source/tasks.o
                0x0800e46c                vTaskSuspendAll
 .text.xTaskResumeAll
                0x0800e488      0x13c ./Middlewares/Third_Party/FreeRTOS/Source/tasks.o
                0x0800e488                xTaskResumeAll
 .text.xTaskIncrementTick
                0x0800e5c4      0x174 ./Middlewares/Third_Party/FreeRTOS/Source/tasks.o
                0x0800e5c4                xTaskIncrementTick
 .text.vTaskSwitchContext
                0x0800e738       0xc8 ./Middlewares/Third_Party/FreeRTOS/Source/tasks.o
                0x0800e738                vTaskSwitchContext
 .text.prvIdleTask
                0x0800e800       0x30 ./Middlewares/Third_Party/FreeRTOS/Source/tasks.o
 .text.prvInitialiseTaskLists
                0x0800e830       0x80 ./Middlewares/Third_Party/FreeRTOS/Source/tasks.o
 .text.prvCheckTasksWaitingTermination
                0x0800e8b0       0x5c ./Middlewares/Third_Party/FreeRTOS/Source/tasks.o
 .text.prvDeleteTCB
                0x0800e90c       0x2a ./Middlewares/Third_Party/FreeRTOS/Source/tasks.o
 *fill*         0x0800e936        0x2 
 .text.prvResetNextTaskUnblockTime
                0x0800e938       0x40 ./Middlewares/Third_Party/FreeRTOS/Source/tasks.o
 .text.prvAddCurrentTaskToDelayedList
                0x0800e978       0xcc ./Middlewares/Third_Party/FreeRTOS/Source/tasks.o
 .text.pxPortInitialiseStack
                0x0800ea44       0x68 ./Middlewares/Third_Party/FreeRTOS/Source/portable/GCC/ARM_CM4F/port.o
                0x0800ea44                pxPortInitialiseStack
 .text.prvTaskExitError
                0x0800eaac       0x5c ./Middlewares/Third_Party/FreeRTOS/Source/portable/GCC/ARM_CM4F/port.o
 *fill*         0x0800eb08        0x8 
 .text.SVC_Handler
                0x0800eb10       0x28 ./Middlewares/Third_Party/FreeRTOS/Source/portable/GCC/ARM_CM4F/port.o
                0x0800eb10                SVC_Handler
 .text.prvPortStartFirstTask
                0x0800eb38       0x28 ./Middlewares/Third_Party/FreeRTOS/Source/portable/GCC/ARM_CM4F/port.o
 .text.xPortStartScheduler
                0x0800eb60      0x148 ./Middlewares/Third_Party/FreeRTOS/Source/portable/GCC/ARM_CM4F/port.o
                0x0800eb60                xPortStartScheduler
 .text.vPortEnterCritical
                0x0800eca8       0x64 ./Middlewares/Third_Party/FreeRTOS/Source/portable/GCC/ARM_CM4F/port.o
                0x0800eca8                vPortEnterCritical
 .text.vPortExitCritical
                0x0800ed0c       0x54 ./Middlewares/Third_Party/FreeRTOS/Source/portable/GCC/ARM_CM4F/port.o
                0x0800ed0c                vPortExitCritical
 .text.PendSV_Handler
                0x0800ed60       0x68 ./Middlewares/Third_Party/FreeRTOS/Source/portable/GCC/ARM_CM4F/port.o
                0x0800ed60                PendSV_Handler
 .text.SysTick_Handler
                0x0800edc8       0x44 ./Middlewares/Third_Party/FreeRTOS/Source/portable/GCC/ARM_CM4F/port.o
                0x0800edc8                SysTick_Handler
 .text.vPortSetupTimerInterrupt
                0x0800ee0c       0x48 ./Middlewares/Third_Party/FreeRTOS/Source/portable/GCC/ARM_CM4F/port.o
                0x0800ee0c                vPortSetupTimerInterrupt
 .text.vPortEnableVFP
                0x0800ee54       0x14 ./Middlewares/Third_Party/FreeRTOS/Source/portable/GCC/ARM_CM4F/port.o
 .text.pvPortMalloc
                0x0800ee68      0x19c ./Middlewares/Third_Party/FreeRTOS/Source/portable/MemMang/heap_4.o
                0x0800ee68                pvPortMalloc
 .text.vPortFree
                0x0800f004       0xc8 ./Middlewares/Third_Party/FreeRTOS/Source/portable/MemMang/heap_4.o
                0x0800f004                vPortFree
 .text.prvHeapInit
                0x0800f0cc       0xc4 ./Middlewares/Third_Party/FreeRTOS/Source/portable/MemMang/heap_4.o
 .text.prvInsertBlockIntoFreeList
                0x0800f190       0xb4 ./Middlewares/Third_Party/FreeRTOS/Source/portable/MemMang/heap_4.o
 .text.sbrk_aligned
                0x0800f244       0x44 D:/STM32CubeIDE_1.18.0/STM32CubeIDE/plugins/com.st.stm32cube.ide.mcu.externaltools.gnu-tools-for-stm32.13.3.rel1.win32_1.0.0.202411081344/tools/bin/../lib/gcc/arm-none-eabi/13.3.1/../../../../arm-none-eabi/lib/thumb/v7e-m+fp/hard\libc_nano.a(libc_a-mallocr.o)
 .text._malloc_r
                0x0800f288      0x100 D:/STM32CubeIDE_1.18.0/STM32CubeIDE/plugins/com.st.stm32cube.ide.mcu.externaltools.gnu-tools-for-stm32.13.3.rel1.win32_1.0.0.202411081344/tools/bin/../lib/gcc/arm-none-eabi/13.3.1/../../../../arm-none-eabi/lib/thumb/v7e-m+fp/hard\libc_nano.a(libc_a-mallocr.o)
                0x0800f288                _malloc_r
 .text.__malloc_lock
                0x0800f388        0xc D:/STM32CubeIDE_1.18.0/STM32CubeIDE/plugins/com.st.stm32cube.ide.mcu.externaltools.gnu-tools-for-stm32.13.3.rel1.win32_1.0.0.202411081344/tools/bin/../lib/gcc/arm-none-eabi/13.3.1/../../../../arm-none-eabi/lib/thumb/v7e-m+fp/hard\libc_nano.a(libc_a-mlock.o)
                0x0800f388                __malloc_lock
 .text.__malloc_unlock
                0x0800f394        0xc D:/STM32CubeIDE_1.18.0/STM32CubeIDE/plugins/com.st.stm32cube.ide.mcu.externaltools.gnu-tools-for-stm32.13.3.rel1.win32_1.0.0.202411081344/tools/bin/../lib/gcc/arm-none-eabi/13.3.1/../../../../arm-none-eabi/lib/thumb/v7e-m+fp/hard\libc_nano.a(libc_a-mlock.o)
                0x0800f394                __malloc_unlock
 .text.snprintf
                0x0800f3a0       0x6c D:/STM32CubeIDE_1.18.0/STM32CubeIDE/plugins/com.st.stm32cube.ide.mcu.externaltools.gnu-tools-for-stm32.13.3.rel1.win32_1.0.0.202411081344/tools/bin/../lib/gcc/arm-none-eabi/13.3.1/../../../../arm-none-eabi/lib/thumb/v7e-m+fp/hard\libc_nano.a(libc_a-snprintf.o)
                0x0800f3a0                sniprintf
                0x0800f3a0                snprintf
 .text.memset   0x0800f40c       0x10 D:/STM32CubeIDE_1.18.0/STM32CubeIDE/plugins/com.st.stm32cube.ide.mcu.externaltools.gnu-tools-for-stm32.13.3.rel1.win32_1.0.0.202411081344/tools/bin/../lib/gcc/arm-none-eabi/13.3.1/../../../../arm-none-eabi/lib/thumb/v7e-m+fp/hard\libc_nano.a(libc_a-memset.o)
                0x0800f40c                memset
 .text._reclaim_reent
                0x0800f41c       0xbc D:/STM32CubeIDE_1.18.0/STM32CubeIDE/plugins/com.st.stm32cube.ide.mcu.externaltools.gnu-tools-for-stm32.13.3.rel1.win32_1.0.0.202411081344/tools/bin/../lib/gcc/arm-none-eabi/13.3.1/../../../../arm-none-eabi/lib/thumb/v7e-m+fp/hard\libc_nano.a(libc_a-reent.o)
                0x0800f41c                _reclaim_reent
 .text._sbrk_r  0x0800f4d8       0x20 D:/STM32CubeIDE_1.18.0/STM32CubeIDE/plugins/com.st.stm32cube.ide.mcu.externaltools.gnu-tools-for-stm32.13.3.rel1.win32_1.0.0.202411081344/tools/bin/../lib/gcc/arm-none-eabi/13.3.1/../../../../arm-none-eabi/lib/thumb/v7e-m+fp/hard\libc_nano.a(libc_a-sbrkr.o)
                0x0800f4d8                _sbrk_r
 .text.__errno  0x0800f4f8        0xc D:/STM32CubeIDE_1.18.0/STM32CubeIDE/plugins/com.st.stm32cube.ide.mcu.externaltools.gnu-tools-for-stm32.13.3.rel1.win32_1.0.0.202411081344/tools/bin/../lib/gcc/arm-none-eabi/13.3.1/../../../../arm-none-eabi/lib/thumb/v7e-m+fp/hard\libc_nano.a(libc_a-errno.o)
                0x0800f4f8                __errno
 .text.__libc_init_array
                0x0800f504       0x48 D:/STM32CubeIDE_1.18.0/STM32CubeIDE/plugins/com.st.stm32cube.ide.mcu.externaltools.gnu-tools-for-stm32.13.3.rel1.win32_1.0.0.202411081344/tools/bin/../lib/gcc/arm-none-eabi/13.3.1/../../../../arm-none-eabi/lib/thumb/v7e-m+fp/hard\libc_nano.a(libc_a-init.o)
                0x0800f504                __libc_init_array
 .text.memcpy   0x0800f54c       0x1c D:/STM32CubeIDE_1.18.0/STM32CubeIDE/plugins/com.st.stm32cube.ide.mcu.externaltools.gnu-tools-for-stm32.13.3.rel1.win32_1.0.0.202411081344/tools/bin/../lib/gcc/arm-none-eabi/13.3.1/../../../../arm-none-eabi/lib/thumb/v7e-m+fp/hard\libc_nano.a(libc_a-memcpy-stub.o)
                0x0800f54c                memcpy
 .text._free_r  0x0800f568       0x94 D:/STM32CubeIDE_1.18.0/STM32CubeIDE/plugins/com.st.stm32cube.ide.mcu.externaltools.gnu-tools-for-stm32.13.3.rel1.win32_1.0.0.202411081344/tools/bin/../lib/gcc/arm-none-eabi/13.3.1/../../../../arm-none-eabi/lib/thumb/v7e-m+fp/hard\libc_nano.a(libc_a-freer.o)
                0x0800f568                _free_r
 .text.__ssputs_r
                0x0800f5fc       0xb6 D:/STM32CubeIDE_1.18.0/STM32CubeIDE/plugins/com.st.stm32cube.ide.mcu.externaltools.gnu-tools-for-stm32.13.3.rel1.win32_1.0.0.202411081344/tools/bin/../lib/gcc/arm-none-eabi/13.3.1/../../../../arm-none-eabi/lib/thumb/v7e-m+fp/hard\libc_nano.a(libc_a-nano-svfprintf.o)
                0x0800f5fc                __ssputs_r
 *fill*         0x0800f6b2        0x2 
 .text._svfprintf_r
                0x0800f6b4      0x1f8 D:/STM32CubeIDE_1.18.0/STM32CubeIDE/plugins/com.st.stm32cube.ide.mcu.externaltools.gnu-tools-for-stm32.13.3.rel1.win32_1.0.0.202411081344/tools/bin/../lib/gcc/arm-none-eabi/13.3.1/../../../../arm-none-eabi/lib/thumb/v7e-m+fp/hard\libc_nano.a(libc_a-nano-svfprintf.o)
                0x0800f6b4                _svfiprintf_r
                0x0800f6b4                _svfprintf_r
 .text._printf_common
                0x0800f8ac       0xda D:/STM32CubeIDE_1.18.0/STM32CubeIDE/plugins/com.st.stm32cube.ide.mcu.externaltools.gnu-tools-for-stm32.13.3.rel1.win32_1.0.0.202411081344/tools/bin/../lib/gcc/arm-none-eabi/13.3.1/../../../../arm-none-eabi/lib/thumb/v7e-m+fp/hard\libc_nano.a(libc_a-nano-vfprintf_i.o)
                0x0800f8ac                _printf_common
 *fill*         0x0800f986        0x2 
 .text._printf_i
                0x0800f988      0x23c D:/STM32CubeIDE_1.18.0/STM32CubeIDE/plugins/com.st.stm32cube.ide.mcu.externaltools.gnu-tools-for-stm32.13.3.rel1.win32_1.0.0.202411081344/tools/bin/../lib/gcc/arm-none-eabi/13.3.1/../../../../arm-none-eabi/lib/thumb/v7e-m+fp/hard\libc_nano.a(libc_a-nano-vfprintf_i.o)
                0x0800f988                _printf_i
 .text.memmove  0x0800fbc4       0x34 D:/STM32CubeIDE_1.18.0/STM32CubeIDE/plugins/com.st.stm32cube.ide.mcu.externaltools.gnu-tools-for-stm32.13.3.rel1.win32_1.0.0.202411081344/tools/bin/../lib/gcc/arm-none-eabi/13.3.1/../../../../arm-none-eabi/lib/thumb/v7e-m+fp/hard\libc_nano.a(libc_a-memmove.o)
                0x0800fbc4                memmove
 .text._realloc_r
                0x0800fbf8       0x5c D:/STM32CubeIDE_1.18.0/STM32CubeIDE/plugins/com.st.stm32cube.ide.mcu.externaltools.gnu-tools-for-stm32.13.3.rel1.win32_1.0.0.202411081344/tools/bin/../lib/gcc/arm-none-eabi/13.3.1/../../../../arm-none-eabi/lib/thumb/v7e-m+fp/hard\libc_nano.a(libc_a-reallocr.o)
                0x0800fbf8                _realloc_r
 .text._malloc_usable_size_r
                0x0800fc54       0x10 D:/STM32CubeIDE_1.18.0/STM32CubeIDE/plugins/com.st.stm32cube.ide.mcu.externaltools.gnu-tools-for-stm32.13.3.rel1.win32_1.0.0.202411081344/tools/bin/../lib/gcc/arm-none-eabi/13.3.1/../../../../arm-none-eabi/lib/thumb/v7e-m+fp/hard\libc_nano.a(libc_a-msizer.o)
                0x0800fc54                _malloc_usable_size_r
 *(.glue_7)
 .glue_7        0x0800fc64        0x0 linker stubs
 *(.glue_7t)
 .glue_7t       0x0800fc64        0x0 linker stubs
 *(.eh_frame)
 .eh_frame      0x0800fc64        0x0 D:/STM32CubeIDE_1.18.0/STM32CubeIDE/plugins/com.st.stm32cube.ide.mcu.externaltools.gnu-tools-for-stm32.13.3.rel1.win32_1.0.0.202411081344/tools/bin/../lib/gcc/arm-none-eabi/13.3.1/thumb/v7e-m+fp/hard/crtbegin.o
 *(.init)
 .init          0x0800fc64        0x4 D:/STM32CubeIDE_1.18.0/STM32CubeIDE/plugins/com.st.stm32cube.ide.mcu.externaltools.gnu-tools-for-stm32.13.3.rel1.win32_1.0.0.202411081344/tools/bin/../lib/gcc/arm-none-eabi/13.3.1/thumb/v7e-m+fp/hard/crti.o
                0x0800fc64                _init
 .init          0x0800fc68        0x8 D:/STM32CubeIDE_1.18.0/STM32CubeIDE/plugins/com.st.stm32cube.ide.mcu.externaltools.gnu-tools-for-stm32.13.3.rel1.win32_1.0.0.202411081344/tools/bin/../lib/gcc/arm-none-eabi/13.3.1/thumb/v7e-m+fp/hard/crtn.o
 *(.fini)
 .fini          0x0800fc70        0x4 D:/STM32CubeIDE_1.18.0/STM32CubeIDE/plugins/com.st.stm32cube.ide.mcu.externaltools.gnu-tools-for-stm32.13.3.rel1.win32_1.0.0.202411081344/tools/bin/../lib/gcc/arm-none-eabi/13.3.1/thumb/v7e-m+fp/hard/crti.o
                0x0800fc70                _fini
 .fini          0x0800fc74        0x8 D:/STM32CubeIDE_1.18.0/STM32CubeIDE/plugins/com.st.stm32cube.ide.mcu.externaltools.gnu-tools-for-stm32.13.3.rel1.win32_1.0.0.202411081344/tools/bin/../lib/gcc/arm-none-eabi/13.3.1/thumb/v7e-m+fp/hard/crtn.o
                0x0800fc7c                        . = ALIGN (0x4)
                0x0800fc7c                        _etext = .

.vfp11_veneer   0x0800fc7c        0x0
 .vfp11_veneer  0x0800fc7c        0x0 linker stubs

.v4_bx          0x0800fc7c        0x0
 .v4_bx         0x0800fc7c        0x0 linker stubs

.iplt           0x0800fc7c        0x0
 .iplt          0x0800fc7c        0x0 D:/STM32CubeIDE_1.18.0/STM32CubeIDE/plugins/com.st.stm32cube.ide.mcu.externaltools.gnu-tools-for-stm32.13.3.rel1.win32_1.0.0.202411081344/tools/bin/../lib/gcc/arm-none-eabi/13.3.1/thumb/v7e-m+fp/hard/crtbegin.o

.rodata         0x0800fc7c      0x2c4
                0x0800fc7c                        . = ALIGN (0x4)
 *(.rodata)
 .rodata        0x0800fc7c       0xd2 ./Core/Src/app_freertos.o
 *fill*         0x0800fd4e        0x2 
 .rodata        0x0800fd50       0x50 ./Middlewares/Third_Party/AL94_USB_Composite/COMPOSITE/App/usbd_desc.o
 .rodata        0x0800fda0       0x23 ./Middlewares/Third_Party/AL94_USB_Composite/COMPOSITE/Class/COMPOSITE/Src/usbd_composite.o
 *fill*         0x0800fdc3        0x1 
 .rodata        0x0800fdc4        0x5 ./Middlewares/Third_Party/FreeRTOS/Source/tasks.o
 *(.rodata*)
 *fill*         0x0800fdc9        0x3 
 .rodata.gamma8
                0x0800fdcc      0x100 ./Core/Src/LED.o
                0x0800fdcc                gamma8
 .rodata.AHBPrescTable
                0x0800fecc       0x10 ./Core/Src/system_stm32g4xx.o
                0x0800fecc                AHBPrescTable
 .rodata.APBPrescTable
                0x0800fedc        0x8 ./Core/Src/system_stm32g4xx.o
                0x0800fedc                APBPrescTable
 .rodata.UARTPrescTable
                0x0800fee4       0x18 ./Drivers/STM32G4xx_HAL_Driver/Src/stm32g4xx_hal_uart.o
                0x0800fee4                UARTPrescTable
 .rodata.numerator.1
                0x0800fefc        0x8 ./Drivers/STM32G4xx_HAL_Driver/Src/stm32g4xx_hal_uart_ex.o
 .rodata.denominator.0
                0x0800ff04        0x8 ./Drivers/STM32G4xx_HAL_Driver/Src/stm32g4xx_hal_uart_ex.o
 .rodata._svfprintf_r.str1.1
                0x0800ff0c       0x33 D:/STM32CubeIDE_1.18.0/STM32CubeIDE/plugins/com.st.stm32cube.ide.mcu.externaltools.gnu-tools-for-stm32.13.3.rel1.win32_1.0.0.202411081344/tools/bin/../lib/gcc/arm-none-eabi/13.3.1/../../../../arm-none-eabi/lib/thumb/v7e-m+fp/hard\libc_nano.a(libc_a-nano-svfprintf.o)
                                 0x11 (size before relaxing)
 .rodata._printf_i.str1.1
                0x0800ff3f       0x22 D:/STM32CubeIDE_1.18.0/STM32CubeIDE/plugins/com.st.stm32cube.ide.mcu.externaltools.gnu-tools-for-stm32.13.3.rel1.win32_1.0.0.202411081344/tools/bin/../lib/gcc/arm-none-eabi/13.3.1/../../../../arm-none-eabi/lib/thumb/v7e-m+fp/hard\libc_nano.a(libc_a-nano-vfprintf_i.o)
                0x0800ff64                        . = ALIGN (0x4)
 *fill*         0x0800ff3f        0x1 

.ARM.extab      0x0800ff40        0x0
                0x0800ff40                        . = ALIGN (0x4)
 *(.ARM.extab* .gnu.linkonce.armextab.*)
                0x0800ff40                        . = ALIGN (0x4)

.ARM            0x0800ff40        0x8
                0x0800ff40                        . = ALIGN (0x4)
                0x0800ff40                        __exidx_start = .
 *(.ARM.exidx*)
 .ARM.exidx     0x0800ff40        0x8 D:/STM32CubeIDE_1.18.0/STM32CubeIDE/plugins/com.st.stm32cube.ide.mcu.externaltools.gnu-tools-for-stm32.13.3.rel1.win32_1.0.0.202411081344/tools/bin/../lib/gcc/arm-none-eabi/13.3.1/../../../../arm-none-eabi/lib/thumb/v7e-m+fp/hard\libc_nano.a(libc_a-memchr.o)
 .ARM.exidx     0x0800ff48        0x0 D:/STM32CubeIDE_1.18.0/STM32CubeIDE/plugins/com.st.stm32cube.ide.mcu.externaltools.gnu-tools-for-stm32.13.3.rel1.win32_1.0.0.202411081344/tools/bin/../lib/gcc/arm-none-eabi/13.3.1/thumb/v7e-m+fp/hard\libgcc.a(_udivmoddi4.o)
                                  0x8 (size before relaxing)
                0x0800ff48                        __exidx_end = .
                0x0800ff48                        . = ALIGN (0x4)

.preinit_array  0x0800ff48        0x0
                0x0800ff48                        . = ALIGN (0x4)
                0x0800ff48                        PROVIDE (__preinit_array_start = .)
 *(.preinit_array*)
                0x0800ff48                        PROVIDE (__preinit_array_end = .)
                0x0800ff48                        . = ALIGN (0x4)

.init_array     0x0800ff48        0x4
                0x0800ff48                        . = ALIGN (0x4)
                0x0800ff48                        PROVIDE (__init_array_start = .)
 *(SORT_BY_NAME(.init_array.*))
 *(.init_array*)
 .init_array    0x0800ff48        0x4 D:/STM32CubeIDE_1.18.0/STM32CubeIDE/plugins/com.st.stm32cube.ide.mcu.externaltools.gnu-tools-for-stm32.13.3.rel1.win32_1.0.0.202411081344/tools/bin/../lib/gcc/arm-none-eabi/13.3.1/thumb/v7e-m+fp/hard/crtbegin.o
                0x0800ff4c                        PROVIDE (__init_array_end = .)
                0x0800ff4c                        . = ALIGN (0x4)

.fini_array     0x0800ff4c        0x4
                0x0800ff4c                        . = ALIGN (0x4)
                [!provide]                        PROVIDE (__fini_array_start = .)
 *(SORT_BY_NAME(.fini_array.*))
 *(.fini_array*)
 .fini_array    0x0800ff4c        0x4 D:/STM32CubeIDE_1.18.0/STM32CubeIDE/plugins/com.st.stm32cube.ide.mcu.externaltools.gnu-tools-for-stm32.13.3.rel1.win32_1.0.0.202411081344/tools/bin/../lib/gcc/arm-none-eabi/13.3.1/thumb/v7e-m+fp/hard/crtbegin.o
                [!provide]                        PROVIDE (__fini_array_end = .)
                0x0800ff50                        . = ALIGN (0x4)
                0x0800ff50                        _sidata = LOADADDR (.data)

.rel.dyn        0x0800ff50        0x0
 .rel.iplt      0x0800ff50        0x0 D:/STM32CubeIDE_1.18.0/STM32CubeIDE/plugins/com.st.stm32cube.ide.mcu.externaltools.gnu-tools-for-stm32.13.3.rel1.win32_1.0.0.202411081344/tools/bin/../lib/gcc/arm-none-eabi/13.3.1/thumb/v7e-m+fp/hard/crtbegin.o

.data           0x20000000      0xccc load address 0x0800ff50
                0x20000000                        . = ALIGN (0x4)
                0x20000000                        _sdata = .
 *(.data)
 *(.data*)
 .data.RGB_data_raw
                0x20000000       0x18 ./Core/Src/LED.o
                0x20000000                RGB_data_raw
 .data.RGB_data
                0x20000018       0x30 ./Core/Src/LED.o
 .data.RGB_data_DMA_buffer
                0x20000048      0x984 ./Core/Src/LED.o
 .data.heart_beat
                0x200009cc        0x1 ./Core/Src/app_freertos.o
                0x200009cc                heart_beat
 *fill*         0x200009cd        0x3 
 .data.keyboard_sheet
                0x200009d0        0xc ./Core/Src/app_freertos.o
                0x200009d0                keyboard_sheet
 .data.player   0x200009dc        0x1 ./Core/Src/app_freertos.o
                0x200009dc                player
 *fill*         0x200009dd        0x3 
 .data.SystemCoreClock
                0x200009e0        0x4 ./Core/Src/system_stm32g4xx.o
                0x200009e0                SystemCoreClock
 .data.uwTickPrio
                0x200009e4        0x4 ./Drivers/STM32G4xx_HAL_Driver/Src/stm32g4xx_hal.o
                0x200009e4                uwTickPrio
 .data.uwTickFreq
                0x200009e8        0x4 ./Drivers/STM32G4xx_HAL_Driver/Src/stm32g4xx_hal.o
                0x200009e8                uwTickFreq
 .data.pFlash   0x200009ec       0x20 ./Drivers/STM32G4xx_HAL_Driver/Src/stm32g4xx_hal_flash.o
                0x200009ec                pFlash
 .data.USBD_CDC_ACM_fops
                0x20000a0c       0x14 ./Middlewares/Third_Party/AL94_USB_Composite/COMPOSITE/App/usbd_cdc_acm_if.o
                0x20000a0c                USBD_CDC_ACM_fops
 .data.USBD_Desc
                0x20000a20       0x1c ./Middlewares/Third_Party/AL94_USB_Composite/COMPOSITE/App/usbd_desc.o
                0x20000a20                USBD_Desc
 .data.USBD_DeviceDesc
                0x20000a3c       0x12 ./Middlewares/Third_Party/AL94_USB_Composite/COMPOSITE/App/usbd_desc.o
                0x20000a3c                USBD_DeviceDesc
 *fill*         0x20000a4e        0x2 
 .data.USBD_LangIDDesc
                0x20000a50        0x4 ./Middlewares/Third_Party/AL94_USB_Composite/COMPOSITE/App/usbd_desc.o
                0x20000a50                USBD_LangIDDesc
 .data.USBD_StringSerial
                0x20000a54       0x1a ./Middlewares/Third_Party/AL94_USB_Composite/COMPOSITE/App/usbd_desc.o
                0x20000a54                USBD_StringSerial
 *fill*         0x20000a6e        0x2 
 .data.USBD_CDC_DeviceQualifierDesc
                0x20000a70        0xa ./Middlewares/Third_Party/AL94_USB_Composite/COMPOSITE/Class/CDC_ACM/Src/usbd_cdc_acm.o
 *fill*         0x20000a7a        0x2 
 .data.USBD_CDC_ACM
                0x20000a7c       0x3c ./Middlewares/Third_Party/AL94_USB_Composite/COMPOSITE/Class/CDC_ACM/Src/usbd_cdc_acm.o
                0x20000a7c                USBD_CDC_ACM
 .data.USBD_CDC_CfgHSDesc
                0x20000ab8       0x4b ./Middlewares/Third_Party/AL94_USB_Composite/COMPOSITE/Class/CDC_ACM/Src/usbd_cdc_acm.o
 *fill*         0x20000b03        0x1 
 .data.USBD_CDC_CfgFSDesc
                0x20000b04       0x4b ./Middlewares/Third_Party/AL94_USB_Composite/COMPOSITE/Class/CDC_ACM/Src/usbd_cdc_acm.o
 *fill*         0x20000b4f        0x1 
 .data.USBD_COMPOSITE
                0x20000b50       0x3c ./Middlewares/Third_Party/AL94_USB_Composite/COMPOSITE/Class/COMPOSITE/Src/usbd_composite.o
                0x20000b50                USBD_COMPOSITE
 .data.USBD_Track_String_Index
                0x20000b8c        0x1 ./Middlewares/Third_Party/AL94_USB_Composite/COMPOSITE/Class/COMPOSITE/Src/usbd_composite.o
                0x20000b8c                USBD_Track_String_Index
 *fill*         0x20000b8d        0x3 
 .data.USBD_COMPOSITE_DeviceQualifierDesc
                0x20000b90        0xa ./Middlewares/Third_Party/AL94_USB_Composite/COMPOSITE/Class/COMPOSITE/Src/usbd_composite.o
 .data.HID_KEYBOARD_IN_EP
                0x20000b9a        0x1 ./Middlewares/Third_Party/AL94_USB_Composite/COMPOSITE/Class/HID_KEYBOARD/Src/usbd_hid_keyboard.o
                0x20000b9a                HID_KEYBOARD_IN_EP
 *fill*         0x20000b9b        0x1 
 .data.USBD_HID_KEYBOARD
                0x20000b9c       0x3c ./Middlewares/Third_Party/AL94_USB_Composite/COMPOSITE/Class/HID_KEYBOARD/Src/usbd_hid_keyboard.o
                0x20000b9c                USBD_HID_KEYBOARD
 .data.USBD_HID_KEYBOARD_CfgFSDesc
                0x20000bd8       0x22 ./Middlewares/Third_Party/AL94_USB_Composite/COMPOSITE/Class/HID_KEYBOARD/Src/usbd_hid_keyboard.o
 *fill*         0x20000bfa        0x2 
 .data.USBD_HID_KEYBOARD_CfgHSDesc
                0x20000bfc       0x22 ./Middlewares/Third_Party/AL94_USB_Composite/COMPOSITE/Class/HID_KEYBOARD/Src/usbd_hid_keyboard.o
 *fill*         0x20000c1e        0x2 
 .data.USBD_HID_KEYBOARD_Desc
                0x20000c20        0x9 ./Middlewares/Third_Party/AL94_USB_Composite/COMPOSITE/Class/HID_KEYBOARD/Src/usbd_hid_keyboard.o
 *fill*         0x20000c29        0x3 
 .data.USBD_HID_DeviceQualifierDesc
                0x20000c2c        0xa ./Middlewares/Third_Party/AL94_USB_Composite/COMPOSITE/Class/HID_KEYBOARD/Src/usbd_hid_keyboard.o
 *fill*         0x20000c36        0x2 
 .data.HID_KEYBOARD_ReportDesc
                0x20000c38       0x3f ./Middlewares/Third_Party/AL94_USB_Composite/COMPOSITE/Class/HID_KEYBOARD/Src/usbd_hid_keyboard.o
 *fill*         0x20000c77        0x1 
 .data.uxCriticalNesting
                0x20000c78        0x4 ./Middlewares/Third_Party/FreeRTOS/Source/portable/GCC/ARM_CM4F/port.o
 .data._impure_ptr
                0x20000c7c        0x4 D:/STM32CubeIDE_1.18.0/STM32CubeIDE/plugins/com.st.stm32cube.ide.mcu.externaltools.gnu-tools-for-stm32.13.3.rel1.win32_1.0.0.202411081344/tools/bin/../lib/gcc/arm-none-eabi/13.3.1/../../../../arm-none-eabi/lib/thumb/v7e-m+fp/hard\libc_nano.a(libc_a-impure.o)
                0x20000c7c                _impure_ptr
 .data._impure_data
                0x20000c80       0x4c D:/STM32CubeIDE_1.18.0/STM32CubeIDE/plugins/com.st.stm32cube.ide.mcu.externaltools.gnu-tools-for-stm32.13.3.rel1.win32_1.0.0.202411081344/tools/bin/../lib/gcc/arm-none-eabi/13.3.1/../../../../arm-none-eabi/lib/thumb/v7e-m+fp/hard\libc_nano.a(libc_a-impure.o)
                0x20000c80                _impure_data
 *(.RamFunc)
 *(.RamFunc*)
                0x20000ccc                        . = ALIGN (0x4)
                0x20000ccc                        _edata = .

.igot.plt       0x20000ccc        0x0 load address 0x08010c1c
 .igot.plt      0x20000ccc        0x0 D:/STM32CubeIDE_1.18.0/STM32CubeIDE/plugins/com.st.stm32cube.ide.mcu.externaltools.gnu-tools-for-stm32.13.3.rel1.win32_1.0.0.202411081344/tools/bin/../lib/gcc/arm-none-eabi/13.3.1/thumb/v7e-m+fp/hard/crtbegin.o
                0x20000ccc                        . = ALIGN (0x4)

.bss            0x20000cd0     0x2530 load address 0x08010c1c
                0x20000cd0                        _sbss = .
                0x20000cd0                        __bss_start__ = _sbss
 *(.bss)
 .bss           0x20000cd0       0x1c D:/STM32CubeIDE_1.18.0/STM32CubeIDE/plugins/com.st.stm32cube.ide.mcu.externaltools.gnu-tools-for-stm32.13.3.rel1.win32_1.0.0.202411081344/tools/bin/../lib/gcc/arm-none-eabi/13.3.1/thumb/v7e-m+fp/hard/crtbegin.o
 *(.bss*)
 .bss.touch_scan_flag
                0x20000cec        0x1 ./Core/Src/app_freertos.o
                0x20000cec                touch_scan_flag
 *fill*         0x20000ced        0x3 
 .bss.current_touch_status
                0x20000cf0       0x22 ./Core/Src/app_freertos.o
                0x20000cf0                current_touch_status
 *fill*         0x20000d12        0x2 
 .bss.current_button_status
                0x20000d14        0x2 ./Core/Src/app_freertos.o
                0x20000d14                current_button_status
 *fill*         0x20000d16        0x2 
 .bss.TouchTaskHandle
                0x20000d18        0x4 ./Core/Src/app_freertos.o
                0x20000d18                TouchTaskHandle
 .bss.ButtonTaskHandle
                0x20000d1c        0x4 ./Core/Src/app_freertos.o
                0x20000d1c                ButtonTaskHandle
 .bss.CommandTaskHandle
                0x20000d20        0x4 ./Core/Src/app_freertos.o
                0x20000d20                CommandTaskHandle
 .bss.LEDTaskHandle
                0x20000d24        0x4 ./Core/Src/app_freertos.o
                0x20000d24                LEDTaskHandle
 .bss.button_init_state
                0x20000d28       0x20 ./Core/Src/button.o
 .bss.button    0x20000d48        0x2 ./Core/Src/button.o
                0x20000d48                button
 *fill*         0x20000d4a        0x2 
 .bss.uart_dma_buffer
                0x20000d4c       0x80 ./Core/Src/capsense.o