Archive member included to satisfy reference by file (symbol)

D:/STM32CubeIDE_1.16.0/STM32CubeIDE/plugins/com.st.stm32cube.ide.mcu.externaltools.gnu-tools-for-stm32.12.3.rel1.win32_1.0.200.202406191623/tools/bin/../lib/gcc/arm-none-eabi/12.3.1/../../../../arm-none-eabi/lib/thumb/v7e-m+fp/hard\libc_nano.a(libc_a-exit.o)
                              D:/STM32CubeIDE_1.16.0/STM32CubeIDE/plugins/com.st.stm32cube.ide.mcu.externaltools.gnu-tools-for-stm32.12.3.rel1.win32_1.0.200.202406191623/tools/bin/../lib/gcc/arm-none-eabi/12.3.1/../../../../arm-none-eabi/lib/thumb/v7e-m+fp/hard/crt0.o (exit)
D:/STM32CubeIDE_1.16.0/STM32CubeIDE/plugins/com.st.stm32cube.ide.mcu.externaltools.gnu-tools-for-stm32.12.3.rel1.win32_1.0.200.202406191623/tools/bin/../lib/gcc/arm-none-eabi/12.3.1/../../../../arm-none-eabi/lib/thumb/v7e-m+fp/hard\libc_nano.a(libc_a-findfp.o)
                              ./Middlewares/Third_Party/FreeRTOS/Source/tasks.o (__sf)
D:/STM32CubeIDE_1.16.0/STM32CubeIDE/plugins/com.st.stm32cube.ide.mcu.externaltools.gnu-tools-for-stm32.12.3.rel1.win32_1.0.200.202406191623/tools/bin/../lib/gcc/arm-none-eabi/12.3.1/../../../../arm-none-eabi/lib/thumb/v7e-m+fp/hard\libc_nano.a(libc_a-fwalk.o)
                              D:/STM32CubeIDE_1.16.0/STM32CubeIDE/plugins/com.st.stm32cube.ide.mcu.externaltools.gnu-tools-for-stm32.12.3.rel1.win32_1.0.200.202406191623/tools/bin/../lib/gcc/arm-none-eabi/12.3.1/../../../../arm-none-eabi/lib/thumb/v7e-m+fp/hard\libc_nano.a(libc_a-findfp.o) (_fwalk_sglue)
D:/STM32CubeIDE_1.16.0/STM32CubeIDE/plugins/com.st.stm32cube.ide.mcu.externaltools.gnu-tools-for-stm32.12.3.rel1.win32_1.0.200.202406191623/tools/bin/../lib/gcc/arm-none-eabi/12.3.1/../../../../arm-none-eabi/lib/thumb/v7e-m+fp/hard\libc_nano.a(libc_a-stdio.o)
                              D:/STM32CubeIDE_1.16.0/STM32CubeIDE/plugins/com.st.stm32cube.ide.mcu.externaltools.gnu-tools-for-stm32.12.3.rel1.win32_1.0.200.202406191623/tools/bin/../lib/gcc/arm-none-eabi/12.3.1/../../../../arm-none-eabi/lib/thumb/v7e-m+fp/hard\libc_nano.a(libc_a-findfp.o) (__sread)
D:/STM32CubeIDE_1.16.0/STM32CubeIDE/plugins/com.st.stm32cube.ide.mcu.externaltools.gnu-tools-for-stm32.12.3.rel1.win32_1.0.200.202406191623/tools/bin/../lib/gcc/arm-none-eabi/12.3.1/../../../../arm-none-eabi/lib/thumb/v7e-m+fp/hard\libc_nano.a(libc_a-memset.o)
                              D:/STM32CubeIDE_1.16.0/STM32CubeIDE/plugins/com.st.stm32cube.ide.mcu.externaltools.gnu-tools-for-stm32.12.3.rel1.win32_1.0.200.202406191623/tools/bin/../lib/gcc/arm-none-eabi/12.3.1/../../../../arm-none-eabi/lib/thumb/v7e-m+fp/hard/crt0.o (memset)
D:/STM32CubeIDE_1.16.0/STM32CubeIDE/plugins/com.st.stm32cube.ide.mcu.externaltools.gnu-tools-for-stm32.12.3.rel1.win32_1.0.200.202406191623/tools/bin/../lib/gcc/arm-none-eabi/12.3.1/../../../../arm-none-eabi/lib/thumb/v7e-m+fp/hard\libc_nano.a(libc_a-closer.o)
                              D:/STM32CubeIDE_1.16.0/STM32CubeIDE/plugins/com.st.stm32cube.ide.mcu.externaltools.gnu-tools-for-stm32.12.3.rel1.win32_1.0.200.202406191623/tools/bin/../lib/gcc/arm-none-eabi/12.3.1/../../../../arm-none-eabi/lib/thumb/v7e-m+fp/hard\libc_nano.a(libc_a-stdio.o) (_close_r)
D:/STM32CubeIDE_1.16.0/STM32CubeIDE/plugins/com.st.stm32cube.ide.mcu.externaltools.gnu-tools-for-stm32.12.3.rel1.win32_1.0.200.202406191623/tools/bin/../lib/gcc/arm-none-eabi/12.3.1/../../../../arm-none-eabi/lib/thumb/v7e-m+fp/hard\libc_nano.a(libc_a-reent.o)
                              ./Middlewares/Third_Party/FreeRTOS/Source/tasks.o (_reclaim_reent)
D:/STM32CubeIDE_1.16.0/STM32CubeIDE/plugins/com.st.stm32cube.ide.mcu.externaltools.gnu-tools-for-stm32.12.3.rel1.win32_1.0.200.202406191623/tools/bin/../lib/gcc/arm-none-eabi/12.3.1/../../../../arm-none-eabi/lib/thumb/v7e-m+fp/hard\libc_nano.a(libc_a-impure.o)
                              ./Middlewares/Third_Party/FreeRTOS/Source/tasks.o (_impure_ptr)
D:/STM32CubeIDE_1.16.0/STM32CubeIDE/plugins/com.st.stm32cube.ide.mcu.externaltools.gnu-tools-for-stm32.12.3.rel1.win32_1.0.200.202406191623/tools/bin/../lib/gcc/arm-none-eabi/12.3.1/../../../../arm-none-eabi/lib/thumb/v7e-m+fp/hard\libc_nano.a(libc_a-lseekr.o)
                              D:/STM32CubeIDE_1.16.0/STM32CubeIDE/plugins/com.st.stm32cube.ide.mcu.externaltools.gnu-tools-for-stm32.12.3.rel1.win32_1.0.200.202406191623/tools/bin/../lib/gcc/arm-none-eabi/12.3.1/../../../../arm-none-eabi/lib/thumb/v7e-m+fp/hard\libc_nano.a(libc_a-stdio.o) (_lseek_r)
D:/STM32CubeIDE_1.16.0/STM32CubeIDE/plugins/com.st.stm32cube.ide.mcu.externaltools.gnu-tools-for-stm32.12.3.rel1.win32_1.0.200.202406191623/tools/bin/../lib/gcc/arm-none-eabi/12.3.1/../../../../arm-none-eabi/lib/thumb/v7e-m+fp/hard\libc_nano.a(libc_a-readr.o)
[...]
Memory Configuration

Name             Origin             Length             Attributes
RAM              0x20000000         0x00008000         xrw
FLASH            0x08000000         0x0001c000         xr
*default*        0x00000000         0xffffffff

Linker script and memory map

LOAD D:/STM32CubeIDE_1.16.0/STM32CubeIDE/plugins/com.st.stm32cube.ide.mcu.externaltools.gnu-tools-for-stm32.12.3.rel1.win32_1.0.200.202406191623/tools/bin/../lib/gcc/arm-none-eabi/12.3.1/thumb/v7e-m+fp/hard/crti.o
LOAD D:/STM32CubeIDE_1.16.0/STM32CubeIDE/plugins/com.st.stm32cube.ide.mcu.externaltools.gnu-tools-for-stm32.12.3.rel1.win32_1.0.200.202406191623/tools/bin/../lib/gcc/arm-none-eabi/12.3.1/thumb/v7e-m+fp/hard/crtbegin.o
LOAD D:/STM32CubeIDE_1.16.0/STM32CubeIDE/plugins/com.st.stm32cube.ide.mcu.externaltools.gnu-tools-for-stm32.12.3.rel1.win32_1.0.200.202406191623/tools/bin/../lib/gcc/arm-none-eabi/12.3.1/../../../../arm-none-eabi/lib/thumb/v7e-m+fp/hard/crt0.o
LOAD ./Core/Src/LED.o
LOAD ./Core/Src/app_freertos.o
LOAD ./Core/Src/button.o
LOAD ./Core/Src/capsense.o
LOAD ./Core/Src/dma.o
LOAD ./Core/Src/gpio.o
LOAD ./Core/Src/main.o
LOAD ./Core/Src/slider.o
LOAD ./Core/Src/stm32g4xx_hal_msp.o
LOAD ./Core/Src/stm32g4xx_hal_timebase_tim.o
LOAD ./Core/Src/stm32g4xx_it.o
LOAD ./Core/Src/syscalls.o
LOAD ./Core/Src/sysmem.o
LOAD ./Core/Src/system_stm32g4xx.o
LOAD ./Core/Src/tim.o
LOAD ./Core/Src/usart.o
LOAD ./Core/Startup/startup_stm32g431cbux.o
LOAD ./Drivers/STM32G4xx_HAL_Driver/Src/stm32g4xx_hal.o
LOAD ./Drivers/STM32G4xx_HAL_Driver/Src/stm32g4xx_hal_cortex.o
LOAD ./Drivers/STM32G4xx_HAL_Driver/Src/stm32g4xx_hal_dma.o
LOAD ./Drivers/STM32G4xx_HAL_Driver/Src/stm32g4xx_hal_dma_ex.o
LOAD ./Drivers/STM32G4xx_HAL_Driver/Src/stm32g4xx_hal_exti.o
LOAD ./Drivers/STM32G4xx_HAL_Driver/Src/stm32g4xx_hal_flash.o
LOAD ./Drivers/STM32G4xx_HAL_Driver/Src/stm32g4xx_hal_flash_ex.o
LOAD ./Drivers/STM32G4xx_HAL_Driver/Src/stm32g4xx_hal_flash_ramfunc.o
LOAD ./Drivers/STM32G4xx_HAL_Driver/Src/stm32g4xx_hal_gpio.o
LOAD ./Drivers/STM32G4xx_HAL_Driver/Src/stm32g4xx_hal_pcd.o
LOAD ./Drivers/STM32G4xx_HAL_Driver/Src/stm32g4xx_hal_pcd_ex.o
LOAD ./Drivers/STM32G4xx_HAL_Driver/Src/stm32g4xx_hal_pwr.o
LOAD ./Drivers/STM32G4xx_HAL_Driver/Src/stm32g4xx_hal_pwr_ex.o
LOAD ./Drivers/STM32G4xx_HAL_Driver/Src/stm32g4xx_hal_rcc.o
LOAD ./Drivers/STM32G4xx_HAL_Driver/Src/stm32g4xx_hal_rcc_ex.o
LOAD ./Drivers/STM32G4xx_HAL_Driver/Src/stm32g4xx_hal_tim.o
LOAD ./Drivers/STM32G4xx_HAL_Driver/Src/stm32g4xx_hal_tim_ex.o
LOAD ./Drivers/STM32G4xx_HAL_Driver/Src/stm32g4xx_hal_uart.o
LOAD ./Drivers/STM32G4xx_HAL_Driver/Src/stm32g4xx_hal_uart_ex.o
LOAD ./Drivers/STM32G4xx_HAL_Driver/Src/stm32g4xx_ll_usb.o
LOAD ./Middlewares/ST/STM32_USB_Device_Library/Class/CDC/Src/usbd_cdc.o
LOAD ./Middlewares/ST/STM32_USB_Device_Library/Core/Src/usbd_core.o
LOAD ./Middlewares/ST/STM32_USB_Device_Library/Core/Src/usbd_ctlreq.o
LOAD ./Middlewares/ST/STM32_USB_Device_Library/Core/Src/usbd_ioreq.o
LOAD ./Middlewares/Third_Party/FreeRTOS/Source/CMSIS_RTOS/cmsis_os.o
LOAD ./Middlewares/Third_Party/FreeRTOS/Source/croutine.o
LOAD ./Middlewares/Third_Party/FreeRTOS/Source/event_groups.o
LOAD ./Middlewares/Third_Party/FreeRTOS/Source/list.o
LOAD ./Middlewares/Third_Party/FreeRTOS/Source/queue.o
LOAD ./Middlewares/Third_Party/FreeRTOS/Source/stream_buffer.o
LOAD ./Middlewares/Third_Party/FreeRTOS/Source/tasks.o
LOAD ./Middlewares/Third_Party/FreeRTOS/Source/timers.o
LOAD ./Middlewares/Third_Party/FreeRTOS/Source/portable/GCC/ARM_CM4F/port.o
LOAD ./Middlewares/Third_Party/FreeRTOS/Source/portable/MemMang/heap_4.o
LOAD ./USB_Device/App/usb_device.o
LOAD ./USB_Device/App/usbd_cdc_if.o
LOAD ./USB_Device/App/usbd_desc.o
LOAD ./USB_Device/Target/usbd_conf.o
START GROUP
LOAD D:/STM32CubeIDE_1.16.0/STM32CubeIDE/plugins/com.st.stm32cube.ide.mcu.externaltools.gnu-tools-for-stm32.12.3.rel1.win32_1.0.200.202406191623/tools/bin/../lib/gcc/arm-none-eabi/12.3.1/../../../../arm-none-eabi/lib/thumb/v7e-m+fp/hard\libc_nano.a
LOAD D:/STM32CubeIDE_1.16.0/STM32CubeIDE/plugins/com.st.stm32cube.ide.mcu.externaltools.gnu-tools-for-stm32.12.3.rel1.win32_1.0.200.202406191623/tools/bin/../lib/gcc/arm-none-eabi/12.3.1/../../../../arm-none-eabi/lib/thumb/v7e-m+fp/hard\libm.a
END GROUP
START GROUP
LOAD D:/STM32CubeIDE_1.16.0/STM32CubeIDE/plugins/com.st.stm32cube.ide.mcu.externaltools.gnu-tools-for-stm32.12.3.rel1.win32_1.0.200.202406191623/tools/bin/../lib/gcc/arm-none-eabi/12.3.1/thumb/v7e-m+fp/hard\libgcc.a
LOAD D:/STM32CubeIDE_1.16.0/STM32CubeIDE/plugins/com.st.stm32cube.ide.mcu.externaltools.gnu-tools-for-stm32.12.3.rel1.win32_1.0.200.202406191623/tools/bin/../lib/gcc/arm-none-eabi/12.3.1/../../../../arm-none-eabi/lib/thumb/v7e-m+fp/hard\libc_nano.a
END GROUP
START GROUP
LOAD D:/STM32CubeIDE_1.16.0/STM32CubeIDE/plugins/com.st.stm32cube.ide.mcu.externaltools.gnu-tools-for-stm32.12.3.rel1.win32_1.0.200.202406191623/tools/bin/../lib/gcc/arm-none-eabi/12.3.1/thumb/v7e-m+fp/hard\libgcc.a
LOAD D:/STM32CubeIDE_1.16.0/STM32CubeIDE/plugins/com.st.stm32cube.ide.mcu.externaltools.gnu-tools-for-stm32.12.3.rel1.win32_1.0.200.202406191623/tools/bin/../lib/gcc/arm-none-eabi/12.3.1/../../../../arm-none-eabi/lib/thumb/v7e-m+fp/hard\libc_nano.a
LOAD D:/STM32CubeIDE_1.16.0/STM32CubeIDE/plugins/com.st.stm32cube.ide.mcu.externaltools.gnu-tools-for-stm32.12.3.rel1.win32_1.0.200.202406191623/tools/bin/../lib/gcc/arm-none-eabi/12.3.1/../../../../arm-none-eabi/lib/thumb/v7e-m+fp/hard\libnosys.a
END GROUP
START GROUP
LOAD D:/STM32CubeIDE_1.16.0/STM32CubeIDE/plugins/com.st.stm32cube.ide.mcu.externaltools.gnu-tools-for-stm32.12.3.rel1.win32_1.0.200.202406191623/tools/bin/../lib/gcc/arm-none-eabi/12.3.1/thumb/v7e-m+fp/hard\libgcc.a
LOAD D:/STM32CubeIDE_1.16.0/STM32CubeIDE/plugins/com.st.stm32cube.ide.mcu.externaltools.gnu-tools-for-stm32.12.3.rel1.win32_1.0.200.202406191623/tools/bin/../lib/gcc/arm-none-eabi/12.3.1/../../../../arm-none-eabi/lib/thumb/v7e-m+fp/hard\libc_nano.a
LOAD D:/STM32CubeIDE_1.16.0/STM32CubeIDE/plugins/com.st.stm32cube.ide.mcu.externaltools.gnu-tools-for-stm32.12.3.rel1.win32_1.0.200.202406191623/tools/bin/../lib/gcc/arm-none-eabi/12.3.1/../../../../arm-none-eabi/lib/thumb/v7e-m+fp/hard\libnosys.a
END GROUP
LOAD D:/STM32CubeIDE_1.16.0/STM32CubeIDE/plugins/com.st.stm32cube.ide.mcu.externaltools.gnu-tools-for-stm32.12.3.rel1.win32_1.0.200.202406191623/tools/bin/../lib/gcc/arm-none-eabi/12.3.1/thumb/v7e-m+fp/hard/crtend.o
LOAD D:/STM32CubeIDE_1.16.0/STM32CubeIDE/plugins/com.st.stm32cube.ide.mcu.externaltools.gnu-tools-for-stm32.12.3.rel1.win32_1.0.200.202406191623/tools/bin/../lib/gcc/arm-none-eabi/12.3.1/thumb/v7e-m+fp/hard/crtn.o
                0x20008000                        _estack = (ORIGIN (RAM) + LENGTH (RAM))
                0x00000200                        _Min_Heap_Size = 0x200
                0x00000400                        _Min_Stack_Size = 0x400

.isr_vector     0x08000000      0x1d8
                0x08000000                        . = ALIGN (0x4)
 *(.isr_vector)
 .isr_vector    0x08000000      0x1d8 ./Core/Startup/startup_stm32g431cbux.o
                0x08000000                g_pfnVectors
                0x080001d8                        . = ALIGN (0x4)

.text           0x080001e0     0xd4a0
                0x080001e0                        . = ALIGN (0x4)
 *(.text)
 .text          0x080001e0       0x40 D:/STM32CubeIDE_1.16.0/STM32CubeIDE/plugins/com.st.stm32cube.ide.mcu.externaltools.gnu-tools-for-stm32.12.3.rel1.win32_1.0.200.202406191623/tools/bin/../lib/gcc/arm-none-eabi/12.3.1/thumb/v7e-m+fp/hard/crtbegin.o
 .text          0x08000220       0x30 D:/STM32CubeIDE_1.16.0/STM32CubeIDE/plugins/com.st.stm32cube.ide.mcu.externaltools.gnu-tools-for-stm32.12.3.rel1.win32_1.0.200.202406191623/tools/bin/../lib/gcc/arm-none-eabi/12.3.1/thumb/v7e-m+fp/hard\libgcc.a(_aeabi_uldivmod.o)
                0x08000220                __aeabi_uldivmod
 .text          0x08000250      0x2bc D:/STM32CubeIDE_1.16.0/STM32CubeIDE/plugins/com.st.stm32cube.ide.mcu.externaltools.gnu-tools-for-stm32.12.3.rel1.win32_1.0.200.202406191623/tools/bin/../lib/gcc/arm-none-eabi/12.3.1/thumb/v7e-m+fp/hard\libgcc.a(_udivmoddi4.o)
                0x08000250                __udivmoddi4
 .text          0x0800050c        0x4 D:/STM32CubeIDE_1.16.0/STM32CubeIDE/plugins/com.st.stm32cube.ide.mcu.externaltools.gnu-tools-for-stm32.12.3.rel1.win32_1.0.200.202406191623/tools/bin/../lib/gcc/arm-none-eabi/12.3.1/thumb/v7e-m+fp/hard\libgcc.a(_dvmd_tls.o)
                0x0800050c                __aeabi_idiv0
                0x0800050c                __aeabi_ldiv0
 *(.text*)
 .text.LED_set  0x08000510       0x64 ./Core/Src/LED.o
                0x08000510                LED_set
 .text.LED_refresh
                0x08000574      0x13c ./Core/Src/LED.o
                0x08000574                LED_refresh
 .text.MX_FREERTOS_Init
                0x080006b0       0xb4 ./Core/Src/app_freertos.o
                0x080006b0                MX_FREERTOS_Init
 .text.Touch_Task
                0x08000764      0x12c ./Core/Src/app_freertos.o
                0x08000764                Touch_Task
 .text.Button_Task
                0x08000890       0x22 ./Core/Src/app_freertos.o
                0x08000890                Button_Task
 *fill*         0x080008b2        0x2 
 .text.Command_Task
                0x080008b4       0xf8 ./Core/Src/app_freertos.o
                0x080008b4                Command_Task
 .text.LED_Task
                0x080009ac       0xcc ./Core/Src/app_freertos.o
                0x080009ac                LED_Task
 .text.button_init
                0x08000a78       0x84 ./Core/Src/button.o
                0x08000a78                button_init
 .text.button_scan
                0x08000afc      0x12c ./Core/Src/button.o
                0x08000afc                button_scan
 .text.HAL_UARTEx_RxEventCallback
                0x08000c28       0x78 ./Core/Src/capsense.o
                0x08000c28                HAL_UARTEx_RxEventCallback
 .text.capsense_init
                0x08000ca0       0x80 ./Core/Src/capsense.o
                0x08000ca0                capsense_init
 .text.capsense_check
                0x08000d20       0x74 ./Core/Src/capsense.o
                0x08000d20                capsense_check
 .text.MX_DMA_Init
                0x08000d94       0x7c ./Core/Src/dma.o
                0x08000d94                MX_DMA_Init
 .text.MX_GPIO_Init
                0x08000e10       0xe4 ./Core/Src/gpio.o
                0x08000e10                MX_GPIO_Init
 .text.main     0x08000ef4       0x30 ./Core/Src/main.o
                0x08000ef4                main
 .text.SystemClock_Config
                0x08000f24       0x9a ./Core/Src/main.o
                0x08000f24                SystemClock_Config
 .text.HAL_TIM_PeriodElapsedCallback
                0x08000fbe       0x1e ./Core/Src/main.o
                0x08000fbe                HAL_TIM_PeriodElapsedCallback
 .text.Error_Handler
                0x08000fdc        0xc ./Core/Src/main.o
                0x08000fdc                Error_Handler
 .text.HAL_MspInit
                0x08000fe8       0x54 ./Core/Src/stm32g4xx_hal_msp.o
                0x08000fe8                HAL_MspInit
 .text.HAL_InitTick
                0x0800103c       0xd8 ./Core/Src/stm32g4xx_hal_timebase_tim.o
                0x0800103c                HAL_InitTick
 .text.NMI_Handler
                0x08001114        0x8 ./Core/Src/stm32g4xx_it.o
                0x08001114                NMI_Handler
 .text.HardFault_Handler
                0x0800111c        0x8 ./Core/Src/stm32g4xx_it.o
                0x0800111c                HardFault_Handler
 .text.MemManage_Handler
                0x08001124        0x8 ./Core/Src/stm32g4xx_it.o
                0x08001124                MemManage_Handler
 .text.BusFault_Handler
                0x0800112c        0x8 ./Core/Src/stm32g4xx_it.o
                0x0800112c                BusFault_Handler
 .text.UsageFault_Handler
                0x08001134        0x8 ./Core/Src/stm32g4xx_it.o
                0x08001134                UsageFault_Handler
 .text.DebugMon_Handler
                0x0800113c        0xe ./Core/Src/stm32g4xx_it.o
                0x0800113c                DebugMon_Handler
 *fill*         0x0800114a        0x2 
 .text.DMA1_Channel1_IRQHandler
                0x0800114c       0x14 ./Core/Src/stm32g4xx_it.o
                0x0800114c                DMA1_Channel1_IRQHandler
 .text.USB_HP_IRQHandler
                0x08001160       0x14 ./Core/Src/stm32g4xx_it.o
                0x08001160                USB_HP_IRQHandler
 .text.USB_LP_IRQHandler
                0x08001174       0x14 ./Core/Src/stm32g4xx_it.o
                0x08001174                USB_LP_IRQHandler
 .text.TIM2_IRQHandler
                0x08001188       0x14 ./Core/Src/stm32g4xx_it.o
                0x08001188                TIM2_IRQHandler
 .text.USART1_IRQHandler
                0x0800119c       0x14 ./Core/Src/stm32g4xx_it.o
                0x0800119c                USART1_IRQHandler
 .text.UART4_IRQHandler
                0x080011b0       0x5c ./Core/Src/stm32g4xx_it.o
                0x080011b0                UART4_IRQHandler
 .text.DMA2_Channel1_IRQHandler
                0x0800120c       0x14 ./Core/Src/stm32g4xx_it.o
                0x0800120c                DMA2_Channel1_IRQHandler
 .text.SystemInit
                0x08001220       0x24 ./Core/Src/system_stm32g4xx.o
                0x08001220                SystemInit
 .text.MX_TIM3_Init
                0x08001244       0xb4 ./Core/Src/tim.o
                0x08001244                MX_TIM3_Init
 .text.MX_TIM4_Init
                0x080012f8       0xe0 ./Core/Src/tim.o
                0x080012f8                MX_TIM4_Init
 .text.HAL_TIM_PWM_MspInit
                0x080013d8       0xc0 ./Core/Src/tim.o
                0x080013d8                HAL_TIM_PWM_MspInit
 .text.HAL_TIM_MspPostInit
                0x08001498       0xb8 ./Core/Src/tim.o
                0x08001498                HAL_TIM_MspPostInit
 .text.MX_UART4_Init
                0x08001550       0x98 ./Core/Src/usart.o
                0x08001550                MX_UART4_Init
 .text.MX_USART1_UART_Init
                0x080015e8       0x98 ./Core/Src/usart.o
                0x080015e8                MX_USART1_UART_Init
 .text.HAL_UART_MspInit
                0x08001680      0x1b0 ./Core/Src/usart.o
                0x08001680                HAL_UART_MspInit
 .text.Reset_Handler
                0x08001830       0x50 ./Core/Startup/startup_stm32g431cbux.o
                0x08001830                Reset_Handler
 .text.Default_Handler
                0x08001880        0x2 ./Core/Startup/startup_stm32g431cbux.o
                0x08001880                RTC_Alarm_IRQHandler
                0x08001880                EXTI2_IRQHandler
                0x08001880                TIM8_TRG_COM_IRQHandler
                0x08001880                TIM8_CC_IRQHandler
                0x08001880                TIM1_CC_IRQHandler
                0x08001880                CORDIC_IRQHandler
                0x08001880                EXTI3_IRQHandler
                0x08001880                I2C3_ER_IRQHandler
                0x08001880                EXTI0_IRQHandler
                0x08001880                I2C2_EV_IRQHandler
                0x08001880                FPU_IRQHandler
                0x08001880                FDCAN1_IT1_IRQHandler
                0x08001880                TIM1_UP_TIM16_IRQHandler
                0x08001880                ADC1_2_IRQHandler
                0x08001880                SPI1_IRQHandler
                0x08001880                TIM6_DAC_IRQHandler
                0x08001880                TIM8_UP_IRQHandler
                0x08001880                DMA2_Channel2_IRQHandler
                0x08001880                DMA1_Channel4_IRQHandler
                0x08001880                USART3_IRQHandler
                0x08001880                TIM4_IRQHandler
                0x08001880                I2C1_EV_IRQHandler
                0x08001880                DMA1_Channel6_IRQHandler
                0x08001880                DMA2_Channel4_IRQHandler
                0x08001880                TIM3_IRQHandler
                0x08001880                RCC_IRQHandler
                0x08001880                Default_Handler
                0x08001880                RTC_TAMP_LSECSS_IRQHandler
                0x08001880                FMAC_IRQHandler
                0x08001880                EXTI15_10_IRQHandler
                0x08001880                TIM7_IRQHandler
                0x08001880                UCPD1_IRQHandler
                0x08001880                I2C3_EV_IRQHandler
                0x08001880                EXTI9_5_IRQHandler
                0x08001880                RTC_WKUP_IRQHandler
                0x08001880                PVD_PVM_IRQHandler
                0x08001880                SPI2_IRQHandler
                0x08001880                DMA2_Channel5_IRQHandler
                0x08001880                CRS_IRQHandler
                0x08001880                DMA1_Channel5_IRQHandler
                0x08001880                EXTI4_IRQHandler
                0x08001880                RNG_IRQHandler
                0x08001880                TIM1_TRG_COM_TIM17_IRQHandler
                0x08001880                DMA1_Channel3_IRQHandler
                0x08001880                WWDG_IRQHandler
                0x08001880                LPUART1_IRQHandler
                0x08001880                DMA2_Channel6_IRQHandler
                0x08001880                FDCAN1_IT0_IRQHandler
                0x08001880                COMP1_2_3_IRQHandler
                0x08001880                EXTI1_IRQHandler
                0x08001880                USART2_IRQHandler
                0x08001880                I2C2_ER_IRQHandler
                0x08001880                DMA1_Channel2_IRQHandler
                0x08001880                TIM8_BRK_IRQHandler
                0x08001880                FLASH_IRQHandler
                0x08001880                SPI3_IRQHandler
                0x08001880                I2C1_ER_IRQHandler
                0x08001880                LPTIM1_IRQHandler
                0x08001880                DMAMUX_OVR_IRQHandler
                0x08001880                USBWakeUp_IRQHandler
                0x08001880                SAI1_IRQHandler
                0x08001880                DMA2_Channel3_IRQHandler
                0x08001880                COMP4_IRQHandler
                0x08001880                TIM1_BRK_TIM15_IRQHandler
 .text.HAL_Init
                0x08001882       0x30 ./Drivers/STM32G4xx_HAL_Driver/Src/stm32g4xx_hal.o
                0x08001882                HAL_Init
 *fill*         0x080018b2        0x2 
 .text.HAL_IncTick
                0x080018b4       0x24 ./Drivers/STM32G4xx_HAL_Driver/Src/stm32g4xx_hal.o
                0x080018b4                HAL_IncTick
 .text.HAL_GetTick
                0x080018d8       0x18 ./Drivers/STM32G4xx_HAL_Driver/Src/stm32g4xx_hal.o
                0x080018d8                HAL_GetTick
 .text.__NVIC_SetPriorityGrouping
                0x080018f0       0x48 ./Drivers/STM32G4xx_HAL_Driver/Src/stm32g4xx_hal_cortex.o
 .text.__NVIC_GetPriorityGrouping
                0x08001938       0x1c ./Drivers/STM32G4xx_HAL_Driver/Src/stm32g4xx_hal_cortex.o
 .text.__NVIC_EnableIRQ
                0x08001954       0x3c ./Drivers/STM32G4xx_HAL_Driver/Src/stm32g4xx_hal_cortex.o
 .text.__NVIC_SetPriority
                0x08001990       0x54 ./Drivers/STM32G4xx_HAL_Driver/Src/stm32g4xx_hal_cortex.o
 .text.NVIC_EncodePriority
                0x080019e4       0x66 ./Drivers/STM32G4xx_HAL_Driver/Src/stm32g4xx_hal_cortex.o
 .text.HAL_NVIC_SetPriorityGrouping
                0x08001a4a       0x16 ./Drivers/STM32G4xx_HAL_Driver/Src/stm32g4xx_hal_cortex.o
                0x08001a4a                HAL_NVIC_SetPriorityGrouping
 .text.HAL_NVIC_SetPriority
                0x08001a60       0x34 ./Drivers/STM32G4xx_HAL_Driver/Src/stm32g4xx_hal_cortex.o
                0x08001a60                HAL_NVIC_SetPriority
 .text.HAL_NVIC_EnableIRQ
                0x08001a94       0x1c ./Drivers/STM32G4xx_HAL_Driver/Src/stm32g4xx_hal_cortex.o
                0x08001a94                HAL_NVIC_EnableIRQ
 .text.HAL_DMA_Init
                0x08001ab0      0x150 ./Drivers/STM32G4xx_HAL_Driver/Src/stm32g4xx_hal_dma.o
                0x08001ab0                HAL_DMA_Init
 .text.HAL_DMA_Start_IT
                0x08001c00       0xf6 ./Drivers/STM32G4xx_HAL_Driver/Src/stm32g4xx_hal_dma.o
                0x08001c00                HAL_DMA_Start_IT
 .text.HAL_DMA_Abort
                0x08001cf6       0xb2 ./Drivers/STM32G4xx_HAL_Driver/Src/stm32g4xx_hal_dma.o
                0x08001cf6                HAL_DMA_Abort
 .text.HAL_DMA_Abort_IT
                0x08001da8       0xce ./Drivers/STM32G4xx_HAL_Driver/Src/stm32g4xx_hal_dma.o
                0x08001da8                HAL_DMA_Abort_IT
 .text.HAL_DMA_IRQHandler
                0x08001e76      0x15e ./Drivers/STM32G4xx_HAL_Driver/Src/stm32g4xx_hal_dma.o
                0x08001e76                HAL_DMA_IRQHandler
 .text.HAL_DMA_GetError
                0x08001fd4       0x18 ./Drivers/STM32G4xx_HAL_Driver/Src/stm32g4xx_hal_dma.o
                0x08001fd4                HAL_DMA_GetError
 .text.DMA_SetConfig
                0x08001fec       0x7c ./Drivers/STM32G4xx_HAL_Driver/Src/stm32g4xx_hal_dma.o
 .text.DMA_CalcDMAMUXChannelBaseAndMask
                0x08002068       0x7c ./Drivers/STM32G4xx_HAL_Driver/Src/stm32g4xx_hal_dma.o
 .text.DMA_CalcDMAMUXRequestGenBaseAndMask
                0x080020e4       0x48 ./Drivers/STM32G4xx_HAL_Driver/Src/stm32g4xx_hal_dma.o
 .text.HAL_GPIO_Init
                0x0800212c      0x304 ./Drivers/STM32G4xx_HAL_Driver/Src/stm32g4xx_hal_gpio.o
                0x0800212c                HAL_GPIO_Init
 .text.HAL_GPIO_ReadPin
                0x08002430       0x30 ./Drivers/STM32G4xx_HAL_Driver/Src/stm32g4xx_hal_gpio.o
                0x08002430                HAL_GPIO_ReadPin
 .text.HAL_GPIO_WritePin
                0x08002460       0x30 ./Drivers/STM32G4xx_HAL_Driver/Src/stm32g4xx_hal_gpio.o
                0x08002460                HAL_GPIO_WritePin
 .text.HAL_PCD_Init
                0x08002490      0x19c ./Drivers/STM32G4xx_HAL_Driver/Src/stm32g4xx_hal_pcd.o
                0x08002490                HAL_PCD_Init
 .text.HAL_PCD_Start
                0x0800262c       0x44 ./Drivers/STM32G4xx_HAL_Driver/Src/stm32g4xx_hal_pcd.o
                0x0800262c                HAL_PCD_Start
 .text.HAL_PCD_IRQHandler
                0x08002670      0x24e ./Drivers/STM32G4xx_HAL_Driver/Src/stm32g4xx_hal_pcd.o
                0x08002670                HAL_PCD_IRQHandler
 .text.HAL_PCD_SetAddress
                0x080028be       0x48 ./Drivers/STM32G4xx_HAL_Driver/Src/stm32g4xx_hal_pcd.o
                0x080028be                HAL_PCD_SetAddress
 .text.HAL_PCD_EP_Open
                0x08002906       0xbe ./Drivers/STM32G4xx_HAL_Driver/Src/stm32g4xx_hal_pcd.o
                0x08002906                HAL_PCD_EP_Open
 .text.HAL_PCD_EP_Close
                0x080029c4       0x90 ./Drivers/STM32G4xx_HAL_Driver/Src/stm32g4xx_hal_pcd.o
                0x080029c4                HAL_PCD_EP_Close
 .text.HAL_PCD_EP_Receive
                0x08002a54       0x62 ./Drivers/STM32G4xx_HAL_Driver/Src/stm32g4xx_hal_pcd.o
                0x08002a54                HAL_PCD_EP_Receive
 .text.HAL_PCD_EP_GetRxCount
                0x08002ab6       0x30 ./Drivers/STM32G4xx_HAL_Driver/Src/stm32g4xx_hal_pcd.o
                0x08002ab6                HAL_PCD_EP_GetRxCount
 .text.HAL_PCD_EP_Transmit
                0x08002ae6       0x6e ./Drivers/STM32G4xx_HAL_Driver/Src/stm32g4xx_hal_pcd.o
                0x08002ae6                HAL_PCD_EP_Transmit
 .text.HAL_PCD_EP_SetStall
                0x08002b54       0xa4 ./Drivers/STM32G4xx_HAL_Driver/Src/stm32g4xx_hal_pcd.o
                0x08002b54                HAL_PCD_EP_SetStall
 .text.HAL_PCD_EP_ClrStall
                0x08002bf8       0xa8 ./Drivers/STM32G4xx_HAL_Driver/Src/stm32g4xx_hal_pcd.o
                0x08002bf8                HAL_PCD_EP_ClrStall
 .text.PCD_EP_ISR_Handler
                0x08002ca0      0x68e ./Drivers/STM32G4xx_HAL_Driver/Src/stm32g4xx_hal_pcd.o
 .text.HAL_PCD_EP_DB_Receive
                0x0800332e      0x212 ./Drivers/STM32G4xx_HAL_Driver/Src/stm32g4xx_hal_pcd.o
 .text.HAL_PCD_EP_DB_Transmit
                0x08003540      0x878 ./Drivers/STM32G4xx_HAL_Driver/Src/stm32g4xx_hal_pcd.o
 .text.HAL_PCDEx_PMAConfig
                0x08003db8       0x86 ./Drivers/STM32G4xx_HAL_Driver/Src/stm32g4xx_hal_pcd_ex.o
                0x08003db8                HAL_PCDEx_PMAConfig
 .text.HAL_PCDEx_ActivateLPM
                0x08003e3e       0x54 ./Drivers/STM32G4xx_HAL_Driver/Src/stm32g4xx_hal_pcd_ex.o
                0x08003e3e                HAL_PCDEx_ActivateLPM
 *fill*         0x08003e92        0x2 
 .text.HAL_PWREx_ControlVoltageScaling
                0x08003e94      0x148 ./Drivers/STM32G4xx_HAL_Driver/Src/stm32g4xx_hal_pwr_ex.o
                0x08003e94                HAL_PWREx_ControlVoltageScaling
 .text.HAL_PWREx_DisableUCPDDeadBattery
                0x08003fdc       0x20 ./Drivers/STM32G4xx_HAL_Driver/Src/stm32g4xx_hal_pwr_ex.o
                0x08003fdc                HAL_PWREx_DisableUCPDDeadBattery
 .text.HAL_RCC_OscConfig
                0x08003ffc      0x624 ./Drivers/STM32G4xx_HAL_Driver/Src/stm32g4xx_hal_rcc.o
                0x08003ffc                HAL_RCC_OscConfig
 .text.HAL_RCC_ClockConfig
                0x08004620      0x278 ./Drivers/STM32G4xx_HAL_Driver/Src/stm32g4xx_hal_rcc.o
                0x08004620                HAL_RCC_ClockConfig
 .text.HAL_RCC_GetSysClockFreq
                0x08004898       0xc4 ./Drivers/STM32G4xx_HAL_Driver/Src/stm32g4xx_hal_rcc.o
                0x08004898                HAL_RCC_GetSysClockFreq
 .text.HAL_RCC_GetHCLKFreq
                0x0800495c       0x18 ./Drivers/STM32G4xx_HAL_Driver/Src/stm32g4xx_hal_rcc.o
                0x0800495c                HAL_RCC_GetHCLKFreq
 .text.HAL_RCC_GetPCLK1Freq
                0x08004974       0x2c ./Drivers/STM32G4xx_HAL_Driver/Src/stm32g4xx_hal_rcc.o
                0x08004974                HAL_RCC_GetPCLK1Freq
 .text.HAL_RCC_GetPCLK2Freq
                0x080049a0       0x2c ./Drivers/STM32G4xx_HAL_Driver/Src/stm32g4xx_hal_rcc.o
                0x080049a0                HAL_RCC_GetPCLK2Freq
 .text.HAL_RCC_GetClockConfig
                0x080049cc       0x64 ./Drivers/STM32G4xx_HAL_Driver/Src/stm32g4xx_hal_rcc.o
                0x080049cc                HAL_RCC_GetClockConfig
 .text.RCC_GetSysClockFreqFromPLLSource
                0x08004a30       0x8c ./Drivers/STM32G4xx_HAL_Driver/Src/stm32g4xx_hal_rcc.o
 .text.HAL_RCCEx_PeriphCLKConfig
                0x08004abc      0x3e0 ./Drivers/STM32G4xx_HAL_Driver/Src/stm32g4xx_hal_rcc_ex.o
                0x08004abc                HAL_RCCEx_PeriphCLKConfig
 .text.HAL_TIM_Base_Init
                0x08004e9c       0xae ./Drivers/STM32G4xx_HAL_Driver/Src/stm32g4xx_hal_tim.o
                0x08004e9c                HAL_TIM_Base_Init
 .text.HAL_TIM_Base_MspInit
                0x08004f4a       0x14 ./Drivers/STM32G4xx_HAL_Driver/Src/stm32g4xx_hal_tim.o
                0x08004f4a                HAL_TIM_Base_MspInit
 *fill*         0x08004f5e        0x2 
 .text.HAL_TIM_Base_Start_IT
                0x08004f60       0xd4 ./Drivers/STM32G4xx_HAL_Driver/Src/stm32g4xx_hal_tim.o
                0x08004f60                HAL_TIM_Base_Start_IT
 .text.HAL_TIM_PWM_Init
                0x08005034       0xae ./Drivers/STM32G4xx_HAL_Driver/Src/stm32g4xx_hal_tim.o
                0x08005034                HAL_TIM_PWM_Init
 *fill*         0x080050e2        0x2 
 .text.HAL_TIM_PWM_Start
                0x080050e4      0x200 ./Drivers/STM32G4xx_HAL_Driver/Src/stm32g4xx_hal_tim.o
                0x080050e4                HAL_TIM_PWM_Start
 .text.HAL_TIM_PWM_Start_DMA
                0x080052e4      0x430 ./Drivers/STM32G4xx_HAL_Driver/Src/stm32g4xx_hal_tim.o
                0x080052e4                HAL_TIM_PWM_Start_DMA
 .text.HAL_TIM_IRQHandler
                0x08005714      0x29e ./Drivers/STM32G4xx_HAL_Driver/Src/stm32g4xx_hal_tim.o
                0x08005714                HAL_TIM_IRQHandler
 *fill*         0x080059b2        0x2 
 .text.HAL_TIM_PWM_ConfigChannel
                0x080059b4      0x228 ./Drivers/STM32G4xx_HAL_Driver/Src/stm32g4xx_hal_tim.o
                0x080059b4                HAL_TIM_PWM_ConfigChannel
 .text.HAL_TIM_OC_DelayElapsedCallback
                0x08005bdc       0x14 ./Drivers/STM32G4xx_HAL_Driver/Src/stm32g4xx_hal_tim.o
                0x08005bdc                HAL_TIM_OC_DelayElapsedCallback
 .text.HAL_TIM_IC_CaptureCallback
                0x08005bf0       0x14 ./Drivers/STM32G4xx_HAL_Driver/Src/stm32g4xx_hal_tim.o
                0x08005bf0                HAL_TIM_IC_CaptureCallback
 .text.HAL_TIM_PWM_PulseFinishedCallback
                0x08005c04       0x14 ./Drivers/STM32G4xx_HAL_Driver/Src/stm32g4xx_hal_tim.o
                0x08005c04                HAL_TIM_PWM_PulseFinishedCallback
 .text.HAL_TIM_PWM_PulseFinishedHalfCpltCallback
                0x08005c18       0x14 ./Drivers/STM32G4xx_HAL_Driver/Src/stm32g4xx_hal_tim.o
                0x08005c18                HAL_TIM_PWM_PulseFinishedHalfCpltCallback
 .text.HAL_TIM_TriggerCallback
                0x08005c2c       0x14 ./Drivers/STM32G4xx_HAL_Driver/Src/stm32g4xx_hal_tim.o
                0x08005c2c                HAL_TIM_TriggerCallback
 .text.HAL_TIM_ErrorCallback
                0x08005c40       0x14 ./Drivers/STM32G4xx_HAL_Driver/Src/stm32g4xx_hal_tim.o
                0x08005c40                HAL_TIM_ErrorCallback
 .text.TIM_DMAError
                0x08005c54       0x92 ./Drivers/STM32G4xx_HAL_Driver/Src/stm32g4xx_hal_tim.o
                0x08005c54                TIM_DMAError
 .text.TIM_DMADelayPulseCplt
                0x08005ce6       0xa8 ./Drivers/STM32G4xx_HAL_Driver/Src/stm32g4xx_hal_tim.o
 .text.TIM_DMADelayPulseHalfCplt
                0x08005d8e       0x68 ./Drivers/STM32G4xx_HAL_Driver/Src/stm32g4xx_hal_tim.o
                0x08005d8e                TIM_DMADelayPulseHalfCplt
 *fill*         0x08005df6        0x2 
 .text.TIM_Base_SetConfig
                0x08005df8      0x138 ./Drivers/STM32G4xx_HAL_Driver/Src/stm32g4xx_hal_tim.o
                0x08005df8                TIM_Base_SetConfig
 .text.TIM_OC1_SetConfig
                0x08005f30      0x120 ./Drivers/STM32G4xx_HAL_Driver/Src/stm32g4xx_hal_tim.o
 .text.TIM_OC2_SetConfig
                0x08006050      0x114 ./Drivers/STM32G4xx_HAL_Driver/Src/stm32g4xx_hal_tim.o
                0x08006050                TIM_OC2_SetConfig
 .text.TIM_OC3_SetConfig
                0x08006164      0x110 ./Drivers/STM32G4xx_HAL_Driver/Src/stm32g4xx_hal_tim.o
 .text.TIM_OC4_SetConfig
                0x08006274      0x114 ./Drivers/STM32G4xx_HAL_Driver/Src/stm32g4xx_hal_tim.o
 .text.TIM_OC5_SetConfig
                0x08006388       0xc8 ./Drivers/STM32G4xx_HAL_Driver/Src/stm32g4xx_hal_tim.o
 .text.TIM_OC6_SetConfig
                0x08006450       0xcc ./Drivers/STM32G4xx_HAL_Driver/Src/stm32g4xx_hal_tim.o
 .text.TIM_CCxChannelCmd
                0x0800651c       0x4a ./Drivers/STM32G4xx_HAL_Driver/Src/stm32g4xx_hal_tim.o
                0x0800651c                TIM_CCxChannelCmd
 *fill*         0x08006566        0x2 
 .text.HAL_TIMEx_MasterConfigSynchronization
                0x08006568      0x104 ./Drivers/STM32G4xx_HAL_Driver/Src/stm32g4xx_hal_tim_ex.o
                0x08006568                HAL_TIMEx_MasterConfigSynchronization
 .text.HAL_TIMEx_CommutCallback
                0x0800666c       0x14 ./Drivers/STM32G4xx_HAL_Driver/Src/stm32g4xx_hal_tim_ex.o
                0x0800666c                HAL_TIMEx_CommutCallback
 .text.HAL_TIMEx_BreakCallback
                0x08006680       0x14 ./Drivers/STM32G4xx_HAL_Driver/Src/stm32g4xx_hal_tim_ex.o
                0x08006680                HAL_TIMEx_BreakCallback
 .text.HAL_TIMEx_Break2Callback
                0x08006694       0x14 ./Drivers/STM32G4xx_HAL_Driver/Src/stm32g4xx_hal_tim_ex.o
                0x08006694                HAL_TIMEx_Break2Callback
 .text.HAL_TIMEx_EncoderIndexCallback
                0x080066a8       0x14 ./Drivers/STM32G4xx_HAL_Driver/Src/stm32g4xx_hal_tim_ex.o
                0x080066a8                HAL_TIMEx_EncoderIndexCallback
 .text.HAL_TIMEx_DirectionChangeCallback
                0x080066bc       0x14 ./Drivers/STM32G4xx_HAL_Driver/Src/stm32g4xx_hal_tim_ex.o
                0x080066bc                HAL_TIMEx_DirectionChangeCallback
 .text.HAL_TIMEx_IndexErrorCallback
                0x080066d0       0x14 ./Drivers/STM32G4xx_HAL_Driver/Src/stm32g4xx_hal_tim_ex.o
                0x080066d0                HAL_TIMEx_IndexErrorCallback
 .text.HAL_TIMEx_TransitionErrorCallback
                0x080066e4       0x14 ./Drivers/STM32G4xx_HAL_Driver/Src/stm32g4xx_hal_tim_ex.o
                0x080066e4                HAL_TIMEx_TransitionErrorCallback
 .text.HAL_UART_Init
                0x080066f8       0xa0 ./Drivers/STM32G4xx_HAL_Driver/Src/stm32g4xx_hal_uart.o
                0x080066f8                HAL_UART_Init
 .text.HAL_UART_Receive_DMA
                0x08006798       0x98 ./Drivers/STM32G4xx_HAL_Driver/Src/stm32g4xx_hal_uart.o
                0x08006798                HAL_UART_Receive_DMA
 .text.HAL_UART_DMAStop
                0x08006830      0x12c ./Drivers/STM32G4xx_HAL_Driver/Src/stm32g4xx_hal_uart.o
                0x08006830                HAL_UART_DMAStop
 .text.HAL_UART_IRQHandler
                0x0800695c      0x684 ./Drivers/STM32G4xx_HAL_Driver/Src/stm32g4xx_hal_uart.o
                0x0800695c                HAL_UART_IRQHandler
 .text.HAL_UART_TxCpltCallback
                0x08006fe0       0x14 ./Drivers/STM32G4xx_HAL_Driver/Src/stm32g4xx_hal_uart.o
                0x08006fe0                HAL_UART_TxCpltCallback
 .text.HAL_UART_RxCpltCallback
                0x08006ff4       0x14 ./Drivers/STM32G4xx_HAL_Driver/Src/stm32g4xx_hal_uart.o
                0x08006ff4                HAL_UART_RxCpltCallback
 .text.HAL_UART_RxHalfCpltCallback
                0x08007008       0x14 ./Drivers/STM32G4xx_HAL_Driver/Src/stm32g4xx_hal_uart.o
                0x08007008                HAL_UART_RxHalfCpltCallback
 .text.HAL_UART_ErrorCallback
                0x0800701c       0x14 ./Drivers/STM32G4xx_HAL_Driver/Src/stm32g4xx_hal_uart.o
                0x0800701c                HAL_UART_ErrorCallback
 .text.UART_SetConfig
                0x08007030      0x598 ./Drivers/STM32G4xx_HAL_Driver/Src/stm32g4xx_hal_uart.o
                0x08007030                UART_SetConfig
 .text.UART_AdvFeatureConfig
                0x080075c8      0x144 ./Drivers/STM32G4xx_HAL_Driver/Src/stm32g4xx_hal_uart.o
                0x080075c8                UART_AdvFeatureConfig
 .text.UART_CheckIdleState
                0x0800770c      0x154 ./Drivers/STM32G4xx_HAL_Driver/Src/stm32g4xx_hal_uart.o
                0x0800770c                UART_CheckIdleState
 .text.UART_WaitOnFlagUntilTimeout
                0x08007860       0xda ./Drivers/STM32G4xx_HAL_Driver/Src/stm32g4xx_hal_uart.o
                0x08007860                UART_WaitOnFlagUntilTimeout
 *fill*         0x0800793a        0x2 
 .text.UART_Start_Receive_DMA
                0x0800793c      0x14c ./Drivers/STM32G4xx_HAL_Driver/Src/stm32g4xx_hal_uart.o
                0x0800793c                UART_Start_Receive_DMA
 .text.UART_EndTxTransfer
                0x08007a88       0x82 ./Drivers/STM32G4xx_HAL_Driver/Src/stm32g4xx_hal_uart.o
 .text.UART_EndRxTransfer
                0x08007b0a       0xcc ./Drivers/STM32G4xx_HAL_Driver/Src/stm32g4xx_hal_uart.o
 .text.UART_DMAReceiveCplt
                0x08007bd6      0x12c ./Drivers/STM32G4xx_HAL_Driver/Src/stm32g4xx_hal_uart.o
 .text.UART_DMARxHalfCplt
                0x08007d02       0x3e ./Drivers/STM32G4xx_HAL_Driver/Src/stm32g4xx_hal_uart.o
 .text.UART_DMAError
                0x08007d40       0x80 ./Drivers/STM32G4xx_HAL_Driver/Src/stm32g4xx_hal_uart.o
 .text.UART_DMAAbortOnError
                0x08007dc0       0x24 ./Drivers/STM32G4xx_HAL_Driver/Src/stm32g4xx_hal_uart.o
 .text.UART_EndTransmit_IT
                0x08007de4       0x56 ./Drivers/STM32G4xx_HAL_Driver/Src/stm32g4xx_hal_uart.o
 .text.HAL_UARTEx_WakeupCallback
                0x08007e3a       0x14 ./Drivers/STM32G4xx_HAL_Driver/Src/stm32g4xx_hal_uart_ex.o
                0x08007e3a                HAL_UARTEx_WakeupCallback
 .text.HAL_UARTEx_RxFifoFullCallback
                0x08007e4e       0x14 ./Drivers/STM32G4xx_HAL_Driver/Src/stm32g4xx_hal_uart_ex.o
                0x08007e4e                HAL_UARTEx_RxFifoFullCallback
 .text.HAL_UARTEx_TxFifoEmptyCallback
                0x08007e62       0x14 ./Drivers/STM32G4xx_HAL_Driver/Src/stm32g4xx_hal_uart_ex.o
                0x08007e62                HAL_UARTEx_TxFifoEmptyCallback
 .text.HAL_UARTEx_DisableFifoMode
                0x08007e76       0x72 ./Drivers/STM32G4xx_HAL_Driver/Src/stm32g4xx_hal_uart_ex.o
                0x08007e76                HAL_UARTEx_DisableFifoMode
 .text.HAL_UARTEx_SetTxFifoThreshold
                0x08007ee8       0x7c ./Drivers/STM32G4xx_HAL_Driver/Src/stm32g4xx_hal_uart_ex.o
                0x08007ee8                HAL_UARTEx_SetTxFifoThreshold
 .text.HAL_UARTEx_SetRxFifoThreshold
                0x08007f64       0x7c ./Drivers/STM32G4xx_HAL_Driver/Src/stm32g4xx_hal_uart_ex.o
                0x08007f64                HAL_UARTEx_SetRxFifoThreshold
 .text.HAL_UARTEx_ReceiveToIdle_DMA
                0x08007fe0       0xa8 ./Drivers/STM32G4xx_HAL_Driver/Src/stm32g4xx_hal_uart_ex.o
                0x08007fe0                HAL_UARTEx_ReceiveToIdle_DMA
 .text.UARTEx_SetNbDataToProcess
                0x08008088       0x9c ./Drivers/STM32G4xx_HAL_Driver/Src/stm32g4xx_hal_uart_ex.o
 .text.USB_EnableGlobalInt
                0x08008124       0x2e ./Drivers/STM32G4xx_HAL_Driver/Src/stm32g4xx_ll_usb.o
                0x08008124                USB_EnableGlobalInt
 .text.USB_DisableGlobalInt
                0x08008152       0x36 ./Drivers/STM32G4xx_HAL_Driver/Src/stm32g4xx_ll_usb.o
                0x08008152                USB_DisableGlobalInt
 .text.USB_DevInit
                0x08008188       0x3c ./Drivers/STM32G4xx_HAL_Driver/Src/stm32g4xx_ll_usb.o
                0x08008188                USB_DevInit
 .text.USB_ActivateEndpoint
                0x080081c4      0x9d0 ./Drivers/STM32G4xx_HAL_Driver/Src/stm32g4xx_ll_usb.o
                0x080081c4                USB_ActivateEndpoint
 .text.USB_DeactivateEndpoint
                0x08008b94      0x3da ./Drivers/STM32G4xx_HAL_Driver/Src/stm32g4xx_ll_usb.o
                0x08008b94                USB_DeactivateEndpoint
 .text.USB_EPStartXfer
                0x08008f6e      0xb5e ./Drivers/STM32G4xx_HAL_Driver/Src/stm32g4xx_ll_usb.o
                0x08008f6e                USB_EPStartXfer
 .text.USB_EPSetStall
                0x08009acc       0xa2 ./Drivers/STM32G4xx_HAL_Driver/Src/stm32g4xx_ll_usb.o
                0x08009acc                USB_EPSetStall
 .text.USB_EPClearStall
                0x08009b6e      0x152 ./Drivers/STM32G4xx_HAL_Driver/Src/stm32g4xx_ll_usb.o
                0x08009b6e                USB_EPClearStall
 .text.USB_SetDevAddress
                0x08009cc0       0x28 ./Drivers/STM32G4xx_HAL_Driver/Src/stm32g4xx_ll_usb.o
                0x08009cc0                USB_SetDevAddress
 .text.USB_DevConnect
                0x08009ce8       0x2e ./Drivers/STM32G4xx_HAL_Driver/Src/stm32g4xx_ll_usb.o
                0x08009ce8                USB_DevConnect
 .text.USB_ReadInterrupts
                0x08009d16       0x20 ./Drivers/STM32G4xx_HAL_Driver/Src/stm32g4xx_ll_usb.o
                0x08009d16                USB_ReadInterrupts
 .text.USB_WritePMA
                0x08009d36       0x84 ./Drivers/STM32G4xx_HAL_Driver/Src/stm32g4xx_ll_usb.o
                0x08009d36                USB_WritePMA
 .text.USB_ReadPMA
                0x08009dba       0x98 ./Drivers/STM32G4xx_HAL_Driver/Src/stm32g4xx_ll_usb.o
                0x08009dba                USB_ReadPMA
 .text.USBD_CDC_Init
                0x08009e52       0xfe ./Middlewares/ST/STM32_USB_Device_Library/Class/CDC/Src/usbd_cdc.o
 .text.USBD_CDC_DeInit
                0x08009f50       0x74 ./Middlewares/ST/STM32_USB_Device_Library/Class/CDC/Src/usbd_cdc.o
 .text.USBD_CDC_Setup
                0x08009fc4      0x190 ./Middlewares/ST/STM32_USB_Device_Library/Class/CDC/Src/usbd_cdc.o
 .text.USBD_CDC_DataIn
                0x0800a154       0xca ./Middlewares/ST/STM32_USB_Device_Library/Class/CDC/Src/usbd_cdc.o
 .text.USBD_CDC_DataOut
                0x0800a21e       0x56 ./Middlewares/ST/STM32_USB_Device_Library/Class/CDC/Src/usbd_cdc.o
 .text.USBD_CDC_EP0_RxReady
                0x0800a274       0x58 ./Middlewares/ST/STM32_USB_Device_Library/Class/CDC/Src/usbd_cdc.o
 .text.USBD_CDC_GetFSCfgDesc
                0x0800a2cc       0x20 ./Middlewares/ST/STM32_USB_Device_Library/Class/CDC/Src/usbd_cdc.o
 .text.USBD_CDC_GetHSCfgDesc
                0x0800a2ec       0x20 ./Middlewares/ST/STM32_USB_Device_Library/Class/CDC/Src/usbd_cdc.o
 .text.USBD_CDC_GetOtherSpeedCfgDesc
                0x0800a30c       0x20 ./Middlewares/ST/STM32_USB_Device_Library/Class/CDC/Src/usbd_cdc.o
 .text.USBD_CDC_GetDeviceQualifierDescriptor
                0x0800a32c       0x20 ./Middlewares/ST/STM32_USB_Device_Library/Class/CDC/Src/usbd_cdc.o
                0x0800a32c                USBD_CDC_GetDeviceQualifierDescriptor
 .text.USBD_CDC_RegisterInterface
                0x0800a34c       0x2a ./Middlewares/ST/STM32_USB_Device_Library/Class/CDC/Src/usbd_cdc.o
                0x0800a34c                USBD_CDC_RegisterInterface
 .text.USBD_CDC_SetTxBuffer
                0x0800a376       0x3c ./Middlewares/ST/STM32_USB_Device_Library/Class/CDC/Src/usbd_cdc.o
                0x0800a376                USBD_CDC_SetTxBuffer
 .text.USBD_CDC_SetRxBuffer
                0x0800a3b2       0x32 ./Middlewares/ST/STM32_USB_Device_Library/Class/CDC/Src/usbd_cdc.o
                0x0800a3b2                USBD_CDC_SetRxBuffer
 .text.USBD_CDC_TransmitPacket
                0x0800a3e4       0x60 ./Middlewares/ST/STM32_USB_Device_Library/Class/CDC/Src/usbd_cdc.o
                0x0800a3e4                USBD_CDC_TransmitPacket
 .text.USBD_CDC_ReceivePacket
                0x0800a444       0x54 ./Middlewares/ST/STM32_USB_Device_Library/Class/CDC/Src/usbd_cdc.o
                0x0800a444                USBD_CDC_ReceivePacket
 .text.USBD_Init
                0x0800a498       0x60 ./Middlewares/ST/STM32_USB_Device_Library/Core/Src/usbd_core.o
                0x0800a498                USBD_Init
 .text.USBD_RegisterClass
                0x0800a4f8       0x4e ./Middlewares/ST/STM32_USB_Device_Library/Core/Src/usbd_core.o
                0x0800a4f8                USBD_RegisterClass
 .text.USBD_Start
                0x0800a546       0x18 ./Middlewares/ST/STM32_USB_Device_Library/Core/Src/usbd_core.o
                0x0800a546                USBD_Start
 .text.USBD_RunTestMode
                0x0800a55e       0x16 ./Middlewares/ST/STM32_USB_Device_Library/Core/Src/usbd_core.o
                0x0800a55e                USBD_RunTestMode
 .text.USBD_SetClassConfig
                0x0800a574       0x38 ./Middlewares/ST/STM32_USB_Device_Library/Core/Src/usbd_core.o
                0x0800a574                USBD_SetClassConfig
 .text.USBD_ClrClassConfig
                0x0800a5ac       0x30 ./Middlewares/ST/STM32_USB_Device_Library/Core/Src/usbd_core.o
                0x0800a5ac                USBD_ClrClassConfig
 .text.USBD_LL_SetupStage
                0x0800a5dc       0xaa ./Middlewares/ST/STM32_USB_Device_Library/Core/Src/usbd_core.o
                0x0800a5dc                USBD_LL_SetupStage
 .text.USBD_LL_DataOutStage
                0x0800a686       0xc6 ./Middlewares/ST/STM32_USB_Device_Library/Core/Src/usbd_core.o
                0x0800a686                USBD_LL_DataOutStage
 .text.USBD_LL_DataInStage
                0x0800a74c      0x12c ./Middlewares/ST/STM32_USB_Device_Library/Core/Src/usbd_core.o
                0x0800a74c                USBD_LL_DataInStage
 .text.USBD_LL_Reset
                0x0800a878       0x9c ./Middlewares/ST/STM32_USB_Device_Library/Core/Src/usbd_core.o
                0x0800a878                USBD_LL_Reset
 .text.USBD_LL_SetSpeed
                0x0800a914       0x20 ./Middlewares/ST/STM32_USB_Device_Library/Core/Src/usbd_core.o
                0x0800a914                USBD_LL_SetSpeed
 .text.USBD_LL_Suspend
                0x0800a934       0x2c ./Middlewares/ST/STM32_USB_Device_Library/Core/Src/usbd_core.o
                0x0800a934                USBD_LL_Suspend
 .text.USBD_LL_Resume
                0x0800a960       0x30 ./Middlewares/ST/STM32_USB_Device_Library/Core/Src/usbd_core.o
                0x0800a960                USBD_LL_Resume
 .text.USBD_LL_SOF
                0x0800a990       0x44 ./Middlewares/ST/STM32_USB_Device_Library/Core/Src/usbd_core.o
                0x0800a990                USBD_LL_SOF
 .text.SWAPBYTE
                0x0800a9d4       0x3c ./Middlewares/ST/STM32_USB_Device_Library/Core/Src/usbd_ctlreq.o
 .text.USBD_StdDevReq
                0x0800aa10       0xdc ./Middlewares/ST/STM32_USB_Device_Library/Core/Src/usbd_ctlreq.o
                0x0800aa10                USBD_StdDevReq
 .text.USBD_StdItfReq
                0x0800aaec       0x92 ./Middlewares/ST/STM32_USB_Device_Library/Core/Src/usbd_ctlreq.o
                0x0800aaec                USBD_StdItfReq
 .text.USBD_StdEPReq
                0x0800ab7e      0x2c4 ./Middlewares/ST/STM32_USB_Device_Library/Core/Src/usbd_ctlreq.o
                0x0800ab7e                USBD_StdEPReq
 *fill*         0x0800ae42        0x2 
 .text.USBD_GetDescriptor
                0x0800ae44      0x328 ./Middlewares/ST/STM32_USB_Device_Library/Core/Src/usbd_ctlreq.o
 .text.USBD_SetAddress
                0x0800b16c       0x88 ./Middlewares/ST/STM32_USB_Device_Library/Core/Src/usbd_ctlreq.o
 .text.USBD_SetConfig
                0x0800b1f4      0x14c ./Middlewares/ST/STM32_USB_Device_Library/Core/Src/usbd_ctlreq.o
 .text.USBD_GetConfig
                0x0800b340       0x6c ./Middlewares/ST/STM32_USB_Device_Library/Core/Src/usbd_ctlreq.o
 .text.USBD_GetStatus
                0x0800b3ac       0x68 ./Middlewares/ST/STM32_USB_Device_Library/Core/Src/usbd_ctlreq.o
 .text.USBD_SetFeature
                0x0800b414       0x28 ./Middlewares/ST/STM32_USB_Device_Library/Core/Src/usbd_ctlreq.o
 .text.USBD_ClrFeature
                0x0800b43c       0x44 ./Middlewares/ST/STM32_USB_Device_Library/Core/Src/usbd_ctlreq.o
 .text.USBD_ParseSetupRequest
                0x0800b480       0x74 ./Middlewares/ST/STM32_USB_Device_Library/Core/Src/usbd_ctlreq.o
                0x0800b480                USBD_ParseSetupRequest
 .text.USBD_CtlError
                0x0800b4f4       0x22 ./Middlewares/ST/STM32_USB_Device_Library/Core/Src/usbd_ctlreq.o
                0x0800b4f4                USBD_CtlError
 .text.USBD_GetString
                0x0800b516       0x8c ./Middlewares/ST/STM32_USB_Device_Library/Core/Src/usbd_ctlreq.o
                0x0800b516                USBD_GetString
 .text.USBD_GetLen
                0x0800b5a2       0x34 ./Middlewares/ST/STM32_USB_Device_Library/Core/Src/usbd_ctlreq.o
 .text.USBD_CtlSendData
                0x0800b5d6       0x36 ./Middlewares/ST/STM32_USB_Device_Library/Core/Src/usbd_ioreq.o
                0x0800b5d6                USBD_CtlSendData
 .text.USBD_CtlContinueSendData
                0x0800b60c       0x22 ./Middlewares/ST/STM32_USB_Device_Library/Core/Src/usbd_ioreq.o
                0x0800b60c                USBD_CtlContinueSendData
 .text.USBD_CtlPrepareRx
                0x0800b62e       0x3a ./Middlewares/ST/STM32_USB_Device_Library/Core/Src/usbd_ioreq.o
                0x0800b62e                USBD_CtlPrepareRx
 .text.USBD_CtlContinueRx
                0x0800b668       0x22 ./Middlewares/ST/STM32_USB_Device_Library/Core/Src/usbd_ioreq.o
                0x0800b668                USBD_CtlContinueRx
 .text.USBD_CtlSendStatus
                0x0800b68a       0x26 ./Middlewares/ST/STM32_USB_Device_Library/Core/Src/usbd_ioreq.o
                0x0800b68a                USBD_CtlSendStatus
 .text.USBD_CtlReceiveStatus
                0x0800b6b0       0x26 ./Middlewares/ST/STM32_USB_Device_Library/Core/Src/usbd_ioreq.o
                0x0800b6b0                USBD_CtlReceiveStatus
 .text.makeFreeRtosPriority
                0x0800b6d6       0x30 ./Middlewares/Third_Party/FreeRTOS/Source/CMSIS_RTOS/cmsis_os.o
 .text.osKernelStart
                0x0800b706        0xe ./Middlewares/Third_Party/FreeRTOS/Source/CMSIS_RTOS/cmsis_os.o
                0x0800b706                osKernelStart
 .text.osThreadCreate
                0x0800b714       0x4e ./Middlewares/Third_Party/FreeRTOS/Source/CMSIS_RTOS/cmsis_os.o
                0x0800b714                osThreadCreate
 .text.osDelay  0x0800b762       0x28 ./Middlewares/Third_Party/FreeRTOS/Source/CMSIS_RTOS/cmsis_os.o
                0x0800b762                osDelay
 .text.vListInitialise
                0x0800b78a       0x40 ./Middlewares/Third_Party/FreeRTOS/Source/list.o
                0x0800b78a                vListInitialise
 .text.vListInitialiseItem
                0x0800b7ca       0x1a ./Middlewares/Third_Party/FreeRTOS/Source/list.o
                0x0800b7ca                vListInitialiseItem
 .text.vListInsertEnd
                0x0800b7e4       0x48 ./Middlewares/Third_Party/FreeRTOS/Source/list.o
                0x0800b7e4                vListInsertEnd
 .text.vListInsert
                0x0800b82c       0x72 ./Middlewares/Third_Party/FreeRTOS/Source/list.o
                0x0800b82c                vListInsert
 .text.uxListRemove
                0x0800b89e       0x54 ./Middlewares/Third_Party/FreeRTOS/Source/list.o
                0x0800b89e                uxListRemove
 .text.xTaskCreate
                0x0800b8f2       0x82 ./Middlewares/Third_Party/FreeRTOS/Source/tasks.o
                0x0800b8f2                xTaskCreate
 .text.prvInitialiseNewTask
                0x0800b974      0x140 ./Middlewares/Third_Party/FreeRTOS/Source/tasks.o
 .text.prvAddNewTaskToReadyList
                0x0800bab4       0xd4 ./Middlewares/Third_Party/FreeRTOS/Source/tasks.o
 .text.vTaskDelay
                0x0800bb88       0x6c ./Middlewares/Third_Party/FreeRTOS/Source/tasks.o
                0x0800bb88                vTaskDelay
 .text.vTaskStartScheduler
                0x0800bbf4       0xa4 ./Middlewares/Third_Party/FreeRTOS/Source/tasks.o
                0x0800bbf4                vTaskStartScheduler
 .text.vTaskSuspendAll
                0x0800bc98       0x1c ./Middlewares/Third_Party/FreeRTOS/Source/tasks.o
                0x0800bc98                vTaskSuspendAll
 .text.xTaskResumeAll
                0x0800bcb4      0x13c ./Middlewares/Third_Party/FreeRTOS/Source/tasks.o
                0x0800bcb4                xTaskResumeAll
 .text.xTaskIncrementTick
                0x0800bdf0      0x174 ./Middlewares/Third_Party/FreeRTOS/Source/tasks.o
                0x0800bdf0                xTaskIncrementTick
 .text.vTaskSwitchContext
                0x0800bf64       0xc8 ./Middlewares/Third_Party/FreeRTOS/Source/tasks.o
                0x0800bf64                vTaskSwitchContext
 .text.prvIdleTask
                0x0800c02c       0x30 ./Middlewares/Third_Party/FreeRTOS/Source/tasks.o
 .text.prvInitialiseTaskLists
                0x0800c05c       0x80 ./Middlewares/Third_Party/FreeRTOS/Source/tasks.o
 .text.prvCheckTasksWaitingTermination
                0x0800c0dc       0x5c ./Middlewares/Third_Party/FreeRTOS/Source/tasks.o
 .text.prvDeleteTCB
                0x0800c138       0x2a ./Middlewares/Third_Party/FreeRTOS/Source/tasks.o
 *fill*         0x0800c162        0x2 
 .text.prvResetNextTaskUnblockTime
                0x0800c164       0x40 ./Middlewares/Third_Party/FreeRTOS/Source/tasks.o
 .text.prvAddCurrentTaskToDelayedList
                0x0800c1a4       0xcc ./Middlewares/Third_Party/FreeRTOS/Source/tasks.o
 .text.pxPortInitialiseStack
                0x0800c270       0x68 ./Middlewares/Third_Party/FreeRTOS/Source/portable/GCC/ARM_CM4F/port.o
                0x0800c270                pxPortInitialiseStack
 .text.prvTaskExitError
                0x0800c2d8       0x5c ./Middlewares/Third_Party/FreeRTOS/Source/portable/GCC/ARM_CM4F/port.o
 *fill*         0x0800c334        0xc 
 .text.SVC_Handler
                0x0800c340       0x28 ./Middlewares/Third_Party/FreeRTOS/Source/portable/GCC/ARM_CM4F/port.o
                0x0800c340                SVC_Handler
 .text.prvPortStartFirstTask
                0x0800c368       0x28 ./Middlewares/Third_Party/FreeRTOS/Source/portable/GCC/ARM_CM4F/port.o
 .text.xPortStartScheduler
                0x0800c390      0x148 ./Middlewares/Third_Party/FreeRTOS/Source/portable/GCC/ARM_CM4F/port.o
                0x0800c390                xPortStartScheduler
 .text.vPortEnterCritical
                0x0800c4d8       0x64 ./Middlewares/Third_Party/FreeRTOS/Source/portable/GCC/ARM_CM4F/port.o
                0x0800c4d8                vPortEnterCritical
 .text.vPortExitCritical
                0x0800c53c       0x54 ./Middlewares/Third_Party/FreeRTOS/Source/portable/GCC/ARM_CM4F/port.o
                0x0800c53c                vPortExitCritical
 .text.PendSV_Handler
                0x0800c590       0x68 ./Middlewares/Third_Party/FreeRTOS/Source/portable/GCC/ARM_CM4F/port.o
                0x0800c590                PendSV_Handler
 .text.SysTick_Handler
                0x0800c5f8       0x44 ./Middlewares/Third_Party/FreeRTOS/Source/portable/GCC/ARM_CM4F/port.o
                0x0800c5f8                SysTick_Handler
 .text.vPortSetupTimerInterrupt
                0x0800c63c       0x48 ./Middlewares/Third_Party/FreeRTOS/Source/portable/GCC/ARM_CM4F/port.o
                0x0800c63c                vPortSetupTimerInterrupt
 .text.vPortEnableVFP
                0x0800c684       0x14 ./Middlewares/Third_Party/FreeRTOS/Source/portable/GCC/ARM_CM4F/port.o
 .text.pvPortMalloc
                0x0800c698      0x19c ./Middlewares/Third_Party/FreeRTOS/Source/portable/MemMang/heap_4.o
                0x0800c698                pvPortMalloc
 .text.vPortFree
                0x0800c834       0xc8 ./Middlewares/Third_Party/FreeRTOS/Source/portable/MemMang/heap_4.o
                0x0800c834                vPortFree
 .text.prvHeapInit
                0x0800c8fc       0xc4 ./Middlewares/Third_Party/FreeRTOS/Source/portable/MemMang/heap_4.o
 .text.prvInsertBlockIntoFreeList
                0x0800c9c0       0xb4 ./Middlewares/Third_Party/FreeRTOS/Source/portable/MemMang/heap_4.o
 .text.MX_USB_Device_Init
                0x0800ca74       0x60 ./USB_Device/App/usb_device.o
                0x0800ca74                MX_USB_Device_Init
 .text.CDC_Init_FS
                0x0800cad4       0x28 ./USB_Device/App/usbd_cdc_if.o
 .text.CDC_DeInit_FS
                0x0800cafc       0x10 ./USB_Device/App/usbd_cdc_if.o
 .text.CDC_Control_FS
                0x0800cb0c       0xbc ./USB_Device/App/usbd_cdc_if.o
 .text.CDC_Receive_FS
                0x0800cbc8       0x28 ./USB_Device/App/usbd_cdc_if.o
 .text.CDC_Transmit_FS
                0x0800cbf0       0x4c ./USB_Device/App/usbd_cdc_if.o
                0x0800cbf0                CDC_Transmit_FS
 .text.CDC_TransmitCplt_FS
                0x0800cc3c       0x22 ./USB_Device/App/usbd_cdc_if.o
 *fill*         0x0800cc5e        0x2 
 .text.USBD_CDC_DeviceDescriptor
                0x0800cc60       0x24 ./USB_Device/App/usbd_desc.o
                0x0800cc60                USBD_CDC_DeviceDescriptor
 .text.USBD_CDC_LangIDStrDescriptor
                0x0800cc84       0x24 ./USB_Device/App/usbd_desc.o
                0x0800cc84                USBD_CDC_LangIDStrDescriptor
 .text.USBD_CDC_ProductStrDescriptor
                0x0800cca8       0x3c ./USB_Device/App/usbd_desc.o
                0x0800cca8                USBD_CDC_ProductStrDescriptor
 .text.USBD_CDC_ManufacturerStrDescriptor
                0x0800cce4       0x28 ./USB_Device/App/usbd_desc.o
                0x0800cce4                USBD_CDC_ManufacturerStrDescriptor
 .text.USBD_CDC_SerialStrDescriptor
                0x0800cd0c       0x24 ./USB_Device/App/usbd_desc.o
                0x0800cd0c                USBD_CDC_SerialStrDescriptor
 .text.USBD_CDC_ConfigStrDescriptor
                0x0800cd30       0x3c ./USB_Device/App/usbd_desc.o
                0x0800cd30                USBD_CDC_ConfigStrDescriptor
 .text.USBD_CDC_InterfaceStrDescriptor
                0x0800cd6c       0x3c ./USB_Device/App/usbd_desc.o
                0x0800cd6c                USBD_CDC_InterfaceStrDescriptor
 .text.Get_SerialNum
                0x0800cda8       0x58 ./USB_Device/App/usbd_desc.o
 .text.IntToUnicode
                0x0800ce00       0x7e ./USB_Device/App/usbd_desc.o
 *fill*         0x0800ce7e        0x2 
 .text.HAL_PCD_MspInit
                0x0800ce80       0x88 ./USB_Device/Target/usbd_conf.o
                0x0800ce80                HAL_PCD_MspInit
 .text.HAL_PCD_SetupStageCallback
                0x0800cf08       0x24 ./USB_Device/Target/usbd_conf.o
                0x0800cf08                HAL_PCD_SetupStageCallback
 .text.HAL_PCD_DataOutStageCallback
                0x0800cf2c       0x36 ./USB_Device/Target/usbd_conf.o
                0x0800cf2c                HAL_PCD_DataOutStageCallback
 .text.HAL_PCD_DataInStageCallback
                0x0800cf62       0x34 ./USB_Device/Target/usbd_conf.o
                0x0800cf62                HAL_PCD_DataInStageCallback
 .text.HAL_PCD_SOFCallback
                0x0800cf96       0x1c ./USB_Device/Target/usbd_conf.o
                0x0800cf96                HAL_PCD_SOFCallback
 .text.HAL_PCD_ResetCallback
                0x0800cfb2       0x3c ./USB_Device/Target/usbd_conf.o
                0x0800cfb2                HAL_PCD_ResetCallback
 *fill*         0x0800cfee        0x2 
 .text.HAL_PCD_SuspendCallback
                0x0800cff0       0x34 ./USB_Device/Target/usbd_conf.o
                0x0800cff0                HAL_PCD_SuspendCallback
 .text.HAL_PCD_ResumeCallback
                0x0800d024       0x38 ./USB_Device/Target/usbd_conf.o
                0x0800d024                HAL_PCD_ResumeCallback
 .text.USBD_LL_Init
                0x0800d05c       0xc0 ./USB_Device/Target/usbd_conf.o
                0x0800d05c                USBD_LL_Init
 .text.USBD_LL_Start
                0x0800d11c       0x36 ./USB_Device/Target/usbd_conf.o
                0x0800d11c                USBD_LL_Start
 .text.USBD_LL_OpenEP
                0x0800d152       0x4c ./USB_Device/Target/usbd_conf.o
                0x0800d152                USBD_LL_OpenEP
 .text.USBD_LL_CloseEP
                0x0800d19e       0x3e ./USB_Device/Target/usbd_conf.o
                0x0800d19e                USBD_LL_CloseEP
 .text.USBD_LL_StallEP
                0x0800d1dc       0x3e ./USB_Device/Target/usbd_conf.o
                0x0800d1dc                USBD_LL_StallEP
 .text.USBD_LL_ClearStallEP
                0x0800d21a       0x3e ./USB_Device/Target/usbd_conf.o
                0x0800d21a                USBD_LL_ClearStallEP
 .text.USBD_LL_IsStallEP
                0x0800d258       0x58 ./USB_Device/Target/usbd_conf.o
                0x0800d258                USBD_LL_IsStallEP
 .text.USBD_LL_SetUSBAddress
                0x0800d2b0       0x3e ./USB_Device/Target/usbd_conf.o
                0x0800d2b0                USBD_LL_SetUSBAddress
 .text.USBD_LL_Transmit
                0x0800d2ee       0x42 ./USB_Device/Target/usbd_conf.o
                0x0800d2ee                USBD_LL_Transmit
 .text.USBD_LL_PrepareReceive
                0x0800d330       0x42 ./USB_Device/Target/usbd_conf.o
                0x0800d330                USBD_LL_PrepareReceive
 .text.USBD_LL_GetRxDataSize
                0x0800d372       0x26 ./USB_Device/Target/usbd_conf.o
                0x0800d372                USBD_LL_GetRxDataSize
 .text.HAL_PCDEx_LPM_Callback
                0x0800d398       0x6c ./USB_Device/Target/usbd_conf.o
                0x0800d398                HAL_PCDEx_LPM_Callback
 .text.USBD_static_malloc
                0x0800d404       0x1c ./USB_Device/Target/usbd_conf.o
                0x0800d404                USBD_static_malloc
 .text.USBD_static_free
                0x0800d420       0x14 ./USB_Device/Target/usbd_conf.o
                0x0800d420                USBD_static_free
 .text.SystemClockConfig_Resume
                0x0800d434        0xc ./USB_Device/Target/usbd_conf.o
 .text.USBD_Get_USB_Status
                0x0800d440       0x58 ./USB_Device/Target/usbd_conf.o
 .text.memset   0x0800d498       0x10 D:/STM32CubeIDE_1.16.0/STM32CubeIDE/plugins/com.st.stm32cube.ide.mcu.externaltools.gnu-tools-for-stm32.12.3.rel1.win32_1.0.200.202406191623/tools/bin/../lib/gcc/arm-none-eabi/12.3.1/../../../../arm-none-eabi/lib/thumb/v7e-m+fp/hard\libc_nano.a(libc_a-memset.o)
                0x0800d498                memset
 .text._reclaim_reent
                0x0800d4a8       0xac D:/STM32CubeIDE_1.16.0/STM32CubeIDE/plugins/com.st.stm32cube.ide.mcu.externaltools.gnu-tools-for-stm32.12.3.rel1.win32_1.0.200.202406191623/tools/bin/../lib/gcc/arm-none-eabi/12.3.1/../../../../arm-none-eabi/lib/thumb/v7e-m+fp/hard\libc_nano.a(libc_a-reent.o)
                0x0800d4a8                _reclaim_reent
 .text.__libc_init_array
                0x0800d554       0x48 D:/STM32CubeIDE_1.16.0/STM32CubeIDE/plugins/com.st.stm32cube.ide.mcu.externaltools.gnu-tools-for-stm32.12.3.rel1.win32_1.0.200.202406191623/tools/bin/../lib/gcc/arm-none-eabi/12.3.1/../../../../arm-none-eabi/lib/thumb/v7e-m+fp/hard\libc_nano.a(libc_a-init.o)
                0x0800d554                __libc_init_array
 .text.__retarget_lock_acquire_recursive
                0x0800d59c        0x2 D:/STM32CubeIDE_1.16.0/STM32CubeIDE/plugins/com.st.stm32cube.ide.mcu.externaltools.gnu-tools-for-stm32.12.3.rel1.win32_1.0.200.202406191623/tools/bin/../lib/gcc/arm-none-eabi/12.3.1/../../../../arm-none-eabi/lib/thumb/v7e-m+fp/hard\libc_nano.a(libc_a-lock.o)
                0x0800d59c                __retarget_lock_acquire_recursive
 .text.__retarget_lock_release_recursive
                0x0800d59e        0x2 D:/STM32CubeIDE_1.16.0/STM32CubeIDE/plugins/com.st.stm32cube.ide.mcu.externaltools.gnu-tools-for-stm32.12.3.rel1.win32_1.0.200.202406191623/tools/bin/../lib/gcc/arm-none-eabi/12.3.1/../../../../arm-none-eabi/lib/thumb/v7e-m+fp/hard\libc_nano.a(libc_a-lock.o)
                0x0800d59e                __retarget_lock_release_recursive
 .text.memcpy   0x0800d5a0       0x1c D:/STM32CubeIDE_1.16.0/STM32CubeIDE/plugins/com.st.stm32cube.ide.mcu.externaltools.gnu-tools-for-stm32.12.3.rel1.win32_1.0.200.202406191623/tools/bin/../lib/gcc/arm-none-eabi/12.3.1/../../../../arm-none-eabi/lib/thumb/v7e-m+fp/hard\libc_nano.a(libc_a-memcpy-stub.o)
                0x0800d5a0                memcpy
 .text._free_r  0x0800d5bc       0x94 D:/STM32CubeIDE_1.16.0/STM32CubeIDE/plugins/com.st.stm32cube.ide.mcu.externaltools.gnu-tools-for-stm32.12.3.rel1.win32_1.0.200.202406191623/tools/bin/../lib/gcc/arm-none-eabi/12.3.1/../../../../arm-none-eabi/lib/thumb/v7e-m+fp/hard\libc_nano.a(libc_a-freer.o)
                0x0800d5bc                _free_r
 .text.__malloc_lock
                0x0800d650        0xc D:/STM32CubeIDE_1.16.0/STM32CubeIDE/plugins/com.st.stm32cube.ide.mcu.externaltools.gnu-tools-for-stm32.12.3.rel1.win32_1.0.200.202406191623/tools/bin/../lib/gcc/arm-none-eabi/12.3.1/../../../../arm-none-eabi/lib/thumb/v7e-m+fp/hard\libc_nano.a(libc_a-mlock.o)
                0x0800d650                __malloc_lock
 .text.__malloc_unlock
                0x0800d65c        0xc D:/STM32CubeIDE_1.16.0/STM32CubeIDE/plugins/com.st.stm32cube.ide.mcu.externaltools.gnu-tools-for-stm32.12.3.rel1.win32_1.0.200.202406191623/tools/bin/../lib/gcc/arm-none-eabi/12.3.1/../../../../arm-none-eabi/lib/thumb/v7e-m+fp/hard\libc_nano.a(libc_a-mlock.o)
                0x0800d65c                __malloc_unlock
 *(.glue_7)
 .glue_7        0x0800d668        0x0 linker stubs
 *(.glue_7t)
 .glue_7t       0x0800d668        0x0 linker stubs
 *(.eh_frame)
 .eh_frame      0x0800d668        0x0 D:/STM32CubeIDE_1.16.0/STM32CubeIDE/plugins/com.st.stm32cube.ide.mcu.externaltools.gnu-tools-for-stm32.12.3.rel1.win32_1.0.200.202406191623/tools/bin/../lib/gcc/arm-none-eabi/12.3.1/thumb/v7e-m+fp/hard/crtbegin.o
 *(.init)
 .init          0x0800d668        0x4 D:/STM32CubeIDE_1.16.0/STM32CubeIDE/plugins/com.st.stm32cube.ide.mcu.externaltools.gnu-tools-for-stm32.12.3.rel1.win32_1.0.200.202406191623/tools/bin/../lib/gcc/arm-none-eabi/12.3.1/thumb/v7e-m+fp/hard/crti.o
                0x0800d668                _init
 .init          0x0800d66c        0x8 D:/STM32CubeIDE_1.16.0/STM32CubeIDE/plugins/com.st.stm32cube.ide.mcu.externaltools.gnu-tools-for-stm32.12.3.rel1.win32_1.0.200.202406191623/tools/bin/../lib/gcc/arm-none-eabi/12.3.1/thumb/v7e-m+fp/hard/crtn.o
 *(.fini)
 .fini          0x0800d674        0x4 D:/STM32CubeIDE_1.16.0/STM32CubeIDE/plugins/com.st.stm32cube.ide.mcu.externaltools.gnu-tools-for-stm32.12.3.rel1.win32_1.0.200.202406191623/tools/bin/../lib/gcc/arm-none-eabi/12.3.1/thumb/v7e-m+fp/hard/crti.o
                0x0800d674                _fini
 .fini          0x0800d678        0x8 D:/STM32CubeIDE_1.16.0/STM32CubeIDE/plugins/com.st.stm32cube.ide.mcu.externaltools.gnu-tools-for-stm32.12.3.rel1.win32_1.0.200.202406191623/tools/bin/../lib/gcc/arm-none-eabi/12.3.1/thumb/v7e-m+fp/hard/crtn.o
                0x0800d680                        . = ALIGN (0x4)
                0x0800d680                        _etext = .

.vfp11_veneer   0x0800d680        0x0
 .vfp11_veneer  0x0800d680        0x0 linker stubs

.v4_bx          0x0800d680        0x0
 .v4_bx         0x0800d680        0x0 linker stubs

.iplt           0x0800d680        0x0
 .iplt          0x0800d680        0x0 D:/STM32CubeIDE_1.16.0/STM32CubeIDE/plugins/com.st.stm32cube.ide.mcu.externaltools.gnu-tools-for-stm32.12.3.rel1.win32_1.0.200.202406191623/tools/bin/../lib/gcc/arm-none-eabi/12.3.1/thumb/v7e-m+fp/hard/crtbegin.o

.rodata         0x0800d680      0x210
                0x0800d680                        . = ALIGN (0x4)
 *(.rodata)
 .rodata        0x0800d680       0x89 ./Core/Src/app_freertos.o
 *fill*         0x0800d709        0x3 
 .rodata        0x0800d70c        0x5 ./Middlewares/Third_Party/FreeRTOS/Source/tasks.o
 *fill*         0x0800d711        0x3 
 .rodata        0x0800d714       0x3a ./USB_Device/App/usbd_desc.o
 *(.rodata*)
 *fill*         0x0800d74e        0x2 
 .rodata.gamma8
                0x0800d750      0x100 ./Core/Src/LED.o
                0x0800d750                gamma8
 .rodata.AHBPrescTable
                0x0800d850       0x10 ./Core/Src/system_stm32g4xx.o
                0x0800d850                AHBPrescTable
 .rodata.APBPrescTable
                0x0800d860        0x8 ./Core/Src/system_stm32g4xx.o
                0x0800d860                APBPrescTable
 .rodata.UARTPrescTable
                0x0800d868       0x18 ./Drivers/STM32G4xx_HAL_Driver/Src/stm32g4xx_hal_uart.o
                0x0800d868                UARTPrescTable
 .rodata.numerator.1
                0x0800d880        0x8 ./Drivers/STM32G4xx_HAL_Driver/Src/stm32g4xx_hal_uart_ex.o
 .rodata.denominator.0
                0x0800d888        0x8 ./Drivers/STM32G4xx_HAL_Driver/Src/stm32g4xx_hal_uart_ex.o
                0x0800d890                        . = ALIGN (0x4)

.ARM.extab      0x0800d890        0x0
                0x0800d890                        . = ALIGN (0x4)
 *(.ARM.extab* .gnu.linkonce.armextab.*)
                0x0800d890                        . = ALIGN (0x4)

.ARM            0x0800d890        0x8
                0x0800d890                        . = ALIGN (0x4)
                0x0800d890                        __exidx_start = .
 *(.ARM.exidx*)
 .ARM.exidx     0x0800d890        0x8 D:/STM32CubeIDE_1.16.0/STM32CubeIDE/plugins/com.st.stm32cube.ide.mcu.externaltools.gnu-tools-for-stm32.12.3.rel1.win32_1.0.200.202406191623/tools/bin/../lib/gcc/arm-none-eabi/12.3.1/thumb/v7e-m+fp/hard\libgcc.a(_udivmoddi4.o)
                0x0800d898                        __exidx_end = .
                0x0800d898                        . = ALIGN (0x4)

.preinit_array  0x0800d898        0x0
                0x0800d898                        . = ALIGN (0x4)
                0x0800d898                        PROVIDE (__preinit_array_start = .)
 *(.preinit_array*)
                0x0800d898                        PROVIDE (__preinit_array_end = .)
                0x0800d898                        . = ALIGN (0x4)

.init_array     0x0800d898        0x4
                0x0800d898                        . = ALIGN (0x4)
                0x0800d898                        PROVIDE (__init_array_start = .)
 *(SORT_BY_NAME(.init_array.*))
 *(.init_array*)
 .init_array    0x0800d898        0x4 D:/STM32CubeIDE_1.16.0/STM32CubeIDE/plugins/com.st.stm32cube.ide.mcu.externaltools.gnu-tools-for-stm32.12.3.rel1.win32_1.0.200.202406191623/tools/bin/../lib/gcc/arm-none-eabi/12.3.1/thumb/v7e-m+fp/hard/crtbegin.o
                0x0800d89c                        PROVIDE (__init_array_end = .)
                0x0800d89c                        . = ALIGN (0x4)

.fini_array     0x0800d89c        0x4
                0x0800d89c                        . = ALIGN (0x4)
                [!provide]                        PROVIDE (__fini_array_start = .)
 *(SORT_BY_NAME(.fini_array.*))
 *(.fini_array*)
 .fini_array    0x0800d89c        0x4 D:/STM32CubeIDE_1.16.0/STM32CubeIDE/plugins/com.st.stm32cube.ide.mcu.externaltools.gnu-tools-for-stm32.12.3.rel1.win32_1.0.200.202406191623/tools/bin/../lib/gcc/arm-none-eabi/12.3.1/thumb/v7e-m+fp/hard/crtbegin.o
                [!provide]                        PROVIDE (__fini_array_end = .)
                0x0800d8a0                        . = ALIGN (0x4)
                0x0800d8a0                        _sidata = LOADADDR (.data)

.rel.dyn        0x0800d8a0        0x0
 .rel.iplt      0x0800d8a0        0x0 D:/STM32CubeIDE_1.16.0/STM32CubeIDE/plugins/com.st.stm32cube.ide.mcu.externaltools.gnu-tools-for-stm32.12.3.rel1.win32_1.0.200.202406191623/tools/bin/../lib/gcc/arm-none-eabi/12.3.1/thumb/v7e-m+fp/hard/crtbegin.o

.data           0x20000000      0xbcc load address 0x0800d8a0
                0x20000000                        . = ALIGN (0x4)
                0x20000000                        _sdata = .
 *(.data)
 *(.data*)
 .data.RGB_data_raw
                0x20000000       0x18 ./Core/Src/LED.o
                0x20000000                RGB_data_raw
 .data.RGB_data
                0x20000018       0x30 ./Core/Src/LED.o
 .data.RGB_data_DMA_buffer
                0x20000048      0x984 ./Core/Src/LED.o
 .data.heart_beat
                0x200009cc        0x1 ./Core/Src/app_freertos.o
                0x200009cc                heart_beat
 *fill*         0x200009cd        0x3 
 .data.touch_sheet
                0x200009d0       0x22 ./Core/Src/capsense.o
                0x200009d0                touch_sheet
 *fill*         0x200009f2        0x2 
 .data.SystemCoreClock
                0x200009f4        0x4 ./Core/Src/system_stm32g4xx.o
                0x200009f4                SystemCoreClock
 .data.uwTickPrio
                0x200009f8        0x4 ./Drivers/STM32G4xx_HAL_Driver/Src/stm32g4xx_hal.o
                0x200009f8                uwTickPrio
 .data.uwTickFreq
                0x200009fc        0x4 ./Drivers/STM32G4xx_HAL_Driver/Src/stm32g4xx_hal.o
                0x200009fc                uwTickFreq
 .data.USBD_CDC_DeviceQualifierDesc
                0x20000a00        0xa ./Middlewares/ST/STM32_USB_Device_Library/Class/CDC/Src/usbd_cdc.o
 *fill*         0x20000a0a        0x2 
 .data.USBD_CDC
                0x20000a0c       0x38 ./Middlewares/ST/STM32_USB_Device_Library/Class/CDC/Src/usbd_cdc.o
                0x20000a0c                USBD_CDC
 .data.USBD_CDC_CfgHSDesc
                0x20000a44       0x43 ./Middlewares/ST/STM32_USB_Device_Library/Class/CDC/Src/usbd_cdc.o
 *fill*         0x20000a87        0x1 
 .data.USBD_CDC_CfgFSDesc
                0x20000a88       0x43 ./Middlewares/ST/STM32_USB_Device_Library/Class/CDC/Src/usbd_cdc.o
 *fill*         0x20000acb        0x1 
 .data.USBD_CDC_OtherSpeedCfgDesc
                0x20000acc       0x43 ./Middlewares/ST/STM32_USB_Device_Library/Class/CDC/Src/usbd_cdc.o
 *fill*         0x20000b0f        0x1 
 .data.uxCriticalNesting
                0x20000b10        0x4 ./Middlewares/Third_Party/FreeRTOS/Source/portable/GCC/ARM_CM4F/port.o
 .data.USBD_Interface_fops_FS
                0x20000b14       0x14 ./USB_Device/App/usbd_cdc_if.o
                0x20000b14                USBD_Interface_fops_FS
 .data.CDC_Desc
                0x20000b28       0x20 ./USB_Device/App/usbd_desc.o
                0x20000b28                CDC_Desc
 .data.USBD_CDC_DeviceDesc
                0x20000b48       0x12 ./USB_Device/App/usbd_desc.o
                0x20000b48                USBD_CDC_DeviceDesc
 *fill*         0x20000b5a        0x2 
 .data.USBD_LangIDDesc
                0x20000b5c        0x4 ./USB_Device/App/usbd_desc.o
                0x20000b5c                USBD_LangIDDesc
 .data.USBD_StringSerial
                0x20000b60       0x1a ./USB_Device/App/usbd_desc.o
                0x20000b60                USBD_StringSerial
 *fill*         0x20000b7a        0x2 
 .data._impure_ptr
                0x20000b7c        0x4 D:/STM32CubeIDE_1.16.0/STM32CubeIDE/plugins/com.st.stm32cube.ide.mcu.externaltools.gnu-tools-for-stm32.12.3.rel1.win32_1.0.200.202406191623/tools/bin/../lib/gcc/arm-none-eabi/12.3.1/../../../../arm-none-eabi/lib/thumb/v7e-m+fp/hard\libc_nano.a(libc_a-impure.o)
                0x20000b7c                _impure_ptr
 .data._impure_data
                0x20000b80       0x4c D:/STM32CubeIDE_1.16.0/STM32CubeIDE/plugins/com.st.stm32cube.ide.mcu.externaltools.gnu-tools-for-stm32.12.3.rel1.win32_1.0.200.202406191623/tools/bin/../lib/gcc/arm-none-eabi/12.3.1/../../../../arm-none-eabi/lib/thumb/v7e-m+fp/hard\libc_nano.a(libc_a-impure.o)
                0x20000b80                _impure_data
 *(.RamFunc)
 *(.RamFunc*)
                0x20000bcc                        . = ALIGN (0x4)
                0x20000bcc                        _edata = .

.igot.plt       0x20000bcc        0x0 load address 0x0800e46c
 .igot.plt      0x20000bcc        0x0 D:/STM32CubeIDE_1.16.0/STM32CubeIDE/plugins/com.st.stm32cube.ide.mcu.externaltools.gnu-tools-for-stm32.12.3.rel1.win32_1.0.200.202406191623/tools/bin/../lib/gcc/arm-none-eabi/12.3.1/thumb/v7e-m+fp/hard/crtbegin.o
                0x20000bcc                        . = ALIGN (0x4)

.bss            0x20000bcc     0x2928 load address 0x0800e46c
                0x20000bcc                        _sbss = .
                0x20000bcc                        __bss_start__ = _sbss
 *(.bss)
 .bss           0x20000bcc       0x1c D:/STM32CubeIDE_1.16.0/STM32CubeIDE/plugins/com.st.stm32cube.ide.mcu.externaltools.gnu-tools-for-stm32.12.3.rel1.win32_1.0.200.202406191623/tools/bin/../lib/gcc/arm-none-eabi/12.3.1/thumb/v7e-m+fp/hard/crtbegin.o
 *(.bss*)
 .bss.TouchTaskHandle
                0x20000be8        0x4 ./Core/Src/app_freertos.o
                0x20000be8                TouchTaskHandle
 .bss.ButtonTaskHandle
                0x20000bec        0x4 ./Core/Src/app_freertos.o
                0x20000bec                ButtonTaskHandle
 .bss.CommandTaskHandle
                0x20000bf0        0x4 ./Core/Src/app_freertos.o
                0x20000bf0                CommandTaskHandle
 .bss.LEDTaskHandle
                0x20000bf4        0x4 ./Core/Src/app_freertos.o
                0x20000bf4                LEDTaskHandle
 .bss.button_init_state
                0x20000bf8        0x8 ./Core/Src/button.o
 .bss.extend_button
                0x20000c00        0x1 ./Core/Src/button.o
                0x20000c00                extend_button
 .bss.button    0x20000c01        0x1 ./Core/Src/button.o
                0x20000c01                button
 *fill*         0x20000c02        0x2 
 .bss.uart_dma_buffer
                0x20000c04       0x80 ./Core/Src/capsense.o
                0x20000c04                uart_dma_buffer
 .bss.Touch     0x20000c84       0x46 ./Core/Src/capsense.o
                0x20000c84                Touch
 *fill*         0x20000cca        0x2 
 .bss.capsense_baseline
                0x20000ccc       0x44 ./Core/Src/capsense.o
                0x20000ccc                capsense_baseline
 .bss.capsense_threshold
                0x20000d10       0x44 ./Core/Src/capsense.o
                0x20000d10                capsense_threshold
 .bss.capsense_data_ready
                0x20000d54        0x1 ./Core/Src/capsense.o
                0x20000d54                capsense_data_ready
 *fill*         0x20000d55        0x3 
 .bss.capsense_touch_status
                0x20000d58       0x22 ./Core/Src/capsense.o
                0x20000d58                capsense_touch_status
 *fill*         0x20000d7a        0x2 
 .bss.rxBuffer  0x20000d7c       0x40 ./Core/Src/slider.o
                0x20000d7c                rxBuffer
 .bss.rxLen     0x20000dbc        0x1 ./Core/Src/slider.o
                0x20000dbc                rxLen
 *fill*         0x20000dbd        0x3 
 .bss.htim2     0x20000dc0       0x4c ./Core/Src/stm32g4xx_hal_timebase_tim.o
                0x20000dc0                htim2
 .bss.htim3     0x20000e0c       0x4c ./Core/Src/tim.o
                0x20000e0c                htim3
 .bss.htim4     0x20000e58       0x4c ./Core/Src/tim.o
                0x20000e58                htim4
 .bss.hdma_tim3_ch2
                0x20000ea4       0x60 ./Core/Src/tim.o
                0x20000ea4                hdma_tim3_ch2
 .bss.huart4    0x20000f04       0x94 ./Core/Src/usart.o
                0x20000f04                huart4
 .bss.huart1    0x20000f98       0x94 ./Core/Src/usart.o
                0x20000f98                huart1
 .bss.hdma_uart4_rx
                0x2000102c       0x60 ./Core/Src/usart.o
                0x2000102c                hdma_uart4_rx
 .bss.uwTick    0x2000108c        0x4 ./Drivers/STM32G4xx_HAL_Driver/Src/stm32g4xx_hal.o
                0x2000108c                uwTick
 .bss.cfgidx.0  0x20001090        0x1 ./Middlewares/ST/STM32_USB_Device_Library/Core/Src/usbd_ctlreq.o
 *fill*         0x20001091        0x3 
 .bss.pxCurrentTCB
                0x20001094        0x4 ./Middlewares/Third_Party/FreeRTOS/Source/tasks.o
                0x20001094                pxCurrentTCB
 .bss.pxReadyTasksLists
                0x20001098       0x8c ./Middlewares/Third_Party/FreeRTOS/Source/tasks.o
 .bss.xDelayedTaskList1
                0x20001124       0x14 ./Middlewares/Third_Party/FreeRTOS/Source/tasks.o
 .bss.xDelayedTaskList2
                0x20001138       0x14 ./Middlewares/Third_Party/FreeRTOS/Source/tasks.o
 .bss.pxDelayedTaskList
                0x2000114c        0x4 ./Middlewares/Third_Party/FreeRTOS/Source/tasks.o
 .bss.pxOverflowDelayedTaskList
                0x20001150        0x4 ./Middlewares/Third_Party/FreeRTOS/Source/tasks.o
 .bss.xPendingReadyList
                0x20001154       0x14 ./Middlewares/Third_Party/FreeRTOS/Source/tasks.o
 .bss.xTasksWaitingTermination
                0x20001168       0x14 ./Middlewares/Third_Party/FreeRTOS/Source/tasks.o
 .bss.uxDeletedTasksWaitingCleanUp
                0x2000117c        0x4 ./Middlewares/Third_Party/FreeRTOS/Source/tasks.o
 .bss.xSuspendedTaskList
                0x20001180       0x14 ./Middlewares/Third_Party/FreeRTOS/Source/tasks.o
 .bss.uxCurrentNumberOfTasks
                0x20001194        0x4 ./Middlewares/Third_Party/FreeRTOS/Source/tasks.o
 .bss.xTickCount
                0x20001198        0x4 ./Middlewares/Third_Party/FreeRTOS/Source/tasks.o
 .bss.uxTopReadyPriority
                0x2000119c        0x4 ./Middlewares/Third_Party/FreeRTOS/Source/tasks.o
 .bss.xSchedulerRunning
                0x200011a0        0x4 ./Middlewares/Third_Party/FreeRTOS/Source/tasks.o
 .bss.xPendedTicks
                0x200011a4        0x4 ./Middlewares/Third_Party/FreeRTOS/Source/tasks.o
 .bss.xYieldPending
                0x200011a8        0x4 ./Middlewares/Third_Party/FreeRTOS/Source/tasks.o
 .bss.xNumOfOverflows
                0x200011ac        0x4 ./Middlewares/Third_Party/FreeRTOS/Source/tasks.o
 .bss.uxTaskNumber
                0x200011b0        0x4 ./Middlewares/Third_Party/FreeRTOS/Source/tasks.o
 .bss.xNextTaskUnblockTime
                0x200011b4        0x4 ./Middlewares/Third_Party/FreeRTOS/Source/tasks.o
 .bss.xIdleTaskHandle
                0x200011b8        0x4 ./Middlewares/Third_Party/FreeRTOS/Source/tasks.o
 .bss.uxSchedulerSuspended
                0x200011bc        0x4 ./Middlewares/Third_Party/FreeRTOS/Source/tasks.o
 .bss.ucMaxSysCallPriority
                0x200011c0        0x1 ./Middlewares/Third_Party/FreeRTOS/Source/portable/GCC/ARM_CM4F/port.o
 *fill*         0x200011c1        0x3 
 .bss.ulMaxPRIGROUPValue
                0x200011c4        0x4 ./Middlewares/Third_Party/FreeRTOS/Source/portable/GCC/ARM_CM4F/port.o
 .bss.ucHeap    0x200011c8     0x1000 ./Middlewares/Third_Party/FreeRTOS/Source/portable/MemMang/heap_4.o
 .bss.xStart    0x200021c8        0x8 ./Middlewares/Third_Party/FreeRTOS/Source/portable/MemMang/heap_4.o
 .bss.pxEnd     0x200021d0        0x4 ./Middlewares/Third_Party/FreeRTOS/Source/portable/MemMang/heap_4.o
 .bss.xFreeBytesRemaining
                0x200021d4        0x4 ./Middlewares/Third_Party/FreeRTOS/Source/portable/MemMang/heap_4.o
 .bss.xMinimumEverFreeBytesRemaining
                0x200021d8        0x4 ./Middlewares/Third_Party/FreeRTOS/Source/portable/MemMang/heap_4.o
 .bss.xNumberOfSuccessfulAllocations
                0x200021dc        0x4 ./Middlewares/Third_Party/FreeRTOS/Source/portable/MemMang/heap_4.o
 .bss.xNumberOfSuccessfulFrees
                0x200021e0        0x4 ./Middlewares/Third_Party/FreeRTOS/Source/portable/MemMang/heap_4.o
 .bss.xBlockAllocatedBit
                0x200021e4        0x4 ./Middlewares/Third_Party/FreeRTOS/Source/portable/MemMang/heap_4.o
 .bss.hUsbDeviceFS
                0x200021e8      0x2d0 ./USB_Device/App/usb_device.o
                0x200021e8                hUsbDeviceFS
 .bss.UserRxBufferFS
                0x200024b8      0x400 ./USB_Device/App/usbd_cdc_if.o
                0x200024b8                UserRxBufferFS
 .bss.UserTxBufferFS
                0x200028b8      0x400 ./USB_Device/App/usbd_cdc_if.o
                0x200028b8                UserTxBufferFS
 .bss.USBD_StrDesc
                0x20002cb8      0x200 ./USB_Device/App/usbd_desc.o
                0x20002cb8                USBD_StrDesc
 .bss.hpcd_USB_FS
                0x20002eb8      0x2dc ./USB_Device/Target/usbd_conf.o
                0x20002eb8                hpcd_USB_FS
 .bss.mem.0     0x20003194      0x220 ./USB_Device/Target/usbd_conf.o
 .bss.__sf      0x200033b4      0x138 D:/STM32CubeIDE_1.16.0/STM32CubeIDE/plugins/com.st.stm32cube.ide.mcu.externaltools.gnu-tools-for-stm32.12.3.rel1.win32_1.0.200.202406191623/tools/bin/../lib/gcc/arm-none-eabi/12.3.1/../../../../arm-none-eabi/lib/thumb/v7e-m+fp/hard\libc_nano.a(libc_a-findfp.o)
                0x200033b4                __sf
 .bss.__lock___malloc_recursive_mutex
                0x200034ec        0x1 D:/STM32CubeIDE_1.16.0/STM32CubeIDE/plugins/com.st.stm32cube.ide.mcu.externaltools.gnu-tools-for-stm32.12.3.rel1.win32_1.0.200.202406191623/tools/bin/../lib/gcc/arm-none-eabi/12.3.1/../../../../arm-none-eabi/lib/thumb/v7e-m+fp/hard\libc_nano.a(libc_a-lock.o)
                0x200034ec                __lock___malloc_recursive_mutex
 *fill*         0x200034ed        0x3 
 .bss.__malloc_free_list
                0x200034f0        0x4 D:/STM32CubeIDE_1.16.0/STM32CubeIDE/plugins/com.st.stm32cube.ide.mcu.externaltools.gnu-tools-for-stm32.12.3.rel1.win32_1.0.200.202406191623/tools/bin/../lib/gcc/arm-none-eabi/12.3.1/../../../../arm-none-eabi/lib/thumb/v7e-m+fp/hard\libc_nano.a(libc_a-mallocr.o)
                0x200034f0                __malloc_free_list
 *(COMMON)
                0x200034f4                        . = ALIGN (0x4)
                0x200034f4                        _ebss = .
                0x200034f4                        __bss_end__ = _ebss

._user_heap_stack
                0x200034f4      0x604 load address 0x0800e46c
                0x200034f8                        . = ALIGN (0x8)
 *fill*         0x200034f4        0x4 
                [!provide]                        PROVIDE (end = .)
                0x200034f8                        PROVIDE (_end = .)
                0x200036f8                        . = (. + _Min_Heap_Size)
 *fill*         0x200034f8      0x200 
                0x20003af8                        . = (. + _Min_Stack_Size)
 *fill*         0x200036f8      0x400 
                0x20003af8                        . = ALIGN (0x8)

/DISCARD/
 libc.a(*)
 libm.a(*)
 libgcc.a(*)

.ARM.attributes
                0x00000000       0x30
 *(.ARM.attributes)
 .ARM.attributes
                0x00000000       0x22 D:/STM32CubeIDE_1.16.0/STM32CubeIDE/plugins/com.st.stm32cube.ide.mcu.externaltools.gnu-tools-for-stm32.12.3.rel1.win32_1.0.200.202406191623/tools/bin/../lib/gcc/arm-none-eabi/12.3.1/thumb/v7e-m+fp/hard/crti.o
 .ARM.attributes
                0x00000022       0x34 D:/STM32CubeIDE_1.16.0/STM32CubeIDE/plugins/com.st.stm32cube.ide.mcu.externaltools.gnu-tools-for-stm32.12.3.rel1.win32_1.0.200.202406191623/tools/bin/../lib/gcc/arm-none-eabi/12.3.1/thumb/v7e-m+fp/hard/crtbegin.o
 .ARM.attributes
                0x00000056       0x34 ./Core/Src/LED.o
 .ARM.attributes
                0x0000008a       0x34 ./Core/Src/app_freertos.o
 .ARM.attributes
                0x000000be       0x34 ./Core/Src/button.o
 .ARM.attributes
                0x000000f2       0x34 ./Core/Src/capsense.o
 .ARM.attributes
                0x00000126       0x34 ./Core/Src/dma.o
 .ARM.attributes
                0x0000015a       0x34 ./Core/Src/gpio.o
 .ARM.attributes
                0x0000018e       0x34 ./Core/Src/main.o
 .ARM.attributes
                0x000001c2       0x34 ./Core/Src/slider.o
 .ARM.attributes
                0x000001f6       0x34 ./Core/Src/stm32g4xx_hal_msp.o
 .ARM.attributes
                0x0000022a       0x34 ./Core/Src/stm32g4xx_hal_timebase_tim.o
 .ARM.attributes
                0x0000025e       0x34 ./Core/Src/stm32g4xx_it.o
 .ARM.attributes
                0x00000292       0x34 ./Core/Src/system_stm32g4xx.o
 .ARM.attributes
                0x000002c6       0x34 ./Core/Src/tim.o
 .ARM.attributes
                0x000002fa       0x34 ./Core/Src/usart.o
 .ARM.attributes
                0x0000032e       0x21 ./Core/Startup/startup_stm32g431cbux.o
 .ARM.attributes
                0x0000034f       0x34 ./Drivers/STM32G4xx_HAL_Driver/Src/stm32g4xx_hal.o
 .ARM.attributes
                0x00000383       0x34 ./Drivers/STM32G4xx_HAL_Driver/Src/stm32g4xx_hal_cortex.o
 .ARM.attributes
                0x000003b7       0x34 ./Drivers/STM32G4xx_HAL_Driver/Src/stm32g4xx_hal_dma.o
 .ARM.attributes
                0x000003eb       0x34 ./Drivers/STM32G4xx_HAL_Driver/Src/stm32g4xx_hal_gpio.o
 .ARM.attributes
                0x0000041f       0x34 ./Drivers/STM32G4xx_HAL_Driver/Src/stm32g4xx_hal_pcd.o
 .ARM.attributes
                0x00000453       0x34 ./Drivers/STM32G4xx_HAL_Driver/Src/stm32g4xx_hal_pcd_ex.o
 .ARM.attributes
                0x00000487       0x34 ./Drivers/STM32G4xx_HAL_Driver/Src/stm32g4xx_hal_pwr_ex.o
 .ARM.attributes
                0x000004bb       0x34 ./Drivers/STM32G4xx_HAL_Driver/Src/stm32g4xx_hal_rcc.o
 .ARM.attributes
                0x000004ef       0x34 ./Drivers/STM32G4xx_HAL_Driver/Src/stm32g4xx_hal_rcc_ex.o
 .ARM.attributes
                0x00000523       0x34 ./Drivers/STM32G4xx_HAL_Driver/Src/stm32g4xx_hal_tim.o
 .ARM.attributes
                0x00000557       0x34 ./Drivers/STM32G4xx_HAL_Driver/Src/stm32g4xx_hal_tim_ex.o
 .ARM.attributes
                0x0000058b       0x34 ./Drivers/STM32G4xx_HAL_Driver/Src/stm32g4xx_hal_uart.o
 .ARM.attributes
                0x000005bf       0x34 ./Drivers/STM32G4xx_HAL_Driver/Src/stm32g4xx_hal_uart_ex.o
 .ARM.attributes
                0x000005f3       0x34 ./Drivers/STM32G4xx_HAL_Driver/Src/stm32g4xx_ll_usb.o
 .ARM.attributes
                0x00000627       0x34 ./Middlewares/ST/STM32_USB_Device_Library/Class/CDC/Src/usbd_cdc.o
 .ARM.attributes
                0x0000065b       0x34 ./Middlewares/ST/STM32_USB_Device_Library/Core/Src/usbd_core.o
 .ARM.attributes
                0x0000068f       0x34 ./Middlewares/ST/STM32_USB_Device_Library/Core/Src/usbd_ctlreq.o
 .ARM.attributes
                0x000006c3       0x34 ./Middlewares/ST/STM32_USB_Device_Library/Core/Src/usbd_ioreq.o
 .ARM.attributes
                0x000006f7       0x34 ./Middlewares/Third_Party/FreeRTOS/Source/CMSIS_RTOS/cmsis_os.o
 .ARM.attributes
                0x0000072b       0x34 ./Middlewares/Third_Party/FreeRTOS/Source/list.o
 .ARM.attributes
                0x0000075f       0x34 ./Middlewares/Third_Party/FreeRTOS/Source/tasks.o
 .ARM.attributes
                0x00000793       0x34 ./Middlewares/Third_Party/FreeRTOS/Source/portable/GCC/ARM_CM4F/port.o
 .ARM.attributes
                0x000007c7       0x34 ./Middlewares/Third_Party/FreeRTOS/Source/portable/MemMang/heap_4.o
 .ARM.attributes
                0x000007fb       0x34 ./USB_Device/App/usb_device.o
 .ARM.attributes
                0x0000082f       0x34 ./USB_Device/App/usbd_cdc_if.o
 .ARM.attributes
                0x00000863       0x34 ./USB_Device/App/usbd_desc.o
 .ARM.attributes
                0x00000897       0x34 ./USB_Device/Target/usbd_conf.o
 .ARM.attributes
                0x000008cb       0x34 D:/STM32CubeIDE_1.16.0/STM32CubeIDE/plugins/com.st.stm32cube.ide.mcu.externaltools.gnu-tools-for-stm32.12.3.rel1.win32_1.0.200.202406191623/tools/bin/../lib/gcc/arm-none-eabi/12.3.1/../../../../arm-none-eabi/lib/thumb/v7e-m+fp/hard\libc_nano.a(libc_a-findfp.o)
 .ARM.attributes
                0x000008ff       0x34 D:/STM32CubeIDE_1.16.0/STM32CubeIDE/plugins/com.st.stm32cube.ide.mcu.externaltools.gnu-tools-for-stm32.12.3.rel1.win32_1.0.200.202406191623/tools/bin/../lib/gcc/arm-none-eabi/12.3.1/../../../../arm-none-eabi/lib/thumb/v7e-m+fp/hard\libc_nano.a(libc_a-memset.o)
 .ARM.attributes
                0x00000933       0x34 D:/STM32CubeIDE_1.16.0/STM32CubeIDE/plugins/com.st.stm32cube.ide.mcu.externaltools.gnu-tools-for-stm32.12.3.rel1.win32_1.0.200.202406191623/tools/bin/../lib/gcc/arm-none-eabi/12.3.1/../../../../arm-none-eabi/lib/thumb/v7e-m+fp/hard\libc_nano.a(libc_a-reent.o)
 .ARM.attributes
                0x00000967       0x34 D:/STM32CubeIDE_1.16.0/STM32CubeIDE/plugins/com.st.stm32cube.ide.mcu.externaltools.gnu-tools-for-stm32.12.3.rel1.win32_1.0.200.202406191623/tools/bin/../lib/gcc/arm-none-eabi/12.3.1/../../../../arm-none-eabi/lib/thumb/v7e-m+fp/hard\libc_nano.a(libc_a-impure.o)
 .ARM.attributes
                0x0000099b       0x34 D:/STM32CubeIDE_1.16.0/STM32CubeIDE/plugins/com.st.stm32cube.ide.mcu.externaltools.gnu-tools-for-stm32.12.3.rel1.win32_1.0.200.202406191623/tools/bin/../lib/gcc/arm-none-eabi/12.3.1/../../../../arm-none-eabi/lib/thumb/v7e-m+fp/hard\libc_nano.a(libc_a-init.o)
 .ARM.attributes
                0x000009cf       0x34 D:/STM32CubeIDE_1.16.0/STM32CubeIDE/plugins/com.st.stm32cube.ide.mcu.externaltools.gnu-tools-for-stm32.12.3.rel1.win32_1.0.200.202406191623/tools/bin/../lib/gcc/arm-none-eabi/12.3.1/../../../../arm-none-eabi/lib/thumb/v7e-m+fp/hard\libc_nano.a(libc_a-lock.o)
 .ARM.attributes
                0x00000a03       0x34 D:/STM32CubeIDE_1.16.0/STM32CubeIDE/plugins/com.st.stm32cube.ide.mcu.externaltools.gnu-tools-for-stm32.12.3.rel1.win32_1.0.200.202406191623/tools/bin/../lib/gcc/arm-none-eabi/12.3.1/../../../../arm-none-eabi/lib/thumb/v7e-m+fp/hard\libc_nano.a(libc_a-memcpy-stub.o)
 .ARM.attributes
                0x00000a37       0x34 D:/STM32CubeIDE_1.16.0/STM32CubeIDE/plugins/com.st.stm32cube.ide.mcu.externaltools.gnu-tools-for-stm32.12.3.rel1.win32_1.0.200.202406191623/tools/bin/../lib/gcc/arm-none-eabi/12.3.1/../../../../arm-none-eabi/lib/thumb/v7e-m+fp/hard\libc_nano.a(libc_a-freer.o)
 .ARM.attributes
                0x00000a6b       0x34 D:/STM32CubeIDE_1.16.0/STM32CubeIDE/plugins/com.st.stm32cube.ide.mcu.externaltools.gnu-tools-for-stm32.12.3.rel1.win32_1.0.200.202406191623/tools/bin/../lib/gcc/arm-none-eabi/12.3.1/../../../../arm-none-eabi/lib/thumb/v7e-m+fp/hard\libc_nano.a(libc_a-mallocr.o)
 .ARM.attributes
                0x00000a9f       0x34 D:/STM32CubeIDE_1.16.0/STM32CubeIDE/plugins/com.st.stm32cube.ide.mcu.externaltools.gnu-tools-for-stm32.12.3.rel1.win32_1.0.200.202406191623/tools/bin/../lib/gcc/arm-none-eabi/12.3.1/../../../../arm-none-eabi/lib/thumb/v7e-m+fp/hard\libc_nano.a(libc_a-mlock.o)
 .ARM.attributes
                0x00000ad3       0x22 D:/STM32CubeIDE_1.16.0/STM32CubeIDE/plugins/com.st.stm32cube.ide.mcu.externaltools.gnu-tools-for-stm32.12.3.rel1.win32_1.0.200.202406191623/tools/bin/../lib/gcc/arm-none-eabi/12.3.1/thumb/v7e-m+fp/hard\libgcc.a(_aeabi_uldivmod.o)
 .ARM.attributes
                0x00000af5       0x34 D:/STM32CubeIDE_1.16.0/STM32CubeIDE/plugins/com.st.stm32cube.ide.mcu.externaltools.gnu-tools-for-stm32.12.3.rel1.win32_1.0.200.202406191623/tools/bin/../lib/gcc/arm-none-eabi/12.3.1/thumb/v7e-m+fp/hard\libgcc.a(_udivmoddi4.o)
 .ARM.attributes
                0x00000b29       0x22 D:/STM32CubeIDE_1.16.0/STM32CubeIDE/plugins/com.st.stm32cube.ide.mcu.externaltools.gnu-tools-for-stm32.12.3.rel1.win32_1.0.200.202406191623/tools/bin/../lib/gcc/arm-none-eabi/12.3.1/thumb/v7e-m+fp/hard\libgcc.a(_dvmd_tls.o)
 .ARM.attributes
                0x00000b4b       0x22 D:/STM32CubeIDE_1.16.0/STM32CubeIDE/plugins/com.st.stm32cube.ide.mcu.externaltools.gnu-tools-for-stm32.12.3.rel1.win32_1.0.200.202406191623/tools/bin/../lib/gcc/arm-none-eabi/12.3.1/thumb/v7e-m+fp/hard/crtn.o
OUTPUT(Curva_G431_Mai.elf elf32-littlearm)
LOAD linker stubs
LOAD D:/STM32CubeIDE_1.16.0/STM32CubeIDE/plugins/com.st.stm32cube.ide.mcu.externaltools.gnu-tools-for-stm32.12.3.rel1.win32_1.0.200.202406191623/tools/bin/../lib/gcc/arm-none-eabi/12.3.1/../../../../arm-none-eabi/lib/thumb/v7e-m+fp/hard\libc.a
LOAD D:/STM32CubeIDE_1.16.0/STM32CubeIDE/plugins/com.st.stm32cube.ide.mcu.externaltools.gnu-tools-for-stm32.12.3.rel1.win32_1.0.200.202406191623/tools/bin/../lib/gcc/arm-none-eabi/12.3.1/../../../../arm-none-eabi/lib/thumb/v7e-m+fp/hard\libm.a