../Middlewares/Third_Party/AL94_USB_Composite/COMPOSITE/Class/HID_KEYBOARD/Src/usbd_hid_keyboard.c:489:17:USBD_HID_GetFSCfgDesc	0	static
../Middlewares/Third_Party/AL94_USB_Composite/COMPOSITE/Class/HID_KEYBOARD/Src/usbd_hid_keyboard.c:503:17:USBD_HID_GetHSCfgDesc	0	static
../Middlewares/Third_Party/AL94_USB_Composite/COMPOSITE/Class/HID_KEYBOARD/Src/usbd_hid_keyboard.c:517:17:USBD_HID_GetOtherSpeedCfgDesc	0	static
../Middlewares/Third_Party/AL94_USB_Composite/COMPOSITE/Class/HID_KEYBOARD/Src/usbd_hid_keyboard.c:531:16:USBD_HID_DataIn	0	static
../Middlewares/Third_Party/AL94_USB_Composite/COMPOSITE/Class/HID_KEYBOARD/Src/usbd_hid_keyboard.c:547:17:USBD_HID_GetDeviceQualifierDesc	0	static
../Middlewares/Third_Party/AL94_USB_Composite/COMPOSITE/Class/HID_KEYBOARD/Src/usbd_hid_keyboard.c:364:16:USBD_HID_Setup	24	static
../Middlewares/Third_Party/AL94_USB_Composite/COMPOSITE/Class/HID_KEYBOARD/Src/usbd_hid_keyboard.c:336:16:USBD_HID_DeInit	16	static
../Middlewares/Third_Party/AL94_USB_Composite/COMPOSITE/Class/HID_KEYBOARD/Src/usbd_hid_keyboard.c:295:16:USBD_HID_Init	16	static
../Middlewares/Third_Party/AL94_USB_Composite/COMPOSITE/Class/HID_KEYBOARD/Src/usbd_hid_keyboard.c:561:9:USBD_HID_Keybaord_SendReport	8	static
../Middlewares/Third_Party/AL94_USB_Composite/COMPOSITE/Class/HID_KEYBOARD/Src/usbd_hid_keyboard.c:588:10:USBD_HID_Keyboard_GetPollingInterval	0	static
../Middlewares/Third_Party/AL94_USB_Composite/COMPOSITE/Class/HID_KEYBOARD/Src/usbd_hid_keyboard.c:610:6:USBD_Update_HID_KBD_DESC	0	static
