../USB_Device/Target/usbd_conf.c:778:20:USBD_Get_USB_Status	0	static
../USB_Device/Target/usbd_conf.c:72:6:HAL_PCD_MspInit	80	static
../USB_Device/Target/usbd_conf.c:108:6:HAL_PCD_MspDeInit	8	static
../USB_Device/Target/usbd_conf.c:138:6:HAL_PCD_SetupStageCallback	0	static
../USB_Device/Target/usbd_conf.c:159:6:HAL_PCD_DataOutStageCallback	0	static
../USB_Device/Target/usbd_conf.c:180:6:HAL_PCD_DataInStageCallback	0	static
../USB_Device/Target/usbd_conf.c:200:6:HAL_PCD_SOFCallback	0	static
../USB_Device/Target/usbd_conf.c:220:6:HAL_PCD_ResetCallback	8	static
../USB_Device/Target/usbd_conf.c:251:6:HAL_PCD_SuspendCallback	8	static
../USB_Device/Target/usbd_conf.c:281:6:HAL_PCD_ResumeCallback	8	static
../USB_Device/Target/usbd_conf.c:312:6:HAL_PCD_ISOOUTIncompleteCallback	0	static
../USB_Device/Target/usbd_conf.c:333:6:HAL_PCD_ISOINIncompleteCallback	0	static
../USB_Device/Target/usbd_conf.c:353:6:HAL_PCD_ConnectCallback	0	static
../USB_Device/Target/usbd_conf.c:373:6:HAL_PCD_DisconnectCallback	0	static
../USB_Device/Target/usbd_conf.c:398:20:USBD_LL_Init	8	static
../USB_Device/Target/usbd_conf.c:463:20:USBD_LL_DeInit	8	static
../USB_Device/Target/usbd_conf.c:480:20:USBD_LL_Start	8	static
../USB_Device/Target/usbd_conf.c:497:20:USBD_LL_Stop	8	static
../USB_Device/Target/usbd_conf.c:517:20:USBD_LL_OpenEP	8	static
../USB_Device/Target/usbd_conf.c:535:20:USBD_LL_CloseEP	8	static
../USB_Device/Target/usbd_conf.c:553:20:USBD_LL_FlushEP	8	static
../USB_Device/Target/usbd_conf.c:571:20:USBD_LL_StallEP	8	static
../USB_Device/Target/usbd_conf.c:589:20:USBD_LL_ClearStallEP	8	static
../USB_Device/Target/usbd_conf.c:607:9:USBD_LL_IsStallEP	0	static
../USB_Device/Target/usbd_conf.c:627:20:USBD_LL_SetUSBAddress	8	static
../USB_Device/Target/usbd_conf.c:647:20:USBD_LL_Transmit	8	static
../USB_Device/Target/usbd_conf.c:667:20:USBD_LL_PrepareReceive	8	static
../USB_Device/Target/usbd_conf.c:685:10:USBD_LL_GetRxDataSize	0	static
../USB_Device/Target/usbd_conf.c:699:6:HAL_PCDEx_LPM_Callback	8	static
../USB_Device/Target/usbd_conf.c:735:6:USBD_LL_Delay	0	static
../USB_Device/Target/usbd_conf.c:745:7:USBD_static_malloc	0	static
../USB_Device/Target/usbd_conf.c:756:6:USBD_static_free	0	static
