../Core/Src/LED.c:66:6:LED_set	8	static
../Core/Src/LED.c:77:6:LED_refresh	16	static
../Core/Src/LED.c:96:6:FET_LED_Init	8	static
../Core/Src/LED.c:104:6:FET_LED_Update	0	static
../Core/Src/LED.c:109:6:LED_UART_Init	16	static
../Core/Src/LED.c:119:6:LED_UART_IRQHandler	8	static
../Core/Src/LED.c:130:6:LED_Fade_IRQHandler	40	static
../Core/Src/LED.c:154:9:led_packet_check	20	static
../Core/Src/LED.c:198:6:led_packet_write	24	static
../Core/Src/LED.c:227:6:res_init	12	static
../Core/Src/LED.c:236:6:LED_Task_Process	16	static
